<?xml version="1.0"?>
<link_info>
   <banner>MSP430 Linker PC v4.2.1</banner>
   <copyright>Copyright (c) 2003-2013 Texas Instruments Incorporated</copyright>
   <link_time>0x529d92c9</link_time>
   <link_errors>0x0</link_errors>
   <output_file>MSP-EXP430F5529UserExperience.out</output_file>
   <entry_point>
      <name>_c_int00</name>
      <address>0x4708</address>
   </entry_point>
   <input_file_list>
      <input_file id="fl-2">
         <path>.\USB\USB_API\USB_PHDC_API\</path>
         <kind>object</kind>
         <file>UsbPHDC.obj</file>
         <name>UsbPHDC.obj</name>
      </input_file>
      <input_file id="fl-3">
         <path>.\USB\USB_User\</path>
         <kind>object</kind>
         <file>usbEventHandling.obj</file>
         <name>usbEventHandling.obj</name>
      </input_file>
      <input_file id="fl-4">
         <path>.\</path>
         <kind>object</kind>
         <file>system_pre_init.obj</file>
         <name>system_pre_init.obj</name>
      </input_file>
      <input_file id="fl-5">
         <path>.\</path>
         <kind>object</kind>
         <file>UserExperience.obj</file>
         <name>UserExperience.obj</name>
      </input_file>
      <input_file id="fl-c">
         <path>..\</path>
         <kind>archive</kind>
         <file>MSP-EXP430F5529_UE.lib</file>
         <name>HAL_UCS.obj</name>
      </input_file>
      <input_file id="fl-d">
         <path>..\</path>
         <kind>archive</kind>
         <file>MSP-EXP430F5529_UE.lib</file>
         <name>HAL_PMM.obj</name>
      </input_file>
      <input_file id="fl-e">
         <path>..\</path>
         <kind>archive</kind>
         <file>MSP-EXP430F5529_UE.lib</file>
         <name>HAL_Wheel.obj</name>
      </input_file>
      <input_file id="fl-f">
         <path>..\</path>
         <kind>archive</kind>
         <file>MSP-EXP430F5529_UE.lib</file>
         <name>HAL_Menu.obj</name>
      </input_file>
      <input_file id="fl-10">
         <path>..\</path>
         <kind>archive</kind>
         <file>MSP-EXP430F5529_UE.lib</file>
         <name>HAL_Dogs102x6.obj</name>
      </input_file>
      <input_file id="fl-11">
         <path>..\</path>
         <kind>archive</kind>
         <file>MSP-EXP430F5529_UE.lib</file>
         <name>HAL_Cma3000.obj</name>
      </input_file>
      <input_file id="fl-12">
         <path>..\</path>
         <kind>archive</kind>
         <file>MSP-EXP430F5529_UE.lib</file>
         <name>HAL_Buttons.obj</name>
      </input_file>
      <input_file id="fl-13">
         <path>..\</path>
         <kind>archive</kind>
         <file>MSP-EXP430F5529_UE.lib</file>
         <name>HAL_Board.obj</name>
      </input_file>
      <input_file id="fl-14">
         <path>..\</path>
         <kind>archive</kind>
         <file>MSP-EXP430F5529_UE.lib</file>
         <name>usb.obj</name>
      </input_file>
      <input_file id="fl-15">
         <path>..\</path>
         <kind>archive</kind>
         <file>MSP-EXP430F5529_UE.lib</file>
         <name>dma.obj</name>
      </input_file>
      <input_file id="fl-16">
         <path>..\</path>
         <kind>archive</kind>
         <file>MSP-EXP430F5529_UE.lib</file>
         <name>UsbHid.obj</name>
      </input_file>
      <input_file id="fl-17">
         <path>..\</path>
         <kind>archive</kind>
         <file>MSP-EXP430F5529_UE.lib</file>
         <name>UsbMscScsi.obj</name>
      </input_file>
      <input_file id="fl-18">
         <path>..\</path>
         <kind>archive</kind>
         <file>MSP-EXP430F5529_UE.lib</file>
         <name>UsbMscReq.obj</name>
      </input_file>
      <input_file id="fl-19">
         <path>..\</path>
         <kind>archive</kind>
         <file>MSP-EXP430F5529_UE.lib</file>
         <name>UsbMscUser.obj</name>
      </input_file>
      <input_file id="fl-1a">
         <path>..\</path>
         <kind>archive</kind>
         <file>MSP-EXP430F5529_UE.lib</file>
         <name>descriptors.obj</name>
      </input_file>
      <input_file id="fl-1b">
         <path>..\</path>
         <kind>archive</kind>
         <file>MSP-EXP430F5529_UE.lib</file>
         <name>UsbIsr.obj</name>
      </input_file>
      <input_file id="fl-1c">
         <path>..\</path>
         <kind>archive</kind>
         <file>MSP-EXP430F5529_UE.lib</file>
         <name>Settings.obj</name>
      </input_file>
      <input_file id="fl-1d">
         <path>..\</path>
         <kind>archive</kind>
         <file>MSP-EXP430F5529_UE.lib</file>
         <name>SDCard.obj</name>
      </input_file>
      <input_file id="fl-1e">
         <path>..\</path>
         <kind>archive</kind>
         <file>MSP-EXP430F5529_UE.lib</file>
         <name>PowerTest.obj</name>
      </input_file>
      <input_file id="fl-1f">
         <path>..\</path>
         <kind>archive</kind>
         <file>MSP-EXP430F5529_UE.lib</file>
         <name>PMM.obj</name>
      </input_file>
      <input_file id="fl-20">
         <path>..\</path>
         <kind>archive</kind>
         <file>MSP-EXP430F5529_UE.lib</file>
         <name>MenuGames.obj</name>
      </input_file>
      <input_file id="fl-21">
         <path>..\</path>
         <kind>archive</kind>
         <file>MSP-EXP430F5529_UE.lib</file>
         <name>LPM.obj</name>
      </input_file>
      <input_file id="fl-22">
         <path>..\</path>
         <kind>archive</kind>
         <file>MSP-EXP430F5529_UE.lib</file>
         <name>DemoApps.obj</name>
      </input_file>
      <input_file id="fl-23">
         <path>..\</path>
         <kind>archive</kind>
         <file>MSP-EXP430F5529_UE.lib</file>
         <name>Clock.obj</name>
      </input_file>
      <input_file id="fl-24">
         <path>..\</path>
         <kind>archive</kind>
         <file>MSP-EXP430F5529_UE.lib</file>
         <name>5xx_ACTIVE_test.obj</name>
      </input_file>
      <input_file id="fl-25">
         <path>..\</path>
         <kind>archive</kind>
         <file>MSP-EXP430F5529_UE.lib</file>
         <name>structure.obj</name>
      </input_file>
      <input_file id="fl-26">
         <path>..\</path>
         <kind>archive</kind>
         <file>MSP-EXP430F5529_UE.lib</file>
         <name>CTS_Layer.obj</name>
      </input_file>
      <input_file id="fl-27">
         <path>..\</path>
         <kind>archive</kind>
         <file>MSP-EXP430F5529_UE.lib</file>
         <name>CTS_HAL.obj</name>
      </input_file>
      <input_file id="fl-28">
         <path>..\</path>
         <kind>archive</kind>
         <file>MSP-EXP430F5529_UE.lib</file>
         <name>HAL_TLV.obj</name>
      </input_file>
      <input_file id="fl-29">
         <path>..\</path>
         <kind>archive</kind>
         <file>MSP-EXP430F5529_UE.lib</file>
         <name>ff.obj</name>
      </input_file>
      <input_file id="fl-2a">
         <path>..\</path>
         <kind>archive</kind>
         <file>MSP-EXP430F5529_UE.lib</file>
         <name>UsbCdc.obj</name>
      </input_file>
      <input_file id="fl-2b">
         <path>..\</path>
         <kind>archive</kind>
         <file>MSP-EXP430F5529_UE.lib</file>
         <name>UsbHidReq.obj</name>
      </input_file>
      <input_file id="fl-2c">
         <path>..\</path>
         <kind>archive</kind>
         <file>MSP-EXP430F5529_UE.lib</file>
         <name>UsbMscStateMachine.obj</name>
      </input_file>
      <input_file id="fl-2d">
         <path>..\</path>
         <kind>archive</kind>
         <file>MSP-EXP430F5529_UE.lib</file>
         <name>Puzzle.obj</name>
      </input_file>
      <input_file id="fl-2e">
         <path>..\</path>
         <kind>archive</kind>
         <file>MSP-EXP430F5529_UE.lib</file>
         <name>Random.obj</name>
      </input_file>
      <input_file id="fl-2f">
         <path>..\</path>
         <kind>archive</kind>
         <file>MSP-EXP430F5529_UE.lib</file>
         <name>Mouse.obj</name>
      </input_file>
      <input_file id="fl-30">
         <path>..\</path>
         <kind>archive</kind>
         <file>MSP-EXP430F5529_UE.lib</file>
         <name>MassStorageCommon.obj</name>
      </input_file>
      <input_file id="fl-31">
         <path>..\</path>
         <kind>archive</kind>
         <file>MSP-EXP430F5529_UE.lib</file>
         <name>MassStorage.obj</name>
      </input_file>
      <input_file id="fl-32">
         <path>..\</path>
         <kind>archive</kind>
         <file>MSP-EXP430F5529_UE.lib</file>
         <name>EchoUsb.obj</name>
      </input_file>
      <input_file id="fl-33">
         <path>..\</path>
         <kind>archive</kind>
         <file>MSP-EXP430F5529_UE.lib</file>
         <name>Demo_Cube.obj</name>
      </input_file>
      <input_file id="fl-34">
         <path>..\</path>
         <kind>archive</kind>
         <file>MSP-EXP430F5529_UE.lib</file>
         <name>mmc.obj</name>
      </input_file>
      <input_file id="fl-35">
         <path>..\</path>
         <kind>archive</kind>
         <file>MSP-EXP430F5529_UE.lib</file>
         <name>HAL_SDCard.obj</name>
      </input_file>
      <input_file id="fl-36">
         <path>..\</path>
         <kind>archive</kind>
         <file>MSP-EXP430F5529_UE.lib</file>
         <name>usbConstructs.obj</name>
      </input_file>
      <input_file id="fl-37">
         <path>..\</path>
         <kind>archive</kind>
         <file>MSP-EXP430F5529_UE.lib</file>
         <name>fsm_transition.obj</name>
      </input_file>
      <input_file id="fl-38">
         <path>..\</path>
         <kind>archive</kind>
         <file>MSP-EXP430F5529_UE.lib</file>
         <name>fsm.obj</name>
      </input_file>
      <input_file id="fl-4e">
         <path>C:\Users\daniel\ccsv5\tools\compiler\msp430_4.2.1\lib\</path>
         <kind>archive</kind>
         <file>rts430xl.lib</file>
         <name>asr16.obj</name>
      </input_file>
      <input_file id="fl-4f">
         <path>C:\Users\daniel\ccsv5\tools\compiler\msp430_4.2.1\lib\</path>
         <kind>archive</kind>
         <file>rts430xl.lib</file>
         <name>asr32.obj</name>
      </input_file>
      <input_file id="fl-50">
         <path>C:\Users\daniel\ccsv5\tools\compiler\msp430_4.2.1\lib\</path>
         <kind>archive</kind>
         <file>rts430xl.lib</file>
         <name>boot.obj</name>
      </input_file>
      <input_file id="fl-51">
         <path>C:\Users\daniel\ccsv5\tools\compiler\msp430_4.2.1\lib\</path>
         <kind>archive</kind>
         <file>rts430xl.lib</file>
         <name>copy_decompress_none.obj</name>
      </input_file>
      <input_file id="fl-52">
         <path>C:\Users\daniel\ccsv5\tools\compiler\msp430_4.2.1\lib\</path>
         <kind>archive</kind>
         <file>rts430xl.lib</file>
         <name>copy_decompress_rle.obj</name>
      </input_file>
      <input_file id="fl-53">
         <path>C:\Users\daniel\ccsv5\tools\compiler\msp430_4.2.1\lib\</path>
         <kind>archive</kind>
         <file>rts430xl.lib</file>
         <name>copy_zero_init.obj</name>
      </input_file>
      <input_file id="fl-54">
         <path>C:\Users\daniel\ccsv5\tools\compiler\msp430_4.2.1\lib\</path>
         <kind>archive</kind>
         <file>rts430xl.lib</file>
         <name>div16s.obj</name>
      </input_file>
      <input_file id="fl-55">
         <path>C:\Users\daniel\ccsv5\tools\compiler\msp430_4.2.1\lib\</path>
         <kind>archive</kind>
         <file>rts430xl.lib</file>
         <name>div16u.obj</name>
      </input_file>
      <input_file id="fl-56">
         <path>C:\Users\daniel\ccsv5\tools\compiler\msp430_4.2.1\lib\</path>
         <kind>archive</kind>
         <file>rts430xl.lib</file>
         <name>div32u.obj</name>
      </input_file>
      <input_file id="fl-57">
         <path>C:\Users\daniel\ccsv5\tools\compiler\msp430_4.2.1\lib\</path>
         <kind>archive</kind>
         <file>rts430xl.lib</file>
         <name>exit.obj</name>
      </input_file>
      <input_file id="fl-58">
         <path>C:\Users\daniel\ccsv5\tools\compiler\msp430_4.2.1\lib\</path>
         <kind>archive</kind>
         <file>rts430xl.lib</file>
         <name>lsl16.obj</name>
      </input_file>
      <input_file id="fl-59">
         <path>C:\Users\daniel\ccsv5\tools\compiler\msp430_4.2.1\lib\</path>
         <kind>archive</kind>
         <file>rts430xl.lib</file>
         <name>lsl32.obj</name>
      </input_file>
      <input_file id="fl-5a">
         <path>C:\Users\daniel\ccsv5\tools\compiler\msp430_4.2.1\lib\</path>
         <kind>archive</kind>
         <file>rts430xl.lib</file>
         <name>lsr16.obj</name>
      </input_file>
      <input_file id="fl-5b">
         <path>C:\Users\daniel\ccsv5\tools\compiler\msp430_4.2.1\lib\</path>
         <kind>archive</kind>
         <file>rts430xl.lib</file>
         <name>lsr32.obj</name>
      </input_file>
      <input_file id="fl-5c">
         <path>C:\Users\daniel\ccsv5\tools\compiler\msp430_4.2.1\lib\</path>
         <kind>archive</kind>
         <file>rts430xl.lib</file>
         <name>memcpy.obj</name>
      </input_file>
      <input_file id="fl-5d">
         <path>C:\Users\daniel\ccsv5\tools\compiler\msp430_4.2.1\lib\</path>
         <kind>archive</kind>
         <file>rts430xl.lib</file>
         <name>memset.obj</name>
      </input_file>
      <input_file id="fl-5e">
         <path>C:\Users\daniel\ccsv5\tools\compiler\msp430_4.2.1\lib\</path>
         <kind>archive</kind>
         <file>rts430xl.lib</file>
         <name>mult1632_f5hw.obj</name>
      </input_file>
      <input_file id="fl-5f">
         <path>C:\Users\daniel\ccsv5\tools\compiler\msp430_4.2.1\lib\</path>
         <kind>archive</kind>
         <file>rts430xl.lib</file>
         <name>mult16_f5hw.obj</name>
      </input_file>
      <input_file id="fl-60">
         <path>C:\Users\daniel\ccsv5\tools\compiler\msp430_4.2.1\lib\</path>
         <kind>archive</kind>
         <file>rts430xl.lib</file>
         <name>mult32_f5hw.obj</name>
      </input_file>
      <input_file id="fl-61">
         <path>C:\Users\daniel\ccsv5\tools\compiler\msp430_4.2.1\lib\</path>
         <kind>archive</kind>
         <file>rts430xl.lib</file>
         <name>rand.obj</name>
      </input_file>
      <input_file id="fl-62">
         <path>C:\Users\daniel\ccsv5\tools\compiler\msp430_4.2.1\lib\</path>
         <kind>archive</kind>
         <file>rts430xl.lib</file>
         <name>rotl32.obj</name>
      </input_file>
      <input_file id="fl-63">
         <path>C:\Users\daniel\ccsv5\tools\compiler\msp430_4.2.1\lib\</path>
         <kind>archive</kind>
         <file>rts430xl.lib</file>
         <name>_lock.obj</name>
      </input_file>
      <input_file id="fl-64">
         <path>C:\Users\daniel\ccsv5\tools\compiler\msp430_4.2.1\lib\</path>
         <kind>archive</kind>
         <file>rts430xl.lib</file>
         <name>args_main.obj</name>
      </input_file>
      <input_file id="fl-65">
         <path>C:\Users\daniel\ccsv5\tools\compiler\msp430_4.2.1\lib\</path>
         <kind>archive</kind>
         <file>rts430xl.lib</file>
         <name>autoinit.obj</name>
      </input_file>
   </input_file_list>
   <object_component_list>
      <object_component id="oc-5b">
         <name>.bss</name>
         <uninitialized>true</uninitialized>
         <run_address>0x3c66</run_address>
         <size>0x2</size>
         <input_file_ref idref="fl-5"/>
      </object_component>
      <object_component id="oc-69">
         <name>.bss</name>
         <uninitialized>true</uninitialized>
         <run_address>0x3c58</run_address>
         <size>0x4</size>
         <input_file_ref idref="fl-e"/>
      </object_component>
      <object_component id="oc-74">
         <name>.bss</name>
         <uninitialized>true</uninitialized>
         <run_address>0x30c4</run_address>
         <size>0x348</size>
         <input_file_ref idref="fl-10"/>
      </object_component>
      <object_component id="oc-7a">
         <name>.bss</name>
         <uninitialized>true</uninitialized>
         <run_address>0x3c28</run_address>
         <size>0x8</size>
         <input_file_ref idref="fl-11"/>
      </object_component>
      <object_component id="oc-7f">
         <name>.bss</name>
         <uninitialized>true</uninitialized>
         <run_address>0x3c54</run_address>
         <size>0x4</size>
         <input_file_ref idref="fl-12"/>
      </object_component>
      <object_component id="oc-8f">
         <name>.bss</name>
         <uninitialized>true</uninitialized>
         <run_address>0x3aba</run_address>
         <size>0x4c</size>
         <input_file_ref idref="fl-14"/>
      </object_component>
      <object_component id="oc-96">
         <name>.bss</name>
         <uninitialized>true</uninitialized>
         <run_address>0x3c30</run_address>
         <size>0x8</size>
         <input_file_ref idref="fl-15"/>
      </object_component>
      <object_component id="oc-9b">
         <name>.bss</name>
         <uninitialized>true</uninitialized>
         <run_address>0x3b78</run_address>
         <size>0x28</size>
         <input_file_ref idref="fl-16"/>
      </object_component>
      <object_component id="oc-a1">
         <name>.bss</name>
         <uninitialized>true</uninitialized>
         <run_address>0x365a</run_address>
         <size>0x1f6</size>
         <input_file_ref idref="fl-17"/>
      </object_component>
      <object_component id="oc-ac">
         <name>.bss</name>
         <uninitialized>true</uninitialized>
         <run_address>0x3be9</run_address>
         <size>0x1f</size>
         <input_file_ref idref="fl-19"/>
      </object_component>
      <object_component id="oc-bd">
         <name>.bss</name>
         <uninitialized>true</uninitialized>
         <run_address>0x340c</run_address>
         <size>0x24e</size>
         <input_file_ref idref="fl-1d"/>
      </object_component>
      <object_component id="oc-c9">
         <name>.bss</name>
         <uninitialized>true</uninitialized>
         <run_address>0x3c63</run_address>
         <size>0x2</size>
         <input_file_ref idref="fl-1f"/>
      </object_component>
      <object_component id="oc-d0">
         <name>.bss</name>
         <uninitialized>true</uninitialized>
         <run_address>0x2400</run_address>
         <size>0x6b0</size>
         <input_file_ref idref="fl-20"/>
      </object_component>
      <object_component id="oc-e3">
         <name>.bss</name>
         <uninitialized>true</uninitialized>
         <run_address>0x3ba0</run_address>
         <size>0x27</size>
         <input_file_ref idref="fl-23"/>
      </object_component>
      <object_component id="oc-ed">
         <name>.bss</name>
         <uninitialized>true</uninitialized>
         <run_address>0x3bc7</run_address>
         <size>0x22</size>
         <input_file_ref idref="fl-24"/>
      </object_component>
      <object_component id="oc-f4">
         <name>.bss</name>
         <uninitialized>true</uninitialized>
         <run_address>0x3c08</run_address>
         <size>0x16</size>
         <input_file_ref idref="fl-26"/>
      </object_component>
      <object_component id="oc-102">
         <name>.bss</name>
         <uninitialized>true</uninitialized>
         <run_address>0x3c48</run_address>
         <size>0x6</size>
         <input_file_ref idref="fl-29"/>
      </object_component>
      <object_component id="oc-108">
         <name>.bss</name>
         <uninitialized>true</uninitialized>
         <run_address>0x3b4a</run_address>
         <size>0x2e</size>
         <input_file_ref idref="fl-2a"/>
      </object_component>
      <object_component id="oc-115">
         <name>.bss</name>
         <uninitialized>true</uninitialized>
         <run_address>0x3c65</run_address>
         <size>0x1</size>
         <input_file_ref idref="fl-2d"/>
      </object_component>
      <object_component id="oc-11d">
         <name>.bss</name>
         <uninitialized>true</uninitialized>
         <run_address>0x3b06</run_address>
         <size>0x44</size>
         <input_file_ref idref="fl-2e"/>
      </object_component>
      <object_component id="oc-123">
         <name>.bss</name>
         <uninitialized>true</uninitialized>
         <run_address>0x3c4e</run_address>
         <size>0x5</size>
         <input_file_ref idref="fl-2f"/>
      </object_component>
      <object_component id="oc-12c">
         <name>.bss</name>
         <uninitialized>true</uninitialized>
         <run_address>0x2ab0</run_address>
         <size>0x614</size>
         <input_file_ref idref="fl-30"/>
      </object_component>
      <object_component id="oc-133">
         <name>.bss</name>
         <uninitialized>true</uninitialized>
         <run_address>0x3c53</run_address>
         <size>0x1</size>
         <input_file_ref idref="fl-31"/>
      </object_component>
      <object_component id="oc-13a">
         <name>.bss</name>
         <uninitialized>true</uninitialized>
         <run_address>0x3a38</run_address>
         <size>0x82</size>
         <input_file_ref idref="fl-32"/>
      </object_component>
      <object_component id="oc-140">
         <name>.bss</name>
         <uninitialized>true</uninitialized>
         <run_address>0x3850</run_address>
         <size>0x1e8</size>
         <input_file_ref idref="fl-33"/>
      </object_component>
      <object_component id="oc-147">
         <name>.bss</name>
         <uninitialized>true</uninitialized>
         <run_address>0x3c60</run_address>
         <size>0x3</size>
         <input_file_ref idref="fl-34"/>
      </object_component>
      <object_component id="oc-155">
         <name>.bss</name>
         <uninitialized>true</uninitialized>
         <run_address>0x3c1e</run_address>
         <size>0xa</size>
         <input_file_ref idref="fl-37"/>
      </object_component>
      <object_component id="oc-15b">
         <name>.bss</name>
         <uninitialized>true</uninitialized>
         <run_address>0x3c68</run_address>
         <size>0x1</size>
         <input_file_ref idref="fl-38"/>
      </object_component>
      <object_component id="oc-167">
         <name>.bss</name>
         <uninitialized>true</uninitialized>
         <run_address>0x3c40</run_address>
         <size>0x8</size>
         <input_file_ref idref="fl-50"/>
      </object_component>
      <object_component id="oc-1ab">
         <name>.bss</name>
         <uninitialized>true</uninitialized>
         <run_address>0x3c5c</run_address>
         <size>0x4</size>
         <input_file_ref idref="fl-61"/>
      </object_component>
      <object_component id="oc-1b5">
         <name>.bss</name>
         <uninitialized>true</uninitialized>
         <run_address>0x3c38</run_address>
         <size>0x8</size>
         <input_file_ref idref="fl-63"/>
      </object_component>
      <object_component id="oc-169">
         <name>.stack</name>
         <uninitialized>true</uninitialized>
         <run_address>0x4360</run_address>
         <size>0x4</size>
         <input_file_ref idref="fl-50"/>
      </object_component>
      <object_component id="oc-3a3">
         <name>.stack</name>
         <uninitialized>true</uninitialized>
         <run_address>0x4360</run_address>
         <size>0x0</size>
      </object_component>
      <object_component id="oc-2d0">
         <name>.text:chk_mounted</name>
         <load_address>0x49a4</load_address>
         <run_address>0x49a4</run_address>
         <size>0x91e</size>
         <input_file_ref idref="fl-29"/>
      </object_component>
      <object_component id="oc-251">
         <name>.text:SetTime</name>
         <load_address>0x52c2</load_address>
         <run_address>0x52c2</run_address>
         <size>0x868</size>
         <input_file_ref idref="fl-23"/>
      </object_component>
      <object_component id="oc-305">
         <name>.text:RandomNumber</name>
         <load_address>0x5b2a</load_address>
         <run_address>0x5b2a</run_address>
         <size>0x4c6</size>
         <input_file_ref idref="fl-2e"/>
      </object_component>
      <object_component id="oc-31c">
         <name>.text:Rotate3DPointXYZ</name>
         <load_address>0x5ff0</load_address>
         <run_address>0x5ff0</run_address>
         <size>0x4ba</size>
         <input_file_ref idref="fl-33"/>
      </object_component>
      <object_component id="oc-24c">
         <name>.text:LaunchpadDef</name>
         <load_address>0x64aa</load_address>
         <run_address>0x64aa</run_address>
         <size>0x46e</size>
         <input_file_ref idref="fl-20"/>
      </object_component>
      <object_component id="oc-1ca">
         <name>.text:MSCFromHostToBuffer</name>
         <load_address>0x6918</load_address>
         <run_address>0x6918</run_address>
         <size>0x40e</size>
         <input_file_ref idref="fl-17"/>
      </object_component>
      <object_component id="oc-32c">
         <name>.text:USBMSC_bufferProcessed</name>
         <load_address>0x6d26</load_address>
         <run_address>0x6d26</run_address>
         <size>0x3bc</size>
         <input_file_ref idref="fl-17"/>
      </object_component>
      <object_component id="oc-24b">
         <name>.text:Simon</name>
         <load_address>0x70e2</load_address>
         <run_address>0x70e2</run_address>
         <size>0x3b0</size>
         <input_file_ref idref="fl-20"/>
      </object_component>
      <object_component id="oc-2b4">
         <name>.text:UpdateBackground</name>
         <load_address>0x7492</load_address>
         <run_address>0x7492</run_address>
         <size>0x2b8</size>
         <input_file_ref idref="fl-20"/>
      </object_component>
      <object_component id="oc-1cd">
         <name>.text:MSCToHostFromBuffer</name>
         <load_address>0x774a</load_address>
         <run_address>0x774a</run_address>
         <size>0x27c</size>
         <input_file_ref idref="fl-17"/>
      </object_component>
      <object_component id="oc-290">
         <name>.text:TI_CAPT_Custom</name>
         <load_address>0x79c6</load_address>
         <run_address>0x79c6</run_address>
         <size>0x278</size>
         <input_file_ref idref="fl-26"/>
      </object_component>
      <object_component id="oc-247">
         <name>.text:MenuPMMMCLK</name>
         <load_address>0x7c3e</load_address>
         <run_address>0x7c3e</run_address>
         <size>0x246</size>
         <input_file_ref idref="fl-1f"/>
      </object_component>
      <object_component id="oc-288">
         <name>.text:f_open</name>
         <load_address>0x7e84</load_address>
         <run_address>0x7e84</run_address>
         <size>0x224</size>
         <input_file_ref idref="fl-29"/>
      </object_component>
      <object_component id="oc-2b7">
         <name>.text:UpdateMissile</name>
         <load_address>0x80a8</load_address>
         <run_address>0x80a8</run_address>
         <size>0x212</size>
         <input_file_ref idref="fl-20"/>
      </object_component>
      <object_component id="oc-2fa">
         <name>.text:USBCDC_receiveData</name>
         <load_address>0x82ba</load_address>
         <run_address>0x82ba</run_address>
         <size>0x202</size>
         <input_file_ref idref="fl-2a"/>
      </object_component>
      <object_component id="oc-32b">
         <name>.text:Scsi_Cmd_Parser</name>
         <load_address>0x84bc</load_address>
         <run_address>0x84bc</run_address>
         <size>0x1ee</size>
         <input_file_ref idref="fl-17"/>
      </object_component>
      <object_component id="oc-289">
         <name>.text:f_read</name>
         <load_address>0x86aa</load_address>
         <run_address>0x86aa</run_address>
         <size>0x1ee</size>
         <input_file_ref idref="fl-29"/>
      </object_component>
      <object_component id="oc-2c1">
         <name>.text:AnalogClockUpdate</name>
         <load_address>0x8898</load_address>
         <run_address>0x8898</run_address>
         <size>0x1e4</size>
         <input_file_ref idref="fl-23"/>
      </object_component>
      <object_component id="oc-213">
         <name>.text:SDCard</name>
         <load_address>0x8a7c</load_address>
         <run_address>0x8a7c</run_address>
         <size>0x1ca</size>
         <input_file_ref idref="fl-1d"/>
      </object_component>
      <object_component id="oc-2b5">
         <name>.text:UpdateMines</name>
         <load_address>0x8c46</load_address>
         <run_address>0x8c46</run_address>
         <size>0x1be</size>
         <input_file_ref idref="fl-20"/>
      </object_component>
      <object_component id="oc-2e1">
         <name>.text:DrawCube</name>
         <load_address>0x8e04</load_address>
         <run_address>0x8e04</run_address>
         <size>0x1b6</size>
         <input_file_ref idref="fl-33"/>
      </object_component>
      <object_component id="oc-2d5">
         <name>.text:get_fileinfo</name>
         <load_address>0x8fba</load_address>
         <run_address>0x8fba</run_address>
         <size>0x1ae</size>
         <input_file_ref idref="fl-29"/>
      </object_component>
      <object_component id="oc-241">
         <name>.text:CapDemo</name>
         <load_address>0x9168</load_address>
         <run_address>0x9168</run_address>
         <size>0x1a4</size>
         <input_file_ref idref="fl-22"/>
      </object_component>
      <object_component id="oc-2a6">
         <name>.text:MeasurementMode</name>
         <load_address>0x930c</load_address>
         <run_address>0x930c</run_address>
         <size>0x1a0</size>
         <input_file_ref idref="fl-1f"/>
      </object_component>
      <object_component id="oc-317">
         <name>.text:put_fat</name>
         <load_address>0x94ac</load_address>
         <run_address>0x94ac</run_address>
         <size>0x194</size>
         <input_file_ref idref="fl-29"/>
      </object_component>
      <object_component id="oc-2f3">
         <name>.text:USBMSC_updateMediaInfo</name>
         <load_address>0x9640</load_address>
         <run_address>0x9640</run_address>
         <size>0x190</size>
         <input_file_ref idref="fl-17"/>
      </object_component>
      <object_component id="oc-1cc">
         <name>.text:CdcToHostFromBuffer</name>
         <load_address>0x97d0</load_address>
         <run_address>0x97d0</run_address>
         <size>0x188</size>
         <input_file_ref idref="fl-2a"/>
      </object_component>
      <object_component id="oc-313">
         <name>.text:create_name</name>
         <load_address>0x9958</load_address>
         <run_address>0x9958</run_address>
         <size>0x186</size>
         <input_file_ref idref="fl-29"/>
      </object_component>
      <object_component id="oc-291">
         <name>.text:Dogs102x6_verticalLineDraw</name>
         <load_address>0x9ade</load_address>
         <run_address>0x9ade</run_address>
         <size>0x180</size>
         <input_file_ref idref="fl-10"/>
      </object_component>
      <object_component id="oc-2d6">
         <name>.text:dir_next</name>
         <load_address>0x9c5e</load_address>
         <run_address>0x9c5e</run_address>
         <size>0x16e</size>
         <input_file_ref idref="fl-29"/>
      </object_component>
      <object_component id="oc-1cb">
         <name>.text:HidToHostFromBuffer</name>
         <load_address>0x9dcc</load_address>
         <run_address>0x9dcc</run_address>
         <size>0x16c</size>
         <input_file_ref idref="fl-16"/>
      </object_component>
      <object_component id="oc-28f">
         <name>.text:TI_CAPT_Slider</name>
         <load_address>0x9f38</load_address>
         <run_address>0x9f38</run_address>
         <size>0x166</size>
         <input_file_ref idref="fl-26"/>
      </object_component>
      <object_component id="oc-215">
         <name>.text:PowerMenu</name>
         <load_address>0xa09e</load_address>
         <run_address>0xa09e</run_address>
         <size>0x15e</size>
         <input_file_ref idref="fl-1e"/>
      </object_component>
      <object_component id="oc-1d2">
         <name>.text:USB_reset</name>
         <load_address>0xa1fc</load_address>
         <run_address>0xa1fc</run_address>
         <size>0x15c</size>
         <input_file_ref idref="fl-14"/>
      </object_component>
      <object_component id="oc-2df">
         <name>.text:f_sync</name>
         <load_address>0xa358</load_address>
         <run_address>0xa358</run_address>
         <size>0x15c</size>
         <input_file_ref idref="fl-29"/>
      </object_component>
      <object_component id="oc-1c5">
         <name>.text:HidToBufferFromHost</name>
         <load_address>0xa4b4</load_address>
         <run_address>0xa4b4</run_address>
         <size>0x15a</size>
         <input_file_ref idref="fl-16"/>
      </object_component>
      <object_component id="oc-30d">
         <name>.text:Dogs102x6_circleDraw</name>
         <load_address>0xa60e</load_address>
         <run_address>0xa60e</run_address>
         <size>0x158</size>
         <input_file_ref idref="fl-10"/>
      </object_component>
      <object_component id="oc-304">
         <name>.text:Dogs102x6_charDrawXY</name>
         <load_address>0xa766</load_address>
         <run_address>0xa766</run_address>
         <size>0x146</size>
         <input_file_ref idref="fl-10"/>
      </object_component>
      <object_component id="oc-2db">
         <name>.text:get_fat</name>
         <load_address>0xa8ac</load_address>
         <run_address>0xa8ac</run_address>
         <size>0x146</size>
         <input_file_ref idref="fl-29"/>
      </object_component>
      <object_component id="oc-243">
         <name>.text:Mouse</name>
         <load_address>0xa9f2</load_address>
         <run_address>0xa9f2</run_address>
         <size>0x144</size>
         <input_file_ref idref="fl-2f"/>
      </object_component>
      <object_component id="oc-293">
         <name>.text:disk_initialize</name>
         <load_address>0xab36</load_address>
         <run_address>0xab36</run_address>
         <size>0x13c</size>
         <input_file_ref idref="fl-34"/>
      </object_component>
      <object_component id="oc-31d">
         <name>.text:Dogs102x6_lineDraw</name>
         <load_address>0xac72</load_address>
         <run_address>0xac72</run_address>
         <size>0x138</size>
         <input_file_ref idref="fl-10"/>
      </object_component>
      <object_component id="oc-23c">
         <name>.text:ActiveFile</name>
         <load_address>0xadaa</load_address>
         <run_address>0xadaa</run_address>
         <size>0x134</size>
         <input_file_ref idref="fl-1d"/>
      </object_component>
      <object_component id="oc-244">
         <name>.text:EchoUSB</name>
         <load_address>0xaede</load_address>
         <run_address>0xaede</run_address>
         <size>0x132</size>
         <input_file_ref idref="fl-32"/>
      </object_component>
      <object_component id="oc-239">
         <name>.text:GetDirectory</name>
         <load_address>0xb010</load_address>
         <run_address>0xb010</run_address>
         <size>0x130</size>
         <input_file_ref idref="fl-1d"/>
      </object_component>
      <object_component id="oc-1c9">
         <name>.text:CdcToBufferFromHost</name>
         <load_address>0xb140</load_address>
         <run_address>0xb140</run_address>
         <size>0x12e</size>
         <input_file_ref idref="fl-2a"/>
      </object_component>
      <object_component id="oc-1de">
         <name>.text:main</name>
         <load_address>0xb26e</load_address>
         <run_address>0xb26e</run_address>
         <size>0x12e</size>
         <input_file_ref idref="fl-5"/>
      </object_component>
      <object_component id="oc-33e">
         <name>.text:Scsi_Inquiry</name>
         <load_address>0xb39c</load_address>
         <run_address>0xb39c</run_address>
         <size>0x122</size>
         <input_file_ref idref="fl-17"/>
      </object_component>
      <object_component id="oc-2f5">
         <name>.text:USBMSC_poll</name>
         <load_address>0xb4be</load_address>
         <run_address>0xb4be</run_address>
         <size>0x122</size>
         <input_file_ref idref="fl-2c"/>
      </object_component>
      <object_component id="oc-315">
         <name>.text:create_chain</name>
         <load_address>0xb5e0</load_address>
         <run_address>0xb5e0</run_address>
         <size>0x11e</size>
         <input_file_ref idref="fl-29"/>
      </object_component>
      <object_component id="oc-346">
         <name>.text:Scsi_Write10</name>
         <load_address>0xb6fe</load_address>
         <run_address>0xb6fe</run_address>
         <size>0x10c</size>
         <input_file_ref idref="fl-17"/>
      </object_component>
      <object_component id="oc-30e">
         <name>.text:AnalogClockDrawHand</name>
         <load_address>0xb80a</load_address>
         <run_address>0xb80a</run_address>
         <size>0x106</size>
         <input_file_ref idref="fl-23"/>
      </object_component>
      <object_component id="oc-2a8">
         <name>.text:LowPowerMode4</name>
         <load_address>0xb910</load_address>
         <run_address>0xb910</run_address>
         <size>0x104</size>
         <input_file_ref idref="fl-21"/>
      </object_component>
      <object_component id="oc-2fb">
         <name>.text:USBCDC_intfStatus</name>
         <load_address>0xba14</load_address>
         <run_address>0xba14</run_address>
         <size>0xf6</size>
         <input_file_ref idref="fl-2a"/>
      </object_component>
      <object_component id="oc-347">
         <name>.text:Scsi_Read10</name>
         <load_address>0xbb0a</load_address>
         <run_address>0xbb0a</run_address>
         <size>0xf4</size>
         <input_file_ref idref="fl-17"/>
      </object_component>
      <object_component id="oc-31a">
         <name>.text:sync</name>
         <load_address>0xbbfe</load_address>
         <run_address>0xbbfe</run_address>
         <size>0xf0</size>
         <input_file_ref idref="fl-29"/>
      </object_component>
      <object_component id="oc-2d1">
         <name>.text:follow_path</name>
         <load_address>0xbcee</load_address>
         <run_address>0xbcee</run_address>
         <size>0xec</size>
         <input_file_ref idref="fl-29"/>
      </object_component>
      <object_component id="oc-2b6">
         <name>.text:DrawShip</name>
         <load_address>0xbdda</load_address>
         <run_address>0xbdda</run_address>
         <size>0xe8</size>
         <input_file_ref idref="fl-20"/>
      </object_component>
      <object_component id="oc-22e">
         <name>.text:Init_FLL</name>
         <load_address>0xbec2</load_address>
         <run_address>0xbec2</run_address>
         <size>0xe8</size>
         <input_file_ref idref="fl-c"/>
      </object_component>
      <object_component id="oc-2d2">
         <name>.text:dir_sdi</name>
         <load_address>0xbfaa</load_address>
         <run_address>0xbfaa</run_address>
         <size>0xe8</size>
         <input_file_ref idref="fl-29"/>
      </object_component>
      <object_component id="oc-2f2">
         <name>.text:disk_ioctl</name>
         <load_address>0xc092</load_address>
         <run_address>0xc092</run_address>
         <size>0xe8</size>
         <input_file_ref idref="fl-34"/>
      </object_component>
      <object_component id="oc-203">
         <name>.text:Board_init</name>
         <load_address>0xc17a</load_address>
         <run_address>0xc17a</run_address>
         <size>0xe4</size>
         <input_file_ref idref="fl-13"/>
      </object_component>
      <object_component id="oc-31e">
         <name>.text:TI_CTS_fRO_COMPB_TA1_SW_HAL</name>
         <load_address>0xc25e</load_address>
         <run_address>0xc25e</run_address>
         <size>0xde</size>
         <input_file_ref idref="fl-27"/>
      </object_component>
      <object_component id="oc-2a9">
         <name>.text:LowPowerMode3</name>
         <load_address>0xc33c</load_address>
         <run_address>0xc33c</run_address>
         <size>0xdc</size>
         <input_file_ref idref="fl-21"/>
      </object_component>
      <object_component id="oc-2a5">
         <name>.text:SetValues</name>
         <load_address>0xc418</load_address>
         <run_address>0xc418</run_address>
         <size>0xdc</size>
         <input_file_ref idref="fl-1f"/>
      </object_component>
      <object_component id="oc-2ed">
         <name>.text:USB_InitSerialStringDescriptor</name>
         <load_address>0xc4f4</load_address>
         <run_address>0xc4f4</run_address>
         <size>0xda</size>
         <input_file_ref idref="fl-14"/>
      </object_component>
      <object_component id="oc-285">
         <name>.text:f_opendir</name>
         <load_address>0xc5ce</load_address>
         <run_address>0xc5ce</run_address>
         <size>0xd8</size>
         <input_file_ref idref="fl-29"/>
      </object_component>
      <object_component id="oc-240">
         <name>.text:CapLED</name>
         <load_address>0xc6a6</load_address>
         <run_address>0xc6a6</run_address>
         <size>0xd6</size>
         <input_file_ref idref="fl-22"/>
      </object_component>
      <object_component id="oc-287">
         <name>.text:SDDisplay</name>
         <load_address>0xc77c</load_address>
         <run_address>0xc77c</run_address>
         <size>0xd6</size>
         <input_file_ref idref="fl-1d"/>
      </object_component>
      <object_component id="oc-34b">
         <name>.text:Check_CBW</name>
         <load_address>0xc852</load_address>
         <run_address>0xc852</run_address>
         <size>0xd4</size>
         <input_file_ref idref="fl-17"/>
      </object_component>
      <object_component id="oc-23f">
         <name>.text:Demo_Cube</name>
         <load_address>0xc926</load_address>
         <run_address>0xc926</run_address>
         <size>0xd2</size>
         <input_file_ref idref="fl-33"/>
      </object_component>
      <object_component id="oc-2bf">
         <name>.text:DigitalClockUpdate</name>
         <load_address>0xc9f8</load_address>
         <run_address>0xc9f8</run_address>
         <size>0xd2</size>
         <input_file_ref idref="fl-23"/>
      </object_component>
      <object_component id="oc-349">
         <name>.text:Scsi_Request_Sense</name>
         <load_address>0xcaca</load_address>
         <run_address>0xcaca</run_address>
         <size>0xce</size>
         <input_file_ref idref="fl-17"/>
      </object_component>
      <object_component id="oc-22d">
         <name>.text:SetVCoreUp</name>
         <load_address>0xcb98</load_address>
         <run_address>0xcb98</run_address>
         <size>0xce</size>
         <input_file_ref idref="fl-d"/>
      </object_component>
      <object_component id="oc-318">
         <name>.text:disk_write</name>
         <load_address>0xcc66</load_address>
         <run_address>0xcc66</run_address>
         <size>0xc6</size>
         <input_file_ref idref="fl-34"/>
      </object_component>
      <object_component id="oc-30f">
         <name>.text:Dogs102x6_horizontalLineDraw</name>
         <load_address>0xcd2c</load_address>
         <run_address>0xcd2c</run_address>
         <size>0xc4</size>
         <input_file_ref idref="fl-10"/>
      </object_component>
      <object_component id="oc-2aa">
         <name>.text:LowPowerMode0</name>
         <load_address>0xcdf0</load_address>
         <run_address>0xcdf0</run_address>
         <size>0xc2</size>
         <input_file_ref idref="fl-21"/>
      </object_component>
      <object_component id="oc-242">
         <name>.text:MassStorage</name>
         <load_address>0xceb2</load_address>
         <run_address>0xceb2</run_address>
         <size>0xbe</size>
         <input_file_ref idref="fl-31"/>
      </object_component>
      <object_component id="oc-2e3">
         <name>.text:Dominant_Element</name>
         <load_address>0xcf70</load_address>
         <run_address>0xcf70</run_address>
         <size>0xba</size>
         <input_file_ref idref="fl-26"/>
      </object_component>
      <object_component id="oc-2da">
         <name>.text:move_window</name>
         <load_address>0xd02a</load_address>
         <run_address>0xd02a</run_address>
         <size>0xba</size>
         <input_file_ref idref="fl-29"/>
      </object_component>
      <object_component id="oc-2c0">
         <name>.text:AnalogClockInit</name>
         <load_address>0xd0e4</load_address>
         <run_address>0xd0e4</run_address>
         <size>0xb6</size>
         <input_file_ref idref="fl-23"/>
      </object_component>
      <object_component id="oc-2e0">
         <name>.text:RotateCube</name>
         <load_address>0xd19a</load_address>
         <run_address>0xd19a</run_address>
         <size>0xb6</size>
         <input_file_ref idref="fl-33"/>
      </object_component>
      <object_component id="oc-2c4">
         <name>.text:UpdateField</name>
         <load_address>0xd250</load_address>
         <run_address>0xd250</run_address>
         <size>0xb4</size>
         <input_file_ref idref="fl-37"/>
      </object_component>
      <object_component id="oc-2e8">
         <name>.text:send_cmd</name>
         <load_address>0xd304</load_address>
         <run_address>0xd304</run_address>
         <size>0xb2</size>
         <input_file_ref idref="fl-34"/>
      </object_component>
      <object_component id="oc-23a">
         <name>.text:ActiveDirectory</name>
         <load_address>0xd3b6</load_address>
         <run_address>0xd3b6</run_address>
         <size>0xb0</size>
         <input_file_ref idref="fl-1d"/>
      </object_component>
      <object_component id="oc-232">
         <name>.text:Dogs102x6_writeData</name>
         <load_address>0xd466</load_address>
         <run_address>0xd466</run_address>
         <size>0xac</size>
         <input_file_ref idref="fl-10"/>
      </object_component>
      <object_component id="oc-2b8">
         <name>.text:DrawExplosions</name>
         <load_address>0xd512</load_address>
         <run_address>0xd512</run_address>
         <size>0xaa</size>
         <input_file_ref idref="fl-20"/>
      </object_component>
      <object_component id="oc-248">
         <name>.text:MenuLPM</name>
         <load_address>0xd5bc</load_address>
         <run_address>0xd5bc</run_address>
         <size>0xa4</size>
         <input_file_ref idref="fl-21"/>
      </object_component>
      <object_component id="oc-29d">
         <name>.text:USBHID_sendReport</name>
         <load_address>0xd660</load_address>
         <run_address>0xd660</run_address>
         <size>0xa4</size>
         <input_file_ref idref="fl-16"/>
      </object_component>
      <object_component id="oc-2d9">
         <name>.text:remove_chain</name>
         <load_address>0xd704</load_address>
         <run_address>0xd704</run_address>
         <size>0xa4</size>
         <input_file_ref idref="fl-29"/>
      </object_component>
      <object_component id="oc-219">
         <name>.text:Menu_active</name>
         <load_address>0xd7a8</load_address>
         <run_address>0xd7a8</run_address>
         <size>0xa2</size>
         <input_file_ref idref="fl-f"/>
      </object_component>
      <object_component id="oc-1c7">
         <name>.text:USBCDC_bytesInUSBBuffer</name>
         <load_address>0xd84a</load_address>
         <run_address>0xd84a</run_address>
         <size>0xa2</size>
         <input_file_ref idref="fl-2a"/>
      </object_component>
      <object_component id="oc-2dd">
         <name>.text:disk_read</name>
         <load_address>0xd8ec</load_address>
         <run_address>0xd8ec</run_address>
         <size>0xa0</size>
         <input_file_ref idref="fl-34"/>
      </object_component>
      <object_component id="oc-2fc">
         <name>.text:USBCDC_sendData</name>
         <load_address>0xd98c</load_address>
         <run_address>0xd98c</run_address>
         <size>0x9c</size>
         <input_file_ref idref="fl-2a"/>
      </object_component>
      <object_component id="oc-1e8">
         <name>.text:Cma3000_init</name>
         <load_address>0xda28</load_address>
         <run_address>0xda28</run_address>
         <size>0x9a</size>
         <input_file_ref idref="fl-11"/>
      </object_component>
      <object_component id="oc-299">
         <name>.text:USB_connectionState</name>
         <load_address>0xdac2</load_address>
         <run_address>0xdac2</run_address>
         <size>0x96</size>
         <input_file_ref idref="fl-14"/>
      </object_component>
      <object_component id="oc-1e9">
         <name>.text:usbDecodeAndProcessUsbRequest</name>
         <load_address>0xdb58</load_address>
         <run_address>0xdb58</run_address>
         <size>0x92</size>
         <input_file_ref idref="fl-14"/>
      </object_component>
      <object_component id="oc-312">
         <name>.text:check_fs</name>
         <load_address>0xdbea</load_address>
         <run_address>0xdbea</run_address>
         <size>0x90</size>
         <input_file_ref idref="fl-29"/>
      </object_component>
      <object_component id="oc-1f7">
         <name>.text:USB_enable</name>
         <load_address>0xdc7a</load_address>
         <run_address>0xdc7a</run_address>
         <size>0x8e</size>
         <input_file_ref idref="fl-14"/>
      </object_component>
      <object_component id="oc-235">
         <name>.text:CalibrateAccel</name>
         <load_address>0xdd08</load_address>
         <run_address>0xdd08</run_address>
         <size>0x8c</size>
         <input_file_ref idref="fl-1c"/>
      </object_component>
      <object_component id="oc-22c">
         <name>.text:SetVCoreDown</name>
         <load_address>0xdd94</load_address>
         <run_address>0xdd94</run_address>
         <size>0x8c</size>
         <input_file_ref idref="fl-d"/>
      </object_component>
      <object_component id="oc-24e">
         <name>.text:Dogs102x6_charDraw</name>
         <load_address>0xde20</load_address>
         <run_address>0xde20</run_address>
         <size>0x8a</size>
         <input_file_ref idref="fl-10"/>
      </object_component>
      <object_component id="oc-324">
         <name>.text:validateCSD</name>
         <load_address>0xdeaa</load_address>
         <run_address>0xdeaa</run_address>
         <size>0x86</size>
         <input_file_ref idref="fl-34"/>
      </object_component>
      <object_component id="oc-1ef">
         <name>.text:CopyUsbToBuff</name>
         <load_address>0xdf30</load_address>
         <run_address>0xdf30</run_address>
         <size>0x84</size>
         <input_file_ref idref="fl-2a"/>
      </object_component>
      <object_component id="oc-1eb">
         <name>.text:HidCopyUsbToBuff</name>
         <load_address>0xdfb4</load_address>
         <run_address>0xdfb4</run_address>
         <size>0x84</size>
         <input_file_ref idref="fl-16"/>
      </object_component>
      <object_component id="oc-332">
         <name>.text:Dogs102x6_pixelDraw</name>
         <load_address>0xe038</load_address>
         <run_address>0xe038</run_address>
         <size>0x82</size>
         <input_file_ref idref="fl-10"/>
      </object_component>
      <object_component id="oc-26a">
         <name>.text:usbClearEndpointFeature</name>
         <load_address>0xe0ba</load_address>
         <run_address>0xe0ba</run_address>
         <size>0x82</size>
         <input_file_ref idref="fl-14"/>
      </object_component>
      <object_component id="oc-237">
         <name>.text:ContrastSetting</name>
         <load_address>0xe13c</load_address>
         <run_address>0xe13c</run_address>
         <size>0x80</size>
         <input_file_ref idref="fl-1c"/>
      </object_component>
      <object_component id="oc-234">
         <name>.text:Version</name>
         <load_address>0xe1bc</load_address>
         <run_address>0xe1bc</run_address>
         <size>0x80</size>
         <input_file_ref idref="fl-1c"/>
      </object_component>
      <object_component id="oc-2d7">
         <name>.text:dir_register</name>
         <load_address>0xe23c</load_address>
         <run_address>0xe23c</run_address>
         <size>0x7c</size>
         <input_file_ref idref="fl-29"/>
      </object_component>
      <object_component id="oc-217">
         <name>.text:Dogs102x6_stringDraw</name>
         <load_address>0xe2b8</load_address>
         <run_address>0xe2b8</run_address>
         <size>0x7a</size>
         <input_file_ref idref="fl-10"/>
      </object_component>
      <object_component id="oc-208">
         <name>.text:Dogs102x6_init</name>
         <load_address>0xe332</load_address>
         <run_address>0xe332</run_address>
         <size>0x78</size>
         <input_file_ref idref="fl-10"/>
      </object_component>
      <object_component id="oc-341">
         <name>.text:Scsi_Unknown_Request</name>
         <load_address>0xe3aa</load_address>
         <run_address>0xe3aa</run_address>
         <size>0x78</size>
         <input_file_ref idref="fl-17"/>
      </object_component>
      <object_component id="oc-23b">
         <name>.text:GetFile</name>
         <load_address>0xe422</load_address>
         <run_address>0xe422</run_address>
         <size>0x76</size>
         <input_file_ref idref="fl-1d"/>
      </object_component>
      <object_component id="oc-236">
         <name>.text:BacklightSetting</name>
         <load_address>0xe498</load_address>
         <run_address>0xe498</run_address>
         <size>0x74</size>
         <input_file_ref idref="fl-1c"/>
      </object_component>
      <object_component id="oc-25a">
         <name>.text:FSM_InitGame</name>
         <load_address>0xe50c</load_address>
         <run_address>0xe50c</run_address>
         <size>0x74</size>
         <input_file_ref idref="fl-37"/>
      </object_component>
      <object_component id="oc-1f1">
         <name>.text:MscCopyUsbToBuff</name>
         <load_address>0xe580</load_address>
         <run_address>0xe580</run_address>
         <size>0x74</size>
         <input_file_ref idref="fl-17"/>
      </object_component>
      <object_component id="oc-272">
         <name>.text:usbGetEndpointStatus</name>
         <load_address>0xe5f4</load_address>
         <run_address>0xe5f4</run_address>
         <size>0x74</size>
         <input_file_ref idref="fl-14"/>
      </object_component>
      <object_component id="oc-1ff">
         <name>.text:usbSendNextPacketOnIEP0</name>
         <load_address>0xe668</load_address>
         <run_address>0xe668</run_address>
         <size>0x74</size>
         <input_file_ref idref="fl-14"/>
      </object_component>
      <object_component id="oc-2f6">
         <name>.text:read_LUN0</name>
         <load_address>0xe6dc</load_address>
         <run_address>0xe6dc</run_address>
         <size>0x70</size>
         <input_file_ref idref="fl-30"/>
      </object_component>
      <object_component id="oc-2a0">
         <name>.text:cdcSendDataInBackground</name>
         <load_address>0xe74c</load_address>
         <run_address>0xe74c</run_address>
         <size>0x6e</size>
         <input_file_ref idref="fl-36"/>
      </object_component>
      <object_component id="oc-2f7">
         <name>.text:write_LUN0</name>
         <load_address>0xe7ba</load_address>
         <run_address>0xe7ba</run_address>
         <size>0x6e</size>
         <input_file_ref idref="fl-30"/>
      </object_component>
      <object_component id="oc-2d4">
         <name>.text:dir_read</name>
         <load_address>0xe828</load_address>
         <run_address>0xe828</run_address>
         <size>0x6c</size>
         <input_file_ref idref="fl-29"/>
      </object_component>
      <object_component id="oc-214">
         <name>.text:DemoApp</name>
         <load_address>0xe894</load_address>
         <run_address>0xe894</run_address>
         <size>0x6a</size>
         <input_file_ref idref="fl-22"/>
      </object_component>
      <object_component id="oc-1f6">
         <name>.text:MscSendData</name>
         <load_address>0xe8fe</load_address>
         <run_address>0xe8fe</run_address>
         <size>0x6a</size>
         <input_file_ref idref="fl-17"/>
      </object_component>
      <object_component id="oc-314">
         <name>.text:dir_find</name>
         <load_address>0xe968</load_address>
         <run_address>0xe968</run_address>
         <size>0x6a</size>
         <input_file_ref idref="fl-29"/>
      </object_component>
      <object_component id="oc-307">
         <name>.text:DrawImage</name>
         <load_address>0xe9d2</load_address>
         <run_address>0xe9d2</run_address>
         <size>0x68</size>
         <input_file_ref idref="fl-20"/>
      </object_component>
      <object_component id="oc-2ad">
         <name>.text:FSM_Button</name>
         <load_address>0xea3a</load_address>
         <run_address>0xea3a</run_address>
         <size>0x68</size>
         <input_file_ref idref="fl-38"/>
      </object_component>
      <object_component id="oc-1e3">
         <name>.text:FSM_Down</name>
         <load_address>0xeaa2</load_address>
         <run_address>0xeaa2</run_address>
         <size>0x68</size>
         <input_file_ref idref="fl-38"/>
      </object_component>
      <object_component id="oc-1e6">
         <name>.text:FSM_Right</name>
         <load_address>0xeb0a</load_address>
         <run_address>0xeb0a</run_address>
         <size>0x68</size>
         <input_file_ref idref="fl-38"/>
      </object_component>
      <object_component id="oc-1e4">
         <name>.text:FSM_Up</name>
         <load_address>0xeb72</load_address>
         <run_address>0xeb72</run_address>
         <size>0x68</size>
         <input_file_ref idref="fl-38"/>
      </object_component>
      <object_component id="oc-1e7">
         <name>.text:FSM_Win</name>
         <load_address>0xebda</load_address>
         <run_address>0xebda</run_address>
         <size>0x68</size>
         <input_file_ref idref="fl-38"/>
      </object_component>
      <object_component id="oc-231">
         <name>.text:Dogs102x6_setAddress</name>
         <load_address>0xec42</load_address>
         <run_address>0xec42</run_address>
         <size>0x66</size>
         <input_file_ref idref="fl-10"/>
      </object_component>
      <object_component id="oc-253">
         <name>.text:DisplayDigitalClock</name>
         <load_address>0xeca8</load_address>
         <run_address>0xeca8</run_address>
         <size>0x64</size>
         <input_file_ref idref="fl-23"/>
      </object_component>
      <object_component id="oc-1fd">
         <name>.text:Handler_SetLineCoding</name>
         <load_address>0xed0c</load_address>
         <run_address>0xed0c</run_address>
         <size>0x64</size>
         <input_file_ref idref="fl-2a"/>
      </object_component>
      <object_component id="oc-279">
         <name>.text:Reset_RequestSenseResponse</name>
         <load_address>0xed70</load_address>
         <run_address>0xed70</run_address>
         <size>0x64</size>
         <input_file_ref idref="fl-17"/>
      </object_component>
      <object_component id="oc-27f">
         <name>.text:WriteFlashSettings</name>
         <load_address>0xedd4</load_address>
         <run_address>0xedd4</run_address>
         <size>0x64</size>
         <input_file_ref idref="fl-1c"/>
      </object_component>
      <object_component id="oc-286">
         <name>.text:f_readdir</name>
         <load_address>0xee38</load_address>
         <run_address>0xee38</run_address>
         <size>0x64</size>
         <input_file_ref idref="fl-29"/>
      </object_component>
      <object_component id="oc-322">
         <name>.text:Get_TLV_Info</name>
         <load_address>0xee9c</load_address>
         <run_address>0xee9c</run_address>
         <size>0x62</size>
         <input_file_ref idref="fl-28"/>
      </object_component>
      <object_component id="oc-295">
         <name>.text:USB_init</name>
         <load_address>0xeefe</load_address>
         <run_address>0xeefe</run_address>
         <size>0x62</size>
         <input_file_ref idref="fl-14"/>
      </object_component>
      <object_component id="oc-25d">
         <name>.text:usbGetLineCoding</name>
         <load_address>0xef60</load_address>
         <run_address>0xef60</run_address>
         <size>0x62</size>
         <input_file_ref idref="fl-2a"/>
      </object_component>
      <object_component id="oc-227">
         <name>.text:Msc_ResetStruct</name>
         <load_address>0xefc2</load_address>
         <run_address>0xefc2</run_address>
         <size>0x60</size>
         <input_file_ref idref="fl-17"/>
      </object_component>
      <object_component id="oc-212">
         <name>.text:Settings</name>
         <load_address>0xf022</load_address>
         <run_address>0xf022</run_address>
         <size>0x60</size>
         <input_file_ref idref="fl-1c"/>
      </object_component>
      <object_component id="oc-23e">
         <name>.text:ClearTempData</name>
         <load_address>0xf082</load_address>
         <run_address>0xf082</run_address>
         <size>0x5e</size>
         <input_file_ref idref="fl-1d"/>
      </object_component>
      <object_component id="oc-1dd">
         <name>.text:_auto_init</name>
         <load_address>0xf0e0</load_address>
         <run_address>0xf0e0</run_address>
         <size>0x5e</size>
         <input_file_ref idref="fl-65"/>
      </object_component>
      <object_component id="oc-1e5">
         <name>.text:FSM_Left</name>
         <load_address>0xf13e</load_address>
         <run_address>0xf13e</run_address>
         <size>0x5c</size>
         <input_file_ref idref="fl-38"/>
      </object_component>
      <object_component id="oc-302">
         <name>.text:DisablePorts</name>
         <load_address>0xf19a</load_address>
         <run_address>0xf19a</run_address>
         <size>0x5a</size>
         <input_file_ref idref="fl-21"/>
      </object_component>
      <object_component id="oc-340">
         <name>.text:Scsi_Mode_Sense10</name>
         <load_address>0xf1f4</load_address>
         <run_address>0xf1f4</run_address>
         <size>0x5a</size>
         <input_file_ref idref="fl-17"/>
      </object_component>
      <object_component id="oc-33f">
         <name>.text:Scsi_Mode_Sense6</name>
         <load_address>0xf24e</load_address>
         <run_address>0xf24e</run_address>
         <size>0x5a</size>
         <input_file_ref idref="fl-17"/>
      </object_component>
      <object_component id="oc-32a">
         <name>.text:Scsi_Verify_CBW</name>
         <load_address>0xf2a8</load_address>
         <run_address>0xf2a8</run_address>
         <size>0x5a</size>
         <input_file_ref idref="fl-17"/>
      </object_component>
      <object_component id="oc-2f8">
         <name>.text:checkInsertionRemoval</name>
         <load_address>0xf302</load_address>
         <run_address>0xf302</run_address>
         <size>0x5a</size>
         <input_file_ref idref="fl-30"/>
      </object_component>
      <object_component id="oc-297">
         <name>.text:msc_Init</name>
         <load_address>0xf35c</load_address>
         <run_address>0xf35c</run_address>
         <size>0x5a</size>
         <input_file_ref idref="fl-30"/>
      </object_component>
      <object_component id="oc-182">
         <name>.text</name>
         <load_address>0xf3b6</load_address>
         <run_address>0xf3b6</run_address>
         <size>0x58</size>
         <input_file_ref idref="fl-56"/>
      </object_component>
      <object_component id="oc-21a">
         <name>.text:ClockMenu</name>
         <load_address>0xf40e</load_address>
         <run_address>0xf40e</run_address>
         <size>0x56</size>
         <input_file_ref idref="fl-23"/>
      </object_component>
      <object_component id="oc-282">
         <name>.text:Wheel_getValue</name>
         <load_address>0xf464</load_address>
         <run_address>0xf464</run_address>
         <size>0x56</size>
         <input_file_ref idref="fl-e"/>
      </object_component>
      <object_component id="oc-303">
         <name>.text:strrev</name>
         <load_address>0xf4ba</load_address>
         <run_address>0xf4ba</run_address>
         <size>0x54</size>
         <input_file_ref idref="fl-20"/>
      </object_component>
      <object_component id="oc-336">
         <name>.text:xmit_datablock</name>
         <load_address>0xf50e</load_address>
         <run_address>0xf50e</run_address>
         <size>0x54</size>
         <input_file_ref idref="fl-34"/>
      </object_component>
      <object_component id="oc-256">
         <name>.text:FSM_StartGame</name>
         <load_address>0xf562</load_address>
         <run_address>0xf562</run_address>
         <size>0x50</size>
         <input_file_ref idref="fl-37"/>
      </object_component>
      <object_component id="oc-2f4">
         <name>.text:USBMSC_registerBufInfo</name>
         <load_address>0xf5b2</load_address>
         <run_address>0xf5b2</run_address>
         <size>0x50</size>
         <input_file_ref idref="fl-17"/>
      </object_component>
      <object_component id="oc-2b1">
         <name>.text:itoa</name>
         <load_address>0xf602</load_address>
         <run_address>0xf602</run_address>
         <size>0x50</size>
         <input_file_ref idref="fl-20"/>
      </object_component>
      <object_component id="oc-29a">
         <name>.text:msc_Loop</name>
         <load_address>0xf652</load_address>
         <run_address>0xf652</run_address>
         <size>0x50</size>
         <input_file_ref idref="fl-30"/>
      </object_component>
      <object_component id="oc-27d">
         <name>.text:Board_ledOff</name>
         <load_address>0xf6a2</load_address>
         <run_address>0xf6a2</run_address>
         <size>0x4e</size>
         <input_file_ref idref="fl-13"/>
      </object_component>
      <object_component id="oc-27c">
         <name>.text:Board_ledOn</name>
         <load_address>0xf6f0</load_address>
         <run_address>0xf6f0</run_address>
         <size>0x4e</size>
         <input_file_ref idref="fl-13"/>
      </object_component>
      <object_component id="oc-29e">
         <name>.text:Board_ledToggle</name>
         <load_address>0xf73e</load_address>
         <run_address>0xf73e</run_address>
         <size>0x4e</size>
         <input_file_ref idref="fl-13"/>
      </object_component>
      <object_component id="oc-319">
         <name>.text:rcvr_datablock</name>
         <load_address>0xf78c</load_address>
         <run_address>0xf78c</run_address>
         <size>0x4e</size>
         <input_file_ref idref="fl-34"/>
      </object_component>
      <object_component id="oc-216">
         <name>.text:MenuGames</name>
         <load_address>0xf7da</load_address>
         <run_address>0xf7da</run_address>
         <size>0x4c</size>
         <input_file_ref idref="fl-20"/>
      </object_component>
      <object_component id="oc-1d4">
         <name>.text:OEP0InterruptHandler</name>
         <load_address>0xf826</load_address>
         <run_address>0xf826</run_address>
         <size>0x4c</size>
         <input_file_ref idref="fl-1b"/>
      </object_component>
      <object_component id="oc-24a">
         <name>.text:StartPuzzle</name>
         <load_address>0xf872</load_address>
         <run_address>0xf872</run_address>
         <size>0x4c</size>
         <input_file_ref idref="fl-2d"/>
      </object_component>
      <object_component id="oc-26e">
         <name>.text:usbGetStringDescriptor</name>
         <load_address>0xf8be</load_address>
         <run_address>0xf8be</run_address>
         <size>0x4c</size>
         <input_file_ref idref="fl-14"/>
      </object_component>
      <object_component id="oc-21d">
         <name>.text:Cma3000_readRegister</name>
         <load_address>0xf90a</load_address>
         <run_address>0xf90a</run_address>
         <size>0x4a</size>
         <input_file_ref idref="fl-11"/>
      </object_component>
      <object_component id="oc-21e">
         <name>.text:Cma3000_writeRegister</name>
         <load_address>0xf954</load_address>
         <run_address>0xf954</run_address>
         <size>0x4a</size>
         <input_file_ref idref="fl-11"/>
      </object_component>
      <object_component id="oc-2e4">
         <name>.text:SDCard_init</name>
         <load_address>0xf99e</load_address>
         <run_address>0xf99e</run_address>
         <size>0x4a</size>
         <input_file_ref idref="fl-35"/>
      </object_component>
      <object_component id="oc-24f">
         <name>.text:Dogs102x6_clearImage</name>
         <load_address>0xf9e8</load_address>
         <run_address>0xf9e8</run_address>
         <size>0x48</size>
         <input_file_ref idref="fl-10"/>
      </object_component>
      <object_component id="oc-2b2">
         <name>.text:Dogs102x6_stringDrawXY</name>
         <load_address>0xfa30</load_address>
         <run_address>0xfa30</run_address>
         <size>0x48</size>
         <input_file_ref idref="fl-10"/>
      </object_component>
      <object_component id="oc-23d">
         <name>.text:die</name>
         <load_address>0xfa78</load_address>
         <run_address>0xfa78</run_address>
         <size>0x48</size>
         <input_file_ref idref="fl-1d"/>
      </object_component>
      <object_component id="oc-1fc">
         <name>.text:usbReceiveNextPacketOnOEP0</name>
         <load_address>0xfac0</load_address>
         <run_address>0xfac0</run_address>
         <size>0x48</size>
         <input_file_ref idref="fl-14"/>
      </object_component>
      <object_component id="oc-28d">
         <name>.text:Demo_Cube1</name>
         <load_address>0xfb08</load_address>
         <run_address>0xfb08</run_address>
         <size>0x46</size>
         <input_file_ref idref="fl-33"/>
      </object_component>
      <object_component id="oc-1f9">
         <name>.text:USBMSC_reset</name>
         <load_address>0xfb4e</load_address>
         <run_address>0xfb4e</run_address>
         <size>0x46</size>
         <input_file_ref idref="fl-18"/>
      </object_component>
      <object_component id="oc-1c2">
         <name>.text:SetupPacketInterruptHandler</name>
         <load_address>0xfb94</load_address>
         <run_address>0xfb94</run_address>
         <size>0x44</size>
         <input_file_ref idref="fl-1b"/>
      </object_component>
      <object_component id="oc-275">
         <name>.text:usbSetEndpointFeature</name>
         <load_address>0xfbd8</load_address>
         <run_address>0xfbd8</run_address>
         <size>0x44</size>
         <input_file_ref idref="fl-14"/>
      </object_component>
      <object_component id="oc-276">
         <name>.text:usbSetInterface</name>
         <load_address>0xfc1c</load_address>
         <run_address>0xfc1c</run_address>
         <size>0x44</size>
         <input_file_ref idref="fl-14"/>
      </object_component>
      <object_component id="oc-294">
         <name>.text:ClockUSB</name>
         <load_address>0xfc60</load_address>
         <run_address>0xfc60</run_address>
         <size>0x42</size>
         <input_file_ref idref="fl-30"/>
      </object_component>
      <object_component id="oc-1d6">
         <name>.text:PWRVBUSoffHandler</name>
         <load_address>0xfca2</load_address>
         <run_address>0xfca2</run_address>
         <size>0x42</size>
         <input_file_ref idref="fl-1b"/>
      </object_component>
      <object_component id="oc-1fb">
         <name>.text:CdcResetData</name>
         <load_address>0xfce4</load_address>
         <run_address>0xfce4</run_address>
         <size>0x40</size>
         <input_file_ref idref="fl-2a"/>
      </object_component>
      <object_component id="oc-21b">
         <name>.text:Cma3000_readAccel</name>
         <load_address>0xfd24</load_address>
         <run_address>0xfd24</run_address>
         <size>0x40</size>
         <input_file_ref idref="fl-11"/>
      </object_component>
      <object_component id="oc-211">
         <name>.text:Dogs102x6_imageDraw</name>
         <load_address>0xfd64</load_address>
         <run_address>0xfd64</run_address>
         <size>0x40</size>
         <input_file_ref idref="fl-10"/>
      </object_component>
      <object_component id="oc-29f">
         <name>.text:cdcReceiveDataInBuffer</name>
         <load_address>0xfda4</load_address>
         <run_address>0xfda4</run_address>
         <size>0x40</size>
         <input_file_ref idref="fl-36"/>
      </object_component>
      <object_component id="oc-2b0">
         <name>.text:rand</name>
         <load_address>0xfde4</load_address>
         <run_address>0xfde4</run_address>
         <size>0x40</size>
         <input_file_ref idref="fl-61"/>
      </object_component>
      <object_component id="oc-20a">
         <name>.text:Dogs102x6_setBacklight</name>
         <load_address>0xfe24</load_address>
         <run_address>0xfe24</run_address>
         <size>0x3e</size>
         <input_file_ref idref="fl-10"/>
      </object_component>
      <object_component id="oc-22f">
         <name>.text:Dogs102x6_writeCommand</name>
         <load_address>0xfe62</load_address>
         <run_address>0xfe62</run_address>
         <size>0x3e</size>
         <input_file_ref idref="fl-10"/>
      </object_component>
      <object_component id="oc-326">
         <name>.text:USBMSC_getState</name>
         <load_address>0xfea0</load_address>
         <run_address>0xfea0</run_address>
         <size>0x3e</size>
         <input_file_ref idref="fl-17"/>
      </object_component>
      <object_component id="oc-2dc">
         <name>.text:clust2sect</name>
         <load_address>0xfede</load_address>
         <run_address>0xfede</run_address>
         <size>0x3e</size>
         <input_file_ref idref="fl-29"/>
      </object_component>
      <object_component id="oc-338">
         <name>.text:l_asr_const</name>
         <load_address>0xff1c</load_address>
         <run_address>0xff1c</run_address>
         <size>0x3e</size>
         <input_file_ref idref="fl-4f"/>
      </object_component>
      <object_component id="oc-20d">
         <name>.text:Wheel_init</name>
         <load_address>0xff5a</load_address>
         <run_address>0xff5a</run_address>
         <size>0x26</size>
         <input_file_ref idref="fl-e"/>
      </object_component>
      <object_component id="oc-1f3">
         <name>.text:l_lsl_const</name>
         <load_address>0x10000</load_address>
         <run_address>0x10000</run_address>
         <size>0x3e</size>
         <input_file_ref idref="fl-59"/>
      </object_component>
      <object_component id="oc-2c5">
         <name>.text:l_lsr_const</name>
         <load_address>0x1003e</load_address>
         <run_address>0x1003e</run_address>
         <size>0x3e</size>
         <input_file_ref idref="fl-5b"/>
      </object_component>
      <object_component id="oc-329">
         <name>.text:Scsi_Send_CSW</name>
         <load_address>0x1007c</load_address>
         <run_address>0x1007c</run_address>
         <size>0x3c</size>
         <input_file_ref idref="fl-17"/>
      </object_component>
      <object_component id="oc-207">
         <name>.text:SetupRTC</name>
         <load_address>0x100b8</load_address>
         <run_address>0x100b8</run_address>
         <size>0x3c</size>
         <input_file_ref idref="fl-23"/>
      </object_component>
      <object_component id="oc-2a3">
         <name>.text:TI_CAPT_Buttons</name>
         <load_address>0x100f4</load_address>
         <run_address>0x100f4</run_address>
         <size>0x3a</size>
         <input_file_ref idref="fl-26"/>
      </object_component>
      <object_component id="oc-224">
         <name>.text:XT2_Start_Timeout</name>
         <load_address>0x1012e</load_address>
         <run_address>0x1012e</run_address>
         <size>0x3a</size>
         <input_file_ref idref="fl-c"/>
      </object_component>
      <object_component id="oc-2c3">
         <name>.text:DigitalClockDraw</name>
         <load_address>0x10168</load_address>
         <run_address>0x10168</run_address>
         <size>0x38</size>
         <input_file_ref idref="fl-23"/>
      </object_component>
      <object_component id="oc-2bc">
         <name>.text:Dogs102x6_clearRow</name>
         <load_address>0x101a0</load_address>
         <run_address>0x101a0</run_address>
         <size>0x38</size>
         <input_file_ref idref="fl-10"/>
      </object_component>
      <object_component id="oc-204">
         <name>.text:SetVCore</name>
         <load_address>0x101d8</load_address>
         <run_address>0x101d8</run_address>
         <size>0x38</size>
         <input_file_ref idref="fl-d"/>
      </object_component>
      <object_component id="oc-20c">
         <name>.text:Dogs102x6_clearScreen</name>
         <load_address>0x10210</load_address>
         <run_address>0x10210</run_address>
         <size>0x36</size>
         <input_file_ref idref="fl-10"/>
      </object_component>
      <object_component id="oc-233">
         <name>.text:LEDTest</name>
         <load_address>0x10246</load_address>
         <run_address>0x10246</run_address>
         <size>0x36</size>
         <input_file_ref idref="fl-1c"/>
      </object_component>
      <object_component id="oc-205">
         <name>.text:LFXT_Start</name>
         <load_address>0x1027c</load_address>
         <run_address>0x1027c</run_address>
         <size>0x36</size>
         <input_file_ref idref="fl-c"/>
      </object_component>
      <object_component id="oc-250">
         <name>.text:Wheel_getPosition</name>
         <load_address>0x102b2</load_address>
         <run_address>0x102b2</run_address>
         <size>0x36</size>
         <input_file_ref idref="fl-e"/>
      </object_component>
      <object_component id="oc-31f">
         <name>.text:SDCard_readFrame</name>
         <load_address>0x102e8</load_address>
         <run_address>0x102e8</run_address>
         <size>0x34</size>
         <input_file_ref idref="fl-35"/>
      </object_component>
      <object_component id="oc-1c6">
         <name>.text:CdcIsReceiveInProgress</name>
         <load_address>0x1031c</load_address>
         <run_address>0x1031c</run_address>
         <size>0x32</size>
         <input_file_ref idref="fl-2a"/>
      </object_component>
      <object_component id="oc-20b">
         <name>.text:Dogs102x6_setContrast</name>
         <load_address>0x1034e</load_address>
         <run_address>0x1034e</run_address>
         <size>0x32</size>
         <input_file_ref idref="fl-10"/>
      </object_component>
      <object_component id="oc-1c3">
         <name>.text:HidIsReceiveInProgress</name>
         <load_address>0x10380</load_address>
         <run_address>0x10380</run_address>
         <size>0x32</size>
         <input_file_ref idref="fl-16"/>
      </object_component>
      <object_component id="oc-206">
         <name>.text:Init_FLL_Settle</name>
         <load_address>0x103b2</load_address>
         <run_address>0x103b2</run_address>
         <size>0x32</size>
         <input_file_ref idref="fl-c"/>
      </object_component>
      <object_component id="oc-348">
         <name>.text:Scsi_Read_Capacity10</name>
         <load_address>0x103e4</load_address>
         <run_address>0x103e4</run_address>
         <size>0x32</size>
         <input_file_ref idref="fl-17"/>
      </object_component>
      <object_component id="oc-298">
         <name>.text:USB_connectionInfo</name>
         <load_address>0x10416</load_address>
         <run_address>0x10416</run_address>
         <size>0x32</size>
         <input_file_ref idref="fl-14"/>
      </object_component>
      <object_component id="oc-1d0">
         <name>.text:USB_suspend</name>
         <load_address>0x10448</load_address>
         <run_address>0x10448</run_address>
         <size>0x32</size>
         <input_file_ref idref="fl-14"/>
      </object_component>
      <object_component id="oc-33a">
         <name>.text:wait_ready</name>
         <load_address>0x1047a</load_address>
         <run_address>0x1047a</run_address>
         <size>0x32</size>
         <input_file_ref idref="fl-34"/>
      </object_component>
      <object_component id="oc-209">
         <name>.text:Dogs102x6_backlightInit</name>
         <load_address>0x104ac</load_address>
         <run_address>0x104ac</run_address>
         <size>0x30</size>
         <input_file_ref idref="fl-10"/>
      </object_component>
[...]
      </symbol>
      <symbol id="sm-1776">
         <name>mediaInfo</name>
         <value>0x30b8</value>
         <object_component_ref idref="oc-12c"/>
      </symbol>
      <symbol id="sm-179c">
         <name>MassStorage</name>
         <value>0xceb2</value>
         <object_component_ref idref="oc-242"/>
      </symbol>
      <symbol id="sm-179d">
         <name>bDetectCard</name>
         <value>0x3c53</value>
         <object_component_ref idref="oc-133"/>
      </symbol>
      <symbol id="sm-17dc">
         <name>dataBuffer</name>
         <value>0x3a38</value>
         <object_component_ref idref="oc-13a"/>
      </symbol>
      <symbol id="sm-17dd">
         <name>EchoUSB</name>
         <value>0xaede</value>
         <object_component_ref idref="oc-244"/>
      </symbol>
      <symbol id="sm-1890">
         <name>cube_data</name>
         <value>0x3850</value>
         <object_component_ref idref="oc-140"/>
      </symbol>
      <symbol id="sm-1891">
         <name>Demo_Cube</name>
         <value>0xc926</value>
         <object_component_ref idref="oc-23f"/>
      </symbol>
      <symbol id="sm-1892">
         <name>Cube3D</name>
         <value>0x12b70</value>
         <object_component_ref idref="oc-31b"/>
      </symbol>
      <symbol id="sm-1893">
         <name>RotateCube</name>
         <value>0xd19a</value>
         <object_component_ref idref="oc-2e0"/>
      </symbol>
      <symbol id="sm-1894">
         <name>cube_data_last</name>
         <value>0x38b0</value>
         <object_component_ref idref="oc-140"/>
      </symbol>
      <symbol id="sm-1895">
         <name>FIXED_SIN</name>
         <value>0x1107e</value>
         <object_component_ref idref="oc-337"/>
      </symbol>
      <symbol id="sm-1896">
         <name>Demo_Cube1</name>
         <value>0xfb08</value>
         <object_component_ref idref="oc-28d"/>
      </symbol>
      <symbol id="sm-1897">
         <name>DrawCube</name>
         <value>0x8e04</value>
         <object_component_ref idref="oc-2e1"/>
      </symbol>
      <symbol id="sm-1898">
         <name>g_RotatedCube3D</name>
         <value>0x3910</value>
         <object_component_ref idref="oc-140"/>
      </symbol>
      <symbol id="sm-1899">
         <name>Rotate3DPointXYZ</name>
         <value>0x5ff0</value>
         <object_component_ref idref="oc-31c"/>
      </symbol>
      <symbol id="sm-1949">
         <name>get_fattime</name>
         <value>0x10f9e</value>
         <object_component_ref idref="oc-2d8"/>
      </symbol>
      <symbol id="sm-194a">
         <name>disk_status</name>
         <value>0x10a94</value>
         <object_component_ref idref="oc-2e5"/>
      </symbol>
      <symbol id="sm-194b">
         <name>validateCSD</name>
         <value>0xdeaa</value>
         <object_component_ref idref="oc-324"/>
      </symbol>
      <symbol id="sm-194c">
         <name>INS</name>
         <value>0x3c60</value>
         <object_component_ref idref="oc-147"/>
      </symbol>
      <symbol id="sm-194d">
         <name>detectCard</name>
         <value>0x1053c</value>
         <object_component_ref idref="oc-2f1"/>
      </symbol>
      <symbol id="sm-194e">
         <name>disk_read</name>
         <value>0xd8ec</value>
         <object_component_ref idref="oc-2dd"/>
      </symbol>
      <symbol id="sm-194f">
         <name>disk_initialize</name>
         <value>0xab36</value>
         <object_component_ref idref="oc-293"/>
      </symbol>
      <symbol id="sm-1950">
         <name>disk_ioctl</name>
         <value>0xc092</value>
         <object_component_ref idref="oc-2f2"/>
      </symbol>
      <symbol id="sm-1951">
         <name>disk_write</name>
         <value>0xcc66</value>
         <object_component_ref idref="oc-318"/>
      </symbol>
      <symbol id="sm-1978">
         <name>SDCard_sendFrame</name>
         <value>0x1078c</value>
         <object_component_ref idref="oc-33b"/>
      </symbol>
      <symbol id="sm-1979">
         <name>SDCard_init</name>
         <value>0xf99e</value>
         <object_component_ref idref="oc-2e4"/>
      </symbol>
      <symbol id="sm-197a">
         <name>SDCard_readFrame</name>
         <value>0x102e8</value>
         <object_component_ref idref="oc-31f"/>
      </symbol>
      <symbol id="sm-197b">
         <name>SDCard_setCSHigh</name>
         <value>0x10fd0</value>
         <object_component_ref idref="oc-2e6"/>
      </symbol>
      <symbol id="sm-197c">
         <name>SDCard_setCSLow</name>
         <value>0x10fd8</value>
         <object_component_ref idref="oc-339"/>
      </symbol>
      <symbol id="sm-197d">
         <name>SDCard_fastMode</name>
         <value>0x10e7c</value>
         <object_component_ref idref="oc-2ea"/>
      </symbol>
      <symbol id="sm-19ab">
         <name>cdcReceiveDataInBuffer</name>
         <value>0xfda4</value>
         <object_component_ref idref="oc-29f"/>
      </symbol>
      <symbol id="sm-19ac">
         <name>cdcSendDataInBackground</name>
         <value>0xe74c</value>
         <object_component_ref idref="oc-2a0"/>
      </symbol>
      <symbol id="sm-19e2">
         <name>FSM_PushRight</name>
         <value>0x10a54</value>
         <object_component_ref idref="oc-25b"/>
      </symbol>
      <symbol id="sm-19e3">
         <name>FSM_PushUp</name>
         <value>0x10a74</value>
         <object_component_ref idref="oc-259"/>
      </symbol>
      <symbol id="sm-19e4">
         <name>FSM_InitGame</name>
         <value>0xe50c</value>
         <object_component_ref idref="oc-25a"/>
      </symbol>
      <symbol id="sm-19e5">
         <name>FSM_PushDown</name>
         <value>0x10a34</value>
         <object_component_ref idref="oc-25c"/>
      </symbol>
      <symbol id="sm-19e6">
         <name>GameData</name>
         <value>0x3c1e</value>
         <object_component_ref idref="oc-155"/>
      </symbol>
      <symbol id="sm-19e7">
         <name>FSM_StopGame</name>
         <value>0x10d02</value>
         <object_component_ref idref="oc-257"/>
      </symbol>
      <symbol id="sm-19e8">
         <name>GamePos</name>
         <value>0x13832</value>
         <object_component_ref idref="oc-310"/>
      </symbol>
      <symbol id="sm-19e9">
         <name>UpdateField</name>
         <value>0xd250</value>
         <object_component_ref idref="oc-2c4"/>
      </symbol>
      <symbol id="sm-19ea">
         <name>FSM_PushLeft</name>
         <value>0x10ba6</value>
         <object_component_ref idref="oc-258"/>
      </symbol>
      <symbol id="sm-19eb">
         <name>FSM_StartGame</name>
         <value>0xf562</value>
         <object_component_ref idref="oc-256"/>
      </symbol>
      <symbol id="sm-1a0b">
         <name>FSM_Init</name>
         <value>0x10ff4</value>
         <object_component_ref idref="oc-2ac"/>
      </symbol>
      <symbol id="sm-1a0c">
         <name>ActState</name>
         <value>0x3c68</value>
         <object_component_ref idref="oc-15b"/>
      </symbol>
      <symbol id="sm-1a0d">
         <name>FSM_Button</name>
         <value>0xea3a</value>
         <object_component_ref idref="oc-2ad"/>
      </symbol>
      <symbol id="sm-1a0e">
         <name>FSM_Win</name>
         <value>0xebda</value>
         <object_component_ref idref="oc-1e7"/>
      </symbol>
      <symbol id="sm-1a0f">
         <name>FSM_Right</name>
         <value>0xeb0a</value>
         <object_component_ref idref="oc-1e6"/>
      </symbol>
      <symbol id="sm-1a10">
         <name>FSM_Up</name>
         <value>0xeb72</value>
         <object_component_ref idref="oc-1e4"/>
      </symbol>
      <symbol id="sm-1a11">
         <name>FSM_Left</name>
         <value>0xf13e</value>
         <object_component_ref idref="oc-1e5"/>
      </symbol>
      <symbol id="sm-1a12">
         <name>StateTable</name>
         <value>0x1266e</value>
         <object_component_ref idref="oc-21c"/>
      </symbol>
      <symbol id="sm-1a13">
         <name>FSM_Down</name>
         <value>0xeaa2</value>
         <object_component_ref idref="oc-1e3"/>
      </symbol>
      <symbol id="sm-1a1c">
         <name>I_ASR</name>
         <value>0x10fa8</value>
         <object_component_ref idref="oc-160"/>
      </symbol>
      <symbol id="sm-1a24">
         <name>L_ASR_12</name>
         <value>0xff28</value>
         <object_component_ref idref="oc-338"/>
      </symbol>
      <symbol id="sm-1a25">
         <name>L_ASR_13</name>
         <value>0xff24</value>
         <object_component_ref idref="oc-338"/>
      </symbol>
      <symbol id="sm-1a26">
         <name>L_ASR_10</name>
         <value>0xff30</value>
         <object_component_ref idref="oc-338"/>
      </symbol>
      <symbol id="sm-1a27">
         <name>L_ASR_11</name>
         <value>0xff2c</value>
         <object_component_ref idref="oc-338"/>
      </symbol>
      <symbol id="sm-1a28">
         <name>L_ASR_14</name>
         <value>0xff20</value>
         <object_component_ref idref="oc-338"/>
      </symbol>
      <symbol id="sm-1a29">
         <name>L_ASR_15</name>
         <value>0xff1c</value>
         <object_component_ref idref="oc-338"/>
      </symbol>
      <symbol id="sm-1a2a">
         <name>L_ASR_3</name>
         <value>0xff4c</value>
         <object_component_ref idref="oc-338"/>
      </symbol>
      <symbol id="sm-1a2b">
         <name>L_ASR_2</name>
         <value>0xff50</value>
         <object_component_ref idref="oc-338"/>
      </symbol>
      <symbol id="sm-1a2c">
         <name>L_ASR_1</name>
         <value>0xff54</value>
         <object_component_ref idref="oc-338"/>
      </symbol>
      <symbol id="sm-1a2d">
         <name>L_ASR_7</name>
         <value>0xff3c</value>
         <object_component_ref idref="oc-338"/>
      </symbol>
      <symbol id="sm-1a2e">
         <name>L_ASR_6</name>
         <value>0xff40</value>
         <object_component_ref idref="oc-338"/>
      </symbol>
      <symbol id="sm-1a2f">
         <name>L_ASR_5</name>
         <value>0xff44</value>
         <object_component_ref idref="oc-338"/>
      </symbol>
      <symbol id="sm-1a30">
         <name>L_ASR_4</name>
         <value>0xff48</value>
         <object_component_ref idref="oc-338"/>
      </symbol>
      <symbol id="sm-1a31">
         <name>L_ASR_9</name>
         <value>0xff34</value>
         <object_component_ref idref="oc-338"/>
      </symbol>
      <symbol id="sm-1a32">
         <name>L_ASR_8</name>
         <value>0xff38</value>
         <object_component_ref idref="oc-338"/>
      </symbol>
      <symbol id="sm-1a43">
         <name>_c_int00_noexit</name>
         <value>0x4708</value>
         <object_component_ref idref="oc-50"/>
      </symbol>
      <symbol id="sm-1a44">
         <name>_c_int00</name>
         <value>0x4708</value>
         <object_component_ref idref="oc-50"/>
      </symbol>
      <symbol id="sm-1a45">
         <name>_stack</name>
         <value>0x4360</value>
         <object_component_ref idref="oc-169"/>
      </symbol>
      <symbol id="sm-1a46">
         <name>__TI_dtors_ptr</name>
         <value>0x3c44</value>
         <object_component_ref idref="oc-167"/>
      </symbol>
      <symbol id="sm-1a47">
         <name>__TI_cleanup_ptr</name>
         <value>0x3c40</value>
         <object_component_ref idref="oc-167"/>
      </symbol>
      <symbol id="sm-1a48">
         <name>_reset_vector</name>
         <value>0xfffe</value>
         <object_component_ref idref="oc-16a"/>
      </symbol>
      <symbol id="sm-1a69">
         <name>__remi</name>
         <value>0x10708</value>
         <object_component_ref idref="oc-17a"/>
      </symbol>
      <symbol id="sm-1a6a">
         <name>__divi</name>
         <value>0x10708</value>
         <object_component_ref idref="oc-17a"/>
      </symbol>
      <symbol id="sm-1a74">
         <name>__remu</name>
         <value>0x10d5a</value>
         <object_component_ref idref="oc-17e"/>
      </symbol>
      <symbol id="sm-1a75">
         <name>__divu</name>
         <value>0x10d5a</value>
         <object_component_ref idref="oc-17e"/>
      </symbol>
      <symbol id="sm-1a83">
         <name>__divul</name>
         <value>0xf3b6</value>
         <object_component_ref idref="oc-182"/>
      </symbol>
      <symbol id="sm-1a84">
         <name>__remul</name>
         <value>0xf3b6</value>
         <object_component_ref idref="oc-182"/>
      </symbol>
      <symbol id="sm-1a8f">
         <name>C$$EXIT</name>
         <value>0x11070</value>
         <object_component_ref idref="oc-1df"/>
      </symbol>
      <symbol id="sm-1a90">
         <name>abort</name>
         <value>0x11070</value>
         <object_component_ref idref="oc-1df"/>
      </symbol>
      <symbol id="sm-1a91">
         <name>__TI_exit</name>
         <value>0x1</value>
      </symbol>
      <symbol id="sm-1a9a">
         <name>I_LSL</name>
         <value>0x10fb2</value>
         <object_component_ref idref="oc-18a"/>
      </symbol>
      <symbol id="sm-1aa6">
         <name>L_LSL_3</name>
         <value>0x10030</value>
         <object_component_ref idref="oc-1f3"/>
      </symbol>
      <symbol id="sm-1aa7">
         <name>L_LSL_2</name>
         <value>0x10034</value>
         <object_component_ref idref="oc-1f3"/>
      </symbol>
      <symbol id="sm-1aa8">
         <name>L_LSL_1</name>
         <value>0x10038</value>
         <object_component_ref idref="oc-1f3"/>
      </symbol>
      <symbol id="sm-1aa9">
         <name>L_LSL_7</name>
         <value>0x10020</value>
         <object_component_ref idref="oc-1f3"/>
      </symbol>
      <symbol id="sm-1aaa">
         <name>L_LSL_6</name>
         <value>0x10024</value>
         <object_component_ref idref="oc-1f3"/>
      </symbol>
      <symbol id="sm-1aab">
         <name>L_LSL_5</name>
         <value>0x10028</value>
         <object_component_ref idref="oc-1f3"/>
      </symbol>
      <symbol id="sm-1aac">
         <name>L_LSL_4</name>
         <value>0x1002c</value>
         <object_component_ref idref="oc-1f3"/>
      </symbol>
      <symbol id="sm-1aad">
         <name>L_LSL_9</name>
         <value>0x10018</value>
         <object_component_ref idref="oc-1f3"/>
      </symbol>
      <symbol id="sm-1aae">
         <name>L_LSL_8</name>
         <value>0x1001c</value>
         <object_component_ref idref="oc-1f3"/>
      </symbol>
      <symbol id="sm-1aaf">
         <name>L_LSL</name>
         <value>0x10f26</value>
         <object_component_ref idref="oc-325"/>
      </symbol>
      <symbol id="sm-1ab0">
         <name>L_LSL_12</name>
         <value>0x1000c</value>
         <object_component_ref idref="oc-1f3"/>
      </symbol>
      <symbol id="sm-1ab1">
         <name>L_LSL_13</name>
         <value>0x10008</value>
         <object_component_ref idref="oc-1f3"/>
      </symbol>
      <symbol id="sm-1ab2">
         <name>L_LSL_10</name>
         <value>0x10014</value>
         <object_component_ref idref="oc-1f3"/>
      </symbol>
      <symbol id="sm-1ab3">
         <name>L_LSL_11</name>
         <value>0x10010</value>
         <object_component_ref idref="oc-1f3"/>
      </symbol>
      <symbol id="sm-1ab4">
         <name>L_LSL_14</name>
         <value>0x10004</value>
         <object_component_ref idref="oc-1f3"/>
      </symbol>
      <symbol id="sm-1ab5">
         <name>L_LSL_15</name>
         <value>0x10000</value>
         <object_component_ref idref="oc-1f3"/>
      </symbol>
      <symbol id="sm-1abe">
         <name>I_LSR</name>
         <value>0x10fbc</value>
         <object_component_ref idref="oc-191"/>
      </symbol>
      <symbol id="sm-1ac6">
         <name>L_LSR_12</name>
         <value>0x1004a</value>
         <object_component_ref idref="oc-2c5"/>
      </symbol>
      <symbol id="sm-1ac7">
         <name>L_LSR_13</name>
         <value>0x10046</value>
         <object_component_ref idref="oc-2c5"/>
      </symbol>
      <symbol id="sm-1ac8">
         <name>L_LSR_10</name>
         <value>0x10052</value>
         <object_component_ref idref="oc-2c5"/>
      </symbol>
      <symbol id="sm-1ac9">
         <name>L_LSR_11</name>
         <value>0x1004e</value>
         <object_component_ref idref="oc-2c5"/>
      </symbol>
      <symbol id="sm-1aca">
         <name>L_LSR_14</name>
         <value>0x10042</value>
         <object_component_ref idref="oc-2c5"/>
      </symbol>
      <symbol id="sm-1acb">
         <name>L_LSR_15</name>
         <value>0x1003e</value>
         <object_component_ref idref="oc-2c5"/>
      </symbol>
      <symbol id="sm-1acc">
         <name>L_LSR_3</name>
         <value>0x1006e</value>
         <object_component_ref idref="oc-2c5"/>
      </symbol>
      <symbol id="sm-1acd">
         <name>L_LSR_2</name>
         <value>0x10072</value>
         <object_component_ref idref="oc-2c5"/>
      </symbol>
      <symbol id="sm-1ace">
         <name>L_LSR_1</name>
         <value>0x10076</value>
         <object_component_ref idref="oc-2c5"/>
      </symbol>
      <symbol id="sm-1acf">
         <name>L_LSR_7</name>
         <value>0x1005e</value>
         <object_component_ref idref="oc-2c5"/>
      </symbol>
      <symbol id="sm-1ad0">
         <name>L_LSR_6</name>
         <value>0x10062</value>
         <object_component_ref idref="oc-2c5"/>
      </symbol>
      <symbol id="sm-1ad1">
         <name>L_LSR_5</name>
         <value>0x10066</value>
         <object_component_ref idref="oc-2c5"/>
      </symbol>
      <symbol id="sm-1ad2">
         <name>L_LSR_4</name>
         <value>0x1006a</value>
         <object_component_ref idref="oc-2c5"/>
      </symbol>
      <symbol id="sm-1ad3">
         <name>L_LSR_9</name>
         <value>0x10056</value>
         <object_component_ref idref="oc-2c5"/>
      </symbol>
      <symbol id="sm-1ad4">
         <name>L_LSR_8</name>
         <value>0x1005a</value>
         <object_component_ref idref="oc-2c5"/>
      </symbol>
      <symbol id="sm-1ae1">
         <name>memcpy</name>
         <value>0x107b6</value>
         <object_component_ref idref="oc-201"/>
      </symbol>
      <symbol id="sm-1aee">
         <name>memset</name>
         <value>0x10ab4</value>
         <object_component_ref idref="oc-230"/>
      </symbol>
      <symbol id="sm-1af6">
         <name>__mpyul_f5hw</name>
         <value>0x10bf4</value>
         <object_component_ref idref="oc-34c"/>
      </symbol>
      <symbol id="sm-1afe">
         <name>__mpyi_f5hw</name>
         <value>0x10d70</value>
         <object_component_ref idref="oc-1a3"/>
      </symbol>
      <symbol id="sm-1b06">
         <name>__mpyl_f5hw</name>
         <value>0x109f0</value>
         <object_component_ref idref="oc-1a7"/>
      </symbol>
      <symbol id="sm-1b17">
         <name>rand</name>
         <value>0xfde4</value>
         <object_component_ref idref="oc-2b0"/>
      </symbol>
      <symbol id="sm-1b18">
         <name>srand</name>
         <value>0x10d86</value>
         <object_component_ref idref="oc-2af"/>
      </symbol>
      <symbol id="sm-1b22">
         <name>L_ROTL</name>
         <value>0x10eb2</value>
         <object_component_ref idref="oc-1b1"/>
      </symbol>
      <symbol id="sm-1b2e">
         <name>_nop</name>
         <value>0x1107c</value>
         <object_component_ref idref="oc-1db"/>
      </symbol>
      <symbol id="sm-1b2f">
         <name>_lock</name>
         <value>0x3c38</value>
         <object_component_ref idref="oc-1b5"/>
      </symbol>
      <symbol id="sm-1b30">
         <name>_unlock</name>
         <value>0x3c3c</value>
         <object_component_ref idref="oc-1b5"/>
      </symbol>
      <symbol id="sm-1b38">
         <name>__TI_args_main</name>
         <value>0x1</value>
      </symbol>
      <symbol id="sm-1b48">
         <name>_auto_init</name>
         <value>0xf0e0</value>
         <object_component_ref idref="oc-1dd"/>
      </symbol>
      <symbol id="sm-1b49">
         <name>__TI_auto_init</name>
         <value>0x1</value>
      </symbol>
   </symbol_table>
   <title>Link successful</title>
</link_info>
