******************************************************************************
                  MSP430 Linker PC v4.2.1                      
******************************************************************************
>> Linked Tue Dec 03 03:14:01 2013

OUTPUT FILE NAME:   <MSP-EXP430F5529UserExperience.out>
ENTRY POINT SYMBOL: "_c_int00"  address: 00004708


MEMORY CONFIGURATION

         name            origin    length      used     unused   attr    fill
----------------------  --------  ---------  --------  --------  ----  --------
  SFR                   00000000   00000010  00000000  00000010  RWIX
  PERIPHERALS_8BIT      00000010   000000f0  00000000  000000f0  RWIX
  PERIPHERALS_16BIT     00000100   00000100  00000000  00000100  RWIX
  INFOD                 00001800   00000080  00000000  00000080  RWIX
  INFOC                 00001880   00000080  00000000  00000080  RWIX
  INFOB                 00001900   00000080  00000000  00000080  RWIX
  INFOA                 00001980   00000080  00000000  00000080  RWIX
  RAM                   00002400   00002000  00001909  000006f7  RWIX
  FLASH                 00004400   0000bb80  0000bb80  00000000  RWIX
  INT00                 0000ff80   00000002  00000000  00000002  RWIX
  INT01                 0000ff82   00000002  00000000  00000002  RWIX
  INT02                 0000ff84   00000002  00000000  00000002  RWIX
  INT03                 0000ff86   00000002  00000000  00000002  RWIX
  INT04                 0000ff88   00000002  00000000  00000002  RWIX
  INT05                 0000ff8a   00000002  00000000  00000002  RWIX
  INT06                 0000ff8c   00000002  00000000  00000002  RWIX
  INT07                 0000ff8e   00000002  00000000  00000002  RWIX
  INT08                 0000ff90   00000002  00000000  00000002  RWIX
  INT09                 0000ff92   00000002  00000000  00000002  RWIX
  INT10                 0000ff94   00000002  00000000  00000002  RWIX
  INT11                 0000ff96   00000002  00000000  00000002  RWIX
  INT12                 0000ff98   00000002  00000000  00000002  RWIX
  INT13                 0000ff9a   00000002  00000000  00000002  RWIX
  INT14                 0000ff9c   00000002  00000000  00000002  RWIX
  INT15                 0000ff9e   00000002  00000000  00000002  RWIX
  INT16                 0000ffa0   00000002  00000000  00000002  RWIX
  INT17                 0000ffa2   00000002  00000000  00000002  RWIX
  INT18                 0000ffa4   00000002  00000000  00000002  RWIX
  INT19                 0000ffa6   00000002  00000000  00000002  RWIX
  INT20                 0000ffa8   00000002  00000000  00000002  RWIX
  INT21                 0000ffaa   00000002  00000000  00000002  RWIX
  INT22                 0000ffac   00000002  00000000  00000002  RWIX
  INT23                 0000ffae   00000002  00000000  00000002  RWIX
  INT24                 0000ffb0   00000002  00000000  00000002  RWIX
  INT25                 0000ffb2   00000002  00000000  00000002  RWIX
  INT26                 0000ffb4   00000002  00000000  00000002  RWIX
  INT27                 0000ffb6   00000002  00000000  00000002  RWIX
  INT28                 0000ffb8   00000002  00000000  00000002  RWIX
  INT29                 0000ffba   00000002  00000000  00000002  RWIX
  INT30                 0000ffbc   00000002  00000000  00000002  RWIX
  INT31                 0000ffbe   00000002  00000000  00000002  RWIX
  INT32                 0000ffc0   00000002  00000000  00000002  RWIX
  INT33                 0000ffc2   00000002  00000000  00000002  RWIX
  INT34                 0000ffc4   00000002  00000000  00000002  RWIX
  INT35                 0000ffc6   00000002  00000000  00000002  RWIX
  INT36                 0000ffc8   00000002  00000000  00000002  RWIX
  INT37                 0000ffca   00000002  00000000  00000002  RWIX
  INT38                 0000ffcc   00000002  00000000  00000002  RWIX
  INT39                 0000ffce   00000002  00000000  00000002  RWIX
  INT40                 0000ffd0   00000002  00000000  00000002  RWIX
  INT41                 0000ffd2   00000002  00000002  00000000  RWIX
  INT42                 0000ffd4   00000002  00000002  00000000  RWIX
  INT43                 0000ffd6   00000002  00000000  00000002  RWIX
  INT44                 0000ffd8   00000002  00000002  00000000  RWIX
  INT45                 0000ffda   00000002  00000000  00000002  RWIX
  INT46                 0000ffdc   00000002  00000000  00000002  RWIX
  INT47                 0000ffde   00000002  00000002  00000000  RWIX
  INT48                 0000ffe0   00000002  00000000  00000002  RWIX
  INT49                 0000ffe2   00000002  00000002  00000000  RWIX
  INT50                 0000ffe4   00000002  00000000  00000002  RWIX
  INT51                 0000ffe6   00000002  00000002  00000000  RWIX
  INT52                 0000ffe8   00000002  00000000  00000002  RWIX
  INT53                 0000ffea   00000002  00000000  00000002  RWIX
  INT54                 0000ffec   00000002  00000002  00000000  RWIX
  INT55                 0000ffee   00000002  00000000  00000002  RWIX
  INT56                 0000fff0   00000002  00000000  00000002  RWIX
  INT57                 0000fff2   00000002  00000002  00000000  RWIX
  INT58                 0000fff4   00000002  00000000  00000002  RWIX
  INT59                 0000fff6   00000002  00000000  00000002  RWIX
  INT60                 0000fff8   00000002  00000000  00000002  RWIX
  INT61                 0000fffa   00000002  00000002  00000000  RWIX
  INT62                 0000fffc   00000002  00000000  00000002  RWIX
  RESET                 0000fffe   00000002  00000002  00000000  RWIX
  FLASH2                00010000   00014400  000038f1  00010b0f  RWIX


SECTION ALLOCATION MAP

 output                                  attributes/
section   page    origin      length       input sections
--------  ----  ----------  ----------   ----------------
.pinit     0    00004400    00000000     UNINITIALIZED

.bss       0    00002400    00001869     UNINITIALIZED
                  00002400    000006b0     MSP-EXP430F5529_UE.lib : MenuGames.obj (.bss)
                  00002ab0    00000614                            : MassStorageCommon.obj (.bss)
                  000030c4    00000348                            : HAL_Dogs102x6.obj (.bss)
                  0000340c    0000024e                            : SDCard.obj (.bss)
                  0000365a    000001f6                            : UsbMscScsi.obj (.bss)
                  00003850    000001e8                            : Demo_Cube.obj (.bss)
                  00003a38    00000082                            : EchoUsb.obj (.bss)
                  00003aba    0000004c                            : usb.obj (.bss)
                  00003b06    00000044                            : Random.obj (.bss)
                  00003b4a    0000002e                            : UsbCdc.obj (.bss)
                  00003b78    00000028                            : UsbHid.obj (.bss)
                  00003ba0    00000027                            : Clock.obj (.bss)
                  00003bc7    00000022                            : 5xx_ACTIVE_test.obj (.bss)
                  00003be9    0000001f                            : UsbMscUser.obj (.bss)
                  00003c08    00000016                            : CTS_Layer.obj (.bss)
                  00003c1e    0000000a                            : fsm_transition.obj (.bss)
                  00003c28    00000008                            : HAL_Cma3000.obj (.bss)
                  00003c30    00000008                            : dma.obj (.bss)
                  00003c38    00000008     rts430xl.lib : _lock.obj (.bss)
                  00003c40    00000008                  : boot.obj (.bss)
                  00003c48    00000006     MSP-EXP430F5529_UE.lib : ff.obj (.bss)
                  00003c4e    00000005                            : Mouse.obj (.bss)
                  00003c53    00000001                            : MassStorage.obj (.bss)
                  00003c54    00000004                            : HAL_Buttons.obj (.bss)
                  00003c58    00000004                            : HAL_Wheel.obj (.bss)
                  00003c5c    00000004     rts430xl.lib : rand.obj (.bss)
                  00003c60    00000003     MSP-EXP430F5529_UE.lib : mmc.obj (.bss)
                  00003c63    00000002                            : PMM.obj (.bss)
                  00003c65    00000001                            : Puzzle.obj (.bss)
                  00003c66    00000002     UserExperience.obj (.bss)
                  00003c68    00000001     MSP-EXP430F5529_UE.lib : fsm.obj (.bss)

.stack     0    00004360    000000a0     UNINITIALIZED
                  00004360    00000004     rts430xl.lib : boot.obj (.stack)
                  00004364    0000009c     --HOLE--

.text:_isr 
*          0    00004400    00000390     
                  00004400    0000019c     MSP-EXP430F5529_UE.lib : UsbIsr.obj (.text:_isr:iUsbInterruptHandler)
                  0000459c    000000be                            : Puzzle.obj (.text:_isr:Timer_A1_CCR0_ISR)
                  0000465a    0000003c                            : HAL_Buttons.obj (.text:_isr:Port1_ISR)
                  00004696    0000003c                            : HAL_Buttons.obj (.text:_isr:Port2_ISR)
                  000046d2    00000036                            : DemoApps.obj (.text:_isr:UNMI_ISR)
                  00004708    0000002a     rts430xl.lib : boot.obj (.text:_isr:_c_int00_noexit)
                  00004732    0000001a     MSP-EXP430F5529_UE.lib : HAL_Buttons.obj (.text:_isr:WDT_ISR)
                  0000474c    00000018                            : Mouse.obj (.text:_isr:TIMER2_A0_ISR)
                  00004764    00000016                            : HAL_Wheel.obj (.text:_isr:ADC12_ISR)
                  0000477a    00000016                            : Clock.obj (.text:_isr:RTC_ISR)

.cinit     0    00004790    00000214     
                  00004790    0000005f     MSP-EXP430F5529_UE.lib : Clock.obj (.cinit)
                  000047ef    00000001     --HOLE-- [fill = 0]
                  000047f0    0000003e                            : HAL_Dogs102x6.obj (.cinit)
                  0000482e    00000032                            : UsbMscScsi.obj (.cinit)
                  00004860    0000002b                            : MenuGames.obj (.cinit)
                  0000488b    00000001     --HOLE-- [fill = 0]
                  0000488c    00000027                            : SDCard.obj (.cinit)
                  000048b3    00000001     --HOLE-- [fill = 0]
                  000048b4    00000026                            : UsbMscUser.obj (.cinit)
                  000048da    00000022                            : usb.obj (.cinit)
                  000048fc    00000018                            : Demo_Cube.obj (.cinit)
                  00004914    00000011                            : Mouse.obj (.cinit)
                  00004925    00000001     --HOLE-- [fill = 0]
                  00004926    00000010                            : HAL_Buttons.obj (.cinit)
                  00004936    0000000f                            : MassStorageCommon.obj (.cinit)
                  00004945    00000001     --HOLE-- [fill = 0]
                  00004946    0000000f                            : PMM.obj (.cinit)
                  00004955    00000001     --HOLE-- [fill = 0]
                  00004956    0000000f                            : UsbHid.obj (.cinit)
                  00004965    00000001     --HOLE-- [fill = 0]
                  00004966    0000000f                            : mmc.obj (.cinit)
                  00004975    00000001     --HOLE-- [fill = 0]
                  00004976    0000000a                            : Random.obj (.cinit)
                  00004980    0000000a     rts430xl.lib : rand.obj (.cinit)
                  0000498a    00000008     MSP-EXP430F5529_UE.lib : CTS_Layer.obj (.cinit)
                  00004992    00000007                            : MassStorage.obj (.cinit)
                  00004999    00000001     --HOLE-- [fill = 0]
                  0000499a    00000007                            : Puzzle.obj (.cinit)
                  000049a1    00000001     --HOLE-- [fill = 0]
                  000049a2    00000002     (.pad.cinit) [fill = 0]

.text.1    0    000049a4    0000b5dc     
                  000049a4    0000091e     MSP-EXP430F5529_UE.lib : ff.obj (.text:chk_mounted)
                  000052c2    00000868                            : Clock.obj (.text:SetTime)
                  00005b2a    000004c6                            : Random.obj (.text:RandomNumber)
                  00005ff0    000004ba                            : Demo_Cube.obj (.text:Rotate3DPointXYZ)
                  000064aa    0000046e                            : MenuGames.obj (.text:LaunchpadDef)
                  00006918    0000040e                            : UsbMscScsi.obj (.text:MSCFromHostToBuffer)
                  00006d26    000003bc                            : UsbMscScsi.obj (.text:USBMSC_bufferProcessed)
                  000070e2    000003b0                            : MenuGames.obj (.text:Simon)
                  00007492    000002b8                            : MenuGames.obj (.text:UpdateBackground)
                  0000774a    0000027c                            : UsbMscScsi.obj (.text:MSCToHostFromBuffer)
                  000079c6    00000278                            : CTS_Layer.obj (.text:TI_CAPT_Custom)
                  00007c3e    00000246                            : PMM.obj (.text:MenuPMMMCLK)
                  00007e84    00000224                            : ff.obj (.text:f_open)
                  000080a8    00000212                            : MenuGames.obj (.text:UpdateMissile)
                  000082ba    00000202                            : UsbCdc.obj (.text:USBCDC_receiveData)
                  000084bc    000001ee                            : UsbMscScsi.obj (.text:Scsi_Cmd_Parser)
                  000086aa    000001ee                            : ff.obj (.text:f_read)
                  00008898    000001e4                            : Clock.obj (.text:AnalogClockUpdate)
                  00008a7c    000001ca                            : SDCard.obj (.text:SDCard)
                  00008c46    000001be                            : MenuGames.obj (.text:UpdateMines)
                  00008e04    000001b6                            : Demo_Cube.obj (.text:DrawCube)
                  00008fba    000001ae                            : ff.obj (.text:get_fileinfo)
                  00009168    000001a4                            : DemoApps.obj (.text:CapDemo)
                  0000930c    000001a0                            : PMM.obj (.text:MeasurementMode)
                  000094ac    00000194                            : ff.obj (.text:put_fat)
                  00009640    00000190                            : UsbMscScsi.obj (.text:USBMSC_updateMediaInfo)
                  000097d0    00000188                            : UsbCdc.obj (.text:CdcToHostFromBuffer)
                  00009958    00000186                            : ff.obj (.text:create_name)
                  00009ade    00000180                            : HAL_Dogs102x6.obj (.text:Dogs102x6_verticalLineDraw)
                  00009c5e    0000016e                            : ff.obj (.text:dir_next)
                  00009dcc    0000016c                            : UsbHid.obj (.text:HidToHostFromBuffer)
                  00009f38    00000166                            : CTS_Layer.obj (.text:TI_CAPT_Slider)
                  0000a09e    0000015e                            : PowerTest.obj (.text:PowerMenu)
                  0000a1fc    0000015c                            : usb.obj (.text:USB_reset)
                  0000a358    0000015c                            : ff.obj (.text:f_sync)
                  0000a4b4    0000015a                            : UsbHid.obj (.text:HidToBufferFromHost)
                  0000a60e    00000158                            : HAL_Dogs102x6.obj (.text:Dogs102x6_circleDraw)
                  0000a766    00000146                            : HAL_Dogs102x6.obj (.text:Dogs102x6_charDrawXY)
                  0000a8ac    00000146                            : ff.obj (.text:get_fat)
                  0000a9f2    00000144                            : Mouse.obj (.text:Mouse)
                  0000ab36    0000013c                            : mmc.obj (.text:disk_initialize)
                  0000ac72    00000138                            : HAL_Dogs102x6.obj (.text:Dogs102x6_lineDraw)
                  0000adaa    00000134                            : SDCard.obj (.text:ActiveFile)
                  0000aede    00000132                            : EchoUsb.obj (.text:EchoUSB)
                  0000b010    00000130                            : SDCard.obj (.text:GetDirectory)
                  0000b140    0000012e                            : UsbCdc.obj (.text:CdcToBufferFromHost)
                  0000b26e    0000012e     UserExperience.obj (.text:main)
                  0000b39c    00000122     MSP-EXP430F5529_UE.lib : UsbMscScsi.obj (.text:Scsi_Inquiry)
                  0000b4be    00000122                            : UsbMscStateMachine.obj (.text:USBMSC_poll)
                  0000b5e0    0000011e                            : ff.obj (.text:create_chain)
                  0000b6fe    0000010c                            : UsbMscScsi.obj (.text:Scsi_Write10)
                  0000b80a    00000106                            : Clock.obj (.text:AnalogClockDrawHand)
                  0000b910    00000104                            : LPM.obj (.text:LowPowerMode4)
                  0000ba14    000000f6                            : UsbCdc.obj (.text:USBCDC_intfStatus)
                  0000bb0a    000000f4                            : UsbMscScsi.obj (.text:Scsi_Read10)
                  0000bbfe    000000f0                            : ff.obj (.text:sync)
                  0000bcee    000000ec                            : ff.obj (.text:follow_path)
                  0000bdda    000000e8                            : MenuGames.obj (.text:DrawShip)
                  0000bec2    000000e8                            : HAL_UCS.obj (.text:Init_FLL)
                  0000bfaa    000000e8                            : ff.obj (.text:dir_sdi)
                  0000c092    000000e8                            : mmc.obj (.text:disk_ioctl)
                  0000c17a    000000e4                            : HAL_Board.obj (.text:Board_init)
                  0000c25e    000000de                            : CTS_HAL.obj (.text:TI_CTS_fRO_COMPB_TA1_SW_HAL)
                  0000c33c    000000dc                            : LPM.obj (.text:LowPowerMode3)
                  0000c418    000000dc                            : PMM.obj (.text:SetValues)
                  0000c4f4    000000da                            : usb.obj (.text:USB_InitSerialStringDescriptor)
                  0000c5ce    000000d8                            : ff.obj (.text:f_opendir)
                  0000c6a6    000000d6                            : DemoApps.obj (.text:CapLED)
                  0000c77c    000000d6                            : SDCard.obj (.text:SDDisplay)
                  0000c852    000000d4                            : UsbMscScsi.obj (.text:Check_CBW)
                  0000c926    000000d2                            : Demo_Cube.obj (.text:Demo_Cube)
                  0000c9f8    000000d2                            : Clock.obj (.text:DigitalClockUpdate)
                  0000caca    000000ce                            : UsbMscScsi.obj (.text:Scsi_Request_Sense)
                  0000cb98    000000ce                            : HAL_PMM.obj (.text:SetVCoreUp)
                  0000cc66    000000c6                            : mmc.obj (.text:disk_write)
                  0000cd2c    000000c4                            : HAL_Dogs102x6.obj (.text:Dogs102x6_horizontalLineDraw)
                  0000cdf0    000000c2                            : LPM.obj (.text:LowPowerMode0)
                  0000ceb2    000000be                            : MassStorage.obj (.text:MassStorage)
                  0000cf70    000000ba                            : CTS_Layer.obj (.text:Dominant_Element)
                  0000d02a    000000ba                            : ff.obj (.text:move_window)
                  0000d0e4    000000b6                            : Clock.obj (.text:AnalogClockInit)
                  0000d19a    000000b6                            : Demo_Cube.obj (.text:RotateCube)
                  0000d250    000000b4                            : fsm_transition.obj (.text:UpdateField)
                  0000d304    000000b2                            : mmc.obj (.text:send_cmd)
                  0000d3b6    000000b0                            : SDCard.obj (.text:ActiveDirectory)
                  0000d466    000000ac                            : HAL_Dogs102x6.obj (.text:Dogs102x6_writeData)
                  0000d512    000000aa                            : MenuGames.obj (.text:DrawExplosions)
                  0000d5bc    000000a4                            : LPM.obj (.text:MenuLPM)
                  0000d660    000000a4                            : UsbHid.obj (.text:USBHID_sendReport)
                  0000d704    000000a4                            : ff.obj (.text:remove_chain)
                  0000d7a8    000000a2                            : HAL_Menu.obj (.text:Menu_active)
                  0000d84a    000000a2                            : UsbCdc.obj (.text:USBCDC_bytesInUSBBuffer)
                  0000d8ec    000000a0                            : mmc.obj (.text:disk_read)
                  0000d98c    0000009c                            : UsbCdc.obj (.text:USBCDC_sendData)
                  0000da28    0000009a                            : HAL_Cma3000.obj (.text:Cma3000_init)
                  0000dac2    00000096                            : usb.obj (.text:USB_connectionState)
                  0000db58    00000092                            : usb.obj (.text:usbDecodeAndProcessUsbRequest)
                  0000dbea    00000090                            : ff.obj (.text:check_fs)
                  0000dc7a    0000008e                            : usb.obj (.text:USB_enable)
                  0000dd08    0000008c                            : Settings.obj (.text:CalibrateAccel)
                  0000dd94    0000008c                            : HAL_PMM.obj (.text:SetVCoreDown)
                  0000de20    0000008a                            : HAL_Dogs102x6.obj (.text:Dogs102x6_charDraw)
                  0000deaa    00000086                            : mmc.obj (.text:validateCSD)
                  0000df30    00000084                            : UsbCdc.obj (.text:CopyUsbToBuff)
                  0000dfb4    00000084                            : UsbHid.obj (.text:HidCopyUsbToBuff)
                  0000e038    00000082                            : HAL_Dogs102x6.obj (.text:Dogs102x6_pixelDraw)
                  0000e0ba    00000082                            : usb.obj (.text:usbClearEndpointFeature)
                  0000e13c    00000080                            : Settings.obj (.text:ContrastSetting)
                  0000e1bc    00000080                            : Settings.obj (.text:Version)
                  0000e23c    0000007c                            : ff.obj (.text:dir_register)
                  0000e2b8    0000007a                            : HAL_Dogs102x6.obj (.text:Dogs102x6_stringDraw)
                  0000e332    00000078                            : HAL_Dogs102x6.obj (.text:Dogs102x6_init)
                  0000e3aa    00000078                            : UsbMscScsi.obj (.text:Scsi_Unknown_Request)
                  0000e422    00000076                            : SDCard.obj (.text:GetFile)
                  0000e498    00000074                            : Settings.obj (.text:BacklightSetting)
                  0000e50c    00000074                            : fsm_transition.obj (.text:FSM_InitGame)
                  0000e580    00000074                            : UsbMscScsi.obj (.text:MscCopyUsbToBuff)
                  0000e5f4    00000074                            : usb.obj (.text:usbGetEndpointStatus)
                  0000e668    00000074                            : usb.obj (.text:usbSendNextPacketOnIEP0)
                  0000e6dc    00000070                            : MassStorageCommon.obj (.text:read_LUN0)
                  0000e74c    0000006e                            : usbConstructs.obj (.text:cdcSendDataInBackground)
                  0000e7ba    0000006e                            : MassStorageCommon.obj (.text:write_LUN0)
                  0000e828    0000006c                            : ff.obj (.text:dir_read)
                  0000e894    0000006a                            : DemoApps.obj (.text:DemoApp)
                  0000e8fe    0000006a                            : UsbMscScsi.obj (.text:MscSendData)
                  0000e968    0000006a                            : ff.obj (.text:dir_find)
                  0000e9d2    00000068                            : MenuGames.obj (.text:DrawImage)
                  0000ea3a    00000068                            : fsm.obj (.text:FSM_Button)
                  0000eaa2    00000068                            : fsm.obj (.text:FSM_Down)
                  0000eb0a    00000068                            : fsm.obj (.text:FSM_Right)
                  0000eb72    00000068                            : fsm.obj (.text:FSM_Up)
                  0000ebda    00000068                            : fsm.obj (.text:FSM_Win)
                  0000ec42    00000066                            : HAL_Dogs102x6.obj (.text:Dogs102x6_setAddress)
                  0000eca8    00000064                            : Clock.obj (.text:DisplayDigitalClock)
                  0000ed0c    00000064                            : UsbCdc.obj (.text:Handler_SetLineCoding)
                  0000ed70    00000064                            : UsbMscScsi.obj (.text:Reset_RequestSenseResponse)
                  0000edd4    00000064                            : Settings.obj (.text:WriteFlashSettings)
                  0000ee38    00000064                            : ff.obj (.text:f_readdir)
                  0000ee9c    00000062                            : HAL_TLV.obj (.text:Get_TLV_Info)
                  0000eefe    00000062                            : usb.obj (.text:USB_init)
                  0000ef60    00000062                            : UsbCdc.obj (.text:usbGetLineCoding)
                  0000efc2    00000060                            : UsbMscScsi.obj (.text:Msc_ResetStruct)
                  0000f022    00000060                            : Settings.obj (.text:Settings)
                  0000f082    0000005e                            : SDCard.obj (.text:ClearTempData)
                  0000f0e0    0000005e     rts430xl.lib : autoinit.obj (.text:_auto_init)
                  0000f13e    0000005c     MSP-EXP430F5529_UE.lib : fsm.obj (.text:FSM_Left)
                  0000f19a    0000005a                            : LPM.obj (.text:DisablePorts)
                  0000f1f4    0000005a                            : UsbMscScsi.obj (.text:Scsi_Mode_Sense10)
                  0000f24e    0000005a                            : UsbMscScsi.obj (.text:Scsi_Mode_Sense6)
                  0000f2a8    0000005a                            : UsbMscScsi.obj (.text:Scsi_Verify_CBW)
                  0000f302    0000005a                            : MassStorageCommon.obj (.text:checkInsertionRemoval)
                  0000f35c    0000005a                            : MassStorageCommon.obj (.text:msc_Init)
                  0000f3b6    00000058     rts430xl.lib : div32u.obj (.text)
                  0000f40e    00000056     MSP-EXP430F5529_UE.lib : Clock.obj (.text:ClockMenu)
                  0000f464    00000056                            : HAL_Wheel.obj (.text:Wheel_getValue)
                  0000f4ba    00000054                            : MenuGames.obj (.text:strrev)
                  0000f50e    00000054                            : mmc.obj (.text:xmit_datablock)
                  0000f562    00000050                            : fsm_transition.obj (.text:FSM_StartGame)
                  0000f5b2    00000050                            : UsbMscScsi.obj (.text:USBMSC_registerBufInfo)
                  0000f602    00000050                            : MenuGames.obj (.text:itoa)
                  0000f652    00000050                            : MassStorageCommon.obj (.text:msc_Loop)
                  0000f6a2    0000004e                            : HAL_Board.obj (.text:Board_ledOff)
                  0000f6f0    0000004e                            : HAL_Board.obj (.text:Board_ledOn)
                  0000f73e    0000004e                            : HAL_Board.obj (.text:Board_ledToggle)
                  0000f78c    0000004e                            : mmc.obj (.text:rcvr_datablock)
                  0000f7da    0000004c                            : MenuGames.obj (.text:MenuGames)
                  0000f826    0000004c                            : UsbIsr.obj (.text:OEP0InterruptHandler)
                  0000f872    0000004c                            : Puzzle.obj (.text:StartPuzzle)
                  0000f8be    0000004c                            : usb.obj (.text:usbGetStringDescriptor)
                  0000f90a    0000004a                            : HAL_Cma3000.obj (.text:Cma3000_readRegister)
                  0000f954    0000004a                            : HAL_Cma3000.obj (.text:Cma3000_writeRegister)
                  0000f99e    0000004a                            : HAL_SDCard.obj (.text:SDCard_init)
                  0000f9e8    00000048                            : HAL_Dogs102x6.obj (.text:Dogs102x6_clearImage)
                  0000fa30    00000048                            : HAL_Dogs102x6.obj (.text:Dogs102x6_stringDrawXY)
                  0000fa78    00000048                            : SDCard.obj (.text:die)
                  0000fac0    00000048                            : usb.obj (.text:usbReceiveNextPacketOnOEP0)
                  0000fb08    00000046                            : Demo_Cube.obj (.text:Demo_Cube1)
                  0000fb4e    00000046                            : UsbMscReq.obj (.text:USBMSC_reset)
                  0000fb94    00000044                            : UsbIsr.obj (.text:SetupPacketInterruptHandler)
                  0000fbd8    00000044                            : usb.obj (.text:usbSetEndpointFeature)
                  0000fc1c    00000044                            : usb.obj (.text:usbSetInterface)
                  0000fc60    00000042                            : MassStorageCommon.obj (.text:ClockUSB)
                  0000fca2    00000042                            : UsbIsr.obj (.text:PWRVBUSoffHandler)
                  0000fce4    00000040                            : UsbCdc.obj (.text:CdcResetData)
                  0000fd24    00000040                            : HAL_Cma3000.obj (.text:Cma3000_readAccel)
                  0000fd64    00000040                            : HAL_Dogs102x6.obj (.text:Dogs102x6_imageDraw)
                  0000fda4    00000040                            : usbConstructs.obj (.text:cdcReceiveDataInBuffer)
                  0000fde4    00000040     rts430xl.lib : rand.obj (.text:rand)
                  0000fe24    0000003e     MSP-EXP430F5529_UE.lib : HAL_Dogs102x6.obj (.text:Dogs102x6_setBacklight)
                  0000fe62    0000003e                            : HAL_Dogs102x6.obj (.text:Dogs102x6_writeCommand)
                  0000fea0    0000003e                            : UsbMscScsi.obj (.text:USBMSC_getState)
                  0000fede    0000003e                            : ff.obj (.text:clust2sect)
                  0000ff1c    0000003e     rts430xl.lib : asr32.obj (.text:l_asr_const)
                  0000ff5a    00000026     MSP-EXP430F5529_UE.lib : HAL_Wheel.obj (.text:Wheel_init)

.int41     0    0000ffd2    00000002     
                  0000ffd2    00000002     MSP-EXP430F5529_UE.lib : Clock.obj (.int41)

.int42     0    0000ffd4    00000002     
                  0000ffd4    00000002     MSP-EXP430F5529_UE.lib : HAL_Buttons.obj (.int42)

.int44     0    0000ffd8    00000002     
                  0000ffd8    00000002     MSP-EXP430F5529_UE.lib : Mouse.obj (.int44)

.int47     0    0000ffde    00000002     
                  0000ffde    00000002     MSP-EXP430F5529_UE.lib : HAL_Buttons.obj (.int47)

.int49     0    0000ffe2    00000002     
                  0000ffe2    00000002     MSP-EXP430F5529_UE.lib : Puzzle.obj (.int49)

.int51     0    0000ffe6    00000002     
                  0000ffe6    00000002     MSP-EXP430F5529_UE.lib : UsbIsr.obj (.int51)

.int54     0    0000ffec    00000002     
                  0000ffec    00000002     MSP-EXP430F5529_UE.lib : HAL_Wheel.obj (.int54)

.int57     0    0000fff2    00000002     
                  0000fff2    00000002     MSP-EXP430F5529_UE.lib : HAL_Buttons.obj (.int57)

.int61     0    0000fffa    00000002     
                  0000fffa    00000002     MSP-EXP430F5529_UE.lib : DemoApps.obj (.int61)

.reset     0    0000fffe    00000002     
                  0000fffe    00000002     rts430xl.lib : boot.obj (.reset)

.text.2    0    00010000    0000107e     
                  00010000    0000003e     rts430xl.lib : lsl32.obj (.text:l_lsl_const)
                  0001003e    0000003e                  : lsr32.obj (.text:l_lsr_const)
                  0001007c    0000003c     MSP-EXP430F5529_UE.lib : UsbMscScsi.obj (.text:Scsi_Send_CSW)
                  000100b8    0000003c                            : Clock.obj (.text:SetupRTC)
                  000100f4    0000003a                            : CTS_Layer.obj (.text:TI_CAPT_Buttons)
                  0001012e    0000003a                            : HAL_UCS.obj (.text:XT2_Start_Timeout)
                  00010168    00000038                            : Clock.obj (.text:DigitalClockDraw)
                  000101a0    00000038                            : HAL_Dogs102x6.obj (.text:Dogs102x6_clearRow)
                  000101d8    00000038                            : HAL_PMM.obj (.text:SetVCore)
                  00010210    00000036                            : HAL_Dogs102x6.obj (.text:Dogs102x6_clearScreen)
                  00010246    00000036                            : Settings.obj (.text:LEDTest)
                  0001027c    00000036                            : HAL_UCS.obj (.text:LFXT_Start)
                  000102b2    00000036                            : HAL_Wheel.obj (.text:Wheel_getPosition)
                  000102e8    00000034                            : HAL_SDCard.obj (.text:SDCard_readFrame)
                  0001031c    00000032                            : UsbCdc.obj (.text:CdcIsReceiveInProgress)
                  0001034e    00000032                            : HAL_Dogs102x6.obj (.text:Dogs102x6_setContrast)
                  00010380    00000032                            : UsbHid.obj (.text:HidIsReceiveInProgress)
                  000103b2    00000032                            : HAL_UCS.obj (.text:Init_FLL_Settle)
                  000103e4    00000032                            : UsbMscScsi.obj (.text:Scsi_Read_Capacity10)
                  00010416    00000032                            : usb.obj (.text:USB_connectionInfo)
                  00010448    00000032                            : usb.obj (.text:USB_suspend)
                  0001047a    00000032                            : mmc.obj (.text:wait_ready)
                  000104ac    00000030                            : HAL_Dogs102x6.obj (.text:Dogs102x6_backlightInit)
                  000104dc    00000030                            : UsbMscStateMachine.obj (.text:Msc_ResetStateMachine)
                  0001050c    00000030                            : UsbIsr.obj (.text:PWRVBUSonHandler)
                  0001053c    00000030                            : mmc.obj (.text:detectCard)
                  0001056c    00000030                            : UsbHidReq.obj (.text:usbSetReport)
                  0001059c    0000002e                            : UsbHid.obj (.text:HidResetData)
                  000105ca    0000002e                            : UsbMscScsi.obj (.text:MscResetData)
                  000105f8    0000002e                            : HAL_UCS.obj (.text:XT2_Start)
                  00010626    0000002e                            : ff.obj (.text:f_mount)
                  00010654    0000002e                            : UsbHidReq.obj (.text:usbSetIdle)
                  00010682    0000002e                            : UsbMscScsi.obj (.text:usbStallEndpoint)
                  000106b0    0000002c                            : Clock.obj (.text:DisplayAnalogClock)
                  000106dc    0000002c                            : dma.obj (.text:memcpyDMA0)
                  00010708    0000002c     rts430xl.lib : div16s.obj (.text)
                  00010734    0000002c     MSP-EXP430F5529_UE.lib : usb.obj (.text:usbGetDeviceStatus)
                  00010760    0000002c                            : ff.obj (.text:validate)
                  0001078c    0000002a                            : HAL_SDCard.obj (.text:SDCard_sendFrame)
                  000107b6    0000002a     rts430xl.lib : memcpy.obj (.text:memcpy)
                  000107e0    0000002a     MSP-EXP430F5529_UE.lib : UsbHidReq.obj (.text:usbGetIdle)
                  0001080a    00000028                            : UsbMscScsi.obj (.text:SET_RequestsenseMediaNotPresent)
                  00010832    00000028                            : UsbMscScsi.obj (.text:SET_RequestsenseNotReady)
                  0001085a    00000028                            : UsbMscScsi.obj (.text:Scsi_Report_Luns)
                  00010882    00000028                            : dma.obj (.text:USB_initMemcpy)
                  000108aa    00000026                            : UsbHidReq.obj (.text:usbGetReport)
                  000108d0    00000026                            : UsbHidReq.obj (.text:usbGetReportDescriptor)
                  000108f6    00000026                            : UsbHidReq.obj (.text:usbSetProtocol)
                  0001091c    00000024                            : HAL_Cma3000.obj (.text:Cma3000_disable)
                  00010940    00000024                            : HAL_Dogs102x6.obj (.text:Dogs102x6_disable)
                  00010964    00000024                            : Random.obj (.text:RandomAddEntropy)
                  00010988    00000024                            : UsbHidReq.obj (.text:usbGetHidDescriptor)
                  000109ac    00000022                            : 5xx_ACTIVE_test.obj (.text)
                  000109ce    00000022                            : usb.obj (.text:USB_disable)
                  000109f0    00000022     rts430xl.lib : mult32_f5hw.obj (.text)
                  00010a12    00000022     MSP-EXP430F5529_UE.lib : usb.obj (.text:usbSetAddress)
                  00010a34    00000020                            : fsm_transition.obj (.text:FSM_PushDown)
                  00010a54    00000020                            : fsm_transition.obj (.text:FSM_PushRight)
                  00010a74    00000020                            : fsm_transition.obj (.text:FSM_PushUp)
                  00010a94    00000020                            : mmc.obj (.text:disk_status)
                  00010ab4    00000020     rts430xl.lib : memset.obj (.text:memset)
                  00010ad4    00000020     MSP-EXP430F5529_UE.lib : usb.obj (.text:usbSendDataPacketOnEP0)
                  00010af4    00000020                            : usb.obj (.text:usbSetConfiguration)
                  00010b14    0000001e                            : ff.obj (.text:mem_cmp)
                  00010b32    0000001e                            : usb.obj (.text:usbGetInterface)
                  00010b50    0000001e                            : usb.obj (.text:usbGetInterfaceStatus)
                  00010b6e    0000001c                            : HAL_Dogs102x6.obj (.text:Dogs102x6_refresh)
                  00010b8a    0000001c                            : UsbIsr.obj (.text:IEP0InterruptHandler)
                  00010ba6    0000001a                            : fsm_transition.obj (.text:FSM_PushLeft)
                  00010bc0    0000001a                            : UsbMscReq.obj (.text:Get_MaxLUN)
                  00010bda    0000001a                            : usb.obj (.text:USB_connect)
                  00010bf4    0000001a     rts430xl.lib : mult1632_f5hw.obj (.text:__mpyul)
                  00010c0e    0000001a     MSP-EXP430F5529_UE.lib : usb.obj (.text:usbClearDeviceFeature)
                  00010c28    0000001a                            : usb.obj (.text:usbDisableInEndpointInterrupt)
                  00010c42    0000001a                            : usb.obj (.text:usbDisableOutEndpointInterrupt)
                  00010c5c    0000001a                            : usb.obj (.text:usbSetDeviceFeature)
                  00010c76    00000018                            : HAL_Cma3000.obj (.text:Cma3000_readAccel_offset)
                  00010c8e    00000018                            : usb.obj (.text:USB_resume)
                  00010ca6    00000018                            : mmc.obj (.text:select)
                  00010cbe    00000018                            : UsbMscScsi.obj (.text:usbStallOutEndpoint)
                  00010cd6    00000016                            : HAL_Dogs102x6.obj (.text:Dogs102x6_clearInverseDisplay)
                  00010cec    00000016                            : HAL_Dogs102x6.obj (.text:Dogs102x6_setInverseDisplay)
                  00010d02    00000016                            : fsm_transition.obj (.text:FSM_StopGame)
                  00010d18    00000016                            : UsbMscScsi.obj (.text:Scsi_Test_Unit_Ready)
                  00010d2e    00000016                            : ff.obj (.text:chk_chr)
                  00010d44    00000016                            : ff.obj (.text:f_close)
                  00010d5a    00000016     rts430xl.lib : div16u.obj (.text)
                  00010d70    00000016                  : mult16_f5hw.obj (.text)
                  00010d86    00000016                  : rand.obj (.text:srand)
                  00010d9c    00000016     MSP-EXP430F5529_UE.lib : usb.obj (.text:usbGetConfigurationDescriptor)
                  00010db2    00000016                            : usb.obj (.text:usbGetDeviceDescriptor)
                  00010dc8    00000016                            : UsbHidReq.obj (.text:usbGetProtocol)
                  00010dde    00000014                            : Puzzle.obj (.text:TimerA1Init)
                  00010df2    00000014     usbEventHandling.obj (.text:USB_handleVbusOnEvent)
                  00010e06    00000014     MSP-EXP430F5529_UE.lib : ff.obj (.text:mem_set)
                  00010e1a    00000014                            : UsbMscScsi.obj (.text:usbClearOEPByteCount)
                  00010e2e    00000014                            : usb.obj (.text:usbGetConfiguration)
                  00010e42    00000014                            : UsbCdc.obj (.text:usbSetControlLineState)
                  00010e56    00000014                            : UsbMscScsi.obj (.text:usbStallInEndpoint)
                  00010e6a    00000012                            : HAL_Buttons.obj (.text:Buttons_interruptEnable)
                  00010e7c    00000012                            : HAL_SDCard.obj (.text:SDCard_fastMode)
                  00010e8e    00000012                            : mmc.obj (.text:deselect)
                  00010ea0    00000012                            : ff.obj (.text:mem_cpy)
                  00010eb2    00000012     rts430xl.lib : rotl32.obj (.text)
                  00010ec4    00000012     MSP-EXP430F5529_UE.lib : usb.obj (.text:usbReceiveDataPacketOnEP0)
                  00010ed6    00000010                            : HAL_Buttons.obj (.text:Buttons_startWDT)
                  00010ee6    00000010                            : CTS_Layer.obj (.text:TI_CAPT_Init_Baseline)
                  00010ef6    00000010                            : Puzzle.obj (.text:TimerA1Stop)
                  00010f06    00000010                            : HAL_Wheel.obj (.text:Wheel_disable)
                  00010f16    00000010                            : HAL_Wheel.obj (.text:Wheel_enable)
                  00010f26    00000010     rts430xl.lib : lsl32.obj (.text:l_lsl)
                  00010f36    0000000e     MSP-EXP430F5529_UE.lib : HAL_Buttons.obj (.text:Buttons_init)
                  00010f44    0000000e                            : HAL_Cma3000.obj (.text:Cma3000_setAccel_offset)
                  00010f52    0000000e                            : CTS_Layer.obj (.text:TI_CAPT_Raw)
                  00010f60    0000000e                            : usb.obj (.text:usbInvalidRequest)
                  00010f6e    0000000e                            : usb.obj (.text:usbSendZeroLengthPacketOnIEP0)
                  00010f7c    0000000c                            : UsbMscScsi.obj (.text:MscResetCtrlLun)
                  00010f88    0000000c                            : UsbCdc.obj (.text:usbSetLineCoding)
                  00010f94    0000000a     system_pre_init.obj (.text:_system_pre_init)
                  00010f9e    0000000a     MSP-EXP430F5529_UE.lib : mmc.obj (.text:get_fattime)
                  00010fa8    0000000a     rts430xl.lib : asr16.obj (.text)
                  00010fb2    0000000a                  : lsl16.obj (.text)
                  00010fbc    0000000a                  : lsr16.obj (.text)
                  00010fc6    0000000a     MSP-EXP430F5529_UE.lib : usb.obj (.text:usbStallEndpoint0)
                  00010fd0    00000008                            : HAL_SDCard.obj (.text:SDCard_setCSHigh)
                  00010fd8    00000008                            : HAL_SDCard.obj (.text:SDCard_setCSLow)
                  00010fe0    00000008                            : usb.obj (.text:USB_setEnabledEvents)
                  00010fe8    00000006                            : HAL_Dogs102x6.obj (.text:Dogs102x6_getBacklight)
                  00010fee    00000006                            : HAL_Dogs102x6.obj (.text:Dogs102x6_getContrast)
                  00010ff4    00000006                            : fsm.obj (.text:FSM_Init)
                  00010ffa    00000006                            : UsbMscScsi.obj (.text:Msc_ResetFlags)
                  00011000    00000006                            : UsbMscScsi.obj (.text:USBMSC_fetchInfoStruct)
                  00011006    00000006                            : usb.obj (.text:USB_getVersion)
                  0001100c    00000006                            : usb.obj (.text:usbClearOEP0ByteCount)
                  00011012    00000006                            : usb.obj (.text:usbRestoreInEndpointInterrupt)
                  00011018    00000006                            : usb.obj (.text:usbRestoreOutEndpointInterrupt)
                  0001101e    00000006                            : usb.obj (.text:usbStallOEP0)
                  00011024    00000004     usbEventHandling.obj (.text:USBCDC_handleDataReceived)
                  00011028    00000004     usbEventHandling.obj (.text:USBCDC_handleReceiveCompleted)
                  0001102c    00000004     usbEventHandling.obj (.text:USBCDC_handleSendCompleted)
                  00011030    00000004     usbEventHandling.obj (.text:USBCDC_handleSetControlLineState)
                  00011034    00000004     usbEventHandling.obj (.text:USBCDC_handleSetLineCoding)
                  00011038    00000004     usbEventHandling.obj (.text:USBHID_handleBootProtocol)
                  0001103c    00000004     usbEventHandling.obj (.text:USBHID_handleDataReceived)
                  00011040    00000004     usbEventHandling.obj (.text:USBHID_handleGetReport)
                  00011044    00000004     usbEventHandling.obj (.text:USBHID_handleReceiveCompleted)
                  00011048    00000004     usbEventHandling.obj (.text:USBHID_handleSendCompleted)
                  0001104c    00000004     usbEventHandling.obj (.text:USBHID_handleSetReport)
                  00011050    00000004     usbEventHandling.obj (.text:USBHID_handleSetReportDataAvailable)
                  00011054    00000004     usbEventHandling.obj (.text:USBMSC_handleBufferEvent)
                  00011058    00000004     usbEventHandling.obj (.text:USB_handleClockEvent)
                  0001105c    00000004     usbEventHandling.obj (.text:USB_handleEnumCompleteEvent)
                  00011060    00000004     usbEventHandling.obj (.text:USB_handleResetEvent)
                  00011064    00000004     usbEventHandling.obj (.text:USB_handleResumeEvent)
                  00011068    00000004     usbEventHandling.obj (.text:USB_handleSuspendEvent)
                  0001106c    00000004     usbEventHandling.obj (.text:USB_handleVbusOffEvent)
                  00011070    00000004     rts430xl.lib : exit.obj (.text:abort)
                  00011074    00000004     MSP-EXP430F5529_UE.lib : mmc.obj (.text:rcvr_mmc)
                  00011078    00000004                            : mmc.obj (.text:xmit_mmc)
                  0001107c    00000002     rts430xl.lib : _lock.obj (.text:_nop)

.const     0    0001107e    00002873     
                  0001107e    00000438     MSP-EXP430F5529_UE.lib : Demo_Cube.obj (.const:FIXED_SIN)
                  000114b6    00000332                            : Settings.obj (.const:.string:TIusb)
                  000117e8    00000332                            : Clock.obj (.const:.string:digitalWatch)
                  00011b1a    000002cc                            : MenuGames.obj (.const:.string:image)
                  00011de6    00000294                            : MassStorage.obj (.const:.string:usbDrive)
                  0001207a    0000024c                            : HAL_Dogs102x6.obj (.const:.string:FONT6x8)
                  000122c6    00000212     UserExperience.obj (.const:.string:tiBug)
                  000124d8    00000196     MSP-EXP430F5529_UE.lib : descriptors.obj (.const:tUsbRequestList)
                  0001266e    0000018c                            : fsm.obj (.const:StateTable)
                  000127fa    00000132                            : Settings.obj (.const:.string)
                  0001292c    00000122                            : Settings.obj (.const:.string:sunglasses)
                  00012a4e    00000122                            : SDCard.obj (.const:.string:warningSign)
                  00012b70    00000120                            : Demo_Cube.obj (.const:Cube3D)
                  00012c90    00000112                            : MenuGames.obj (.const:.string)
                  00012da2    00000104                            : PowerTest.obj (.const:.string)
                  00012ea6    000000f4                            : descriptors.obj (.const:.string:abromStringDescriptor)
                  00012f9a    000000c2                            : Settings.obj (.const:.string:lightbulb)
                  0001305c    000000aa                            : LPM.obj (.const:.string)
                  00013106    000000a6                            : DemoApps.obj (.const:.string)
                  000131ac    00000092                            : PMM.obj (.const:.string)
                  0001323e    00000082                            : fsm_transition.obj (.const:.string)
                  000132c0    00000082                            : Clock.obj (.const:.string:alarmClock)
                  00013342    00000082                            : Mouse.obj (.const:.string:mouseImage)
                  000133c4    00000082                            : descriptors.obj (.const)
                  00013446    00000076     UserExperience.obj (.const:.string)
                  000134bc    0000006c     MSP-EXP430F5529_UE.lib : Demo_Cube.obj (.const:.string)
                  00013528    0000004a                            : structure.obj (.const)
                  00013572    00000048                            : Clock.obj (.const:.string)
                  000135ba    00000048                            : Mouse.obj (.const:.string)
                  00013602    00000040                            : Clock.obj (.const:.string:cos)
                  00013642    00000034                            : descriptors.obj (.const:.string:report_desc_HID0)
                  00013676    00000030                            : descriptors.obj (.const:stUsbHandle)
                  000136a6    0000002c                            : SDCard.obj (.const:.string)
                  000136d2    00000024                            : EchoUsb.obj (.const:.string)
                  000136f6    00000024                            : UsbMscScsi.obj (.const:.string:bScsi_Standard_Inquiry_Data)
                  0001371a    00000020                            : usb.obj (.const:.string)
                  0001373a    00000020                            : Settings.obj (.const:AccelCalibrateText$1)
                  0001375a    00000020                            : PMM.obj (.const:menuTextCol2)
                  0001377a    0000001c     UserExperience.obj (.const:mainMenu)
                  00013796    0000001c     MSP-EXP430F5529_UE.lib : DemoApps.obj (.const:usbMenuText)
                  000137b2    00000018                            : MenuGames.obj (.const:Game_explosion)
                  000137ca    00000018                            : LPM.obj (.const:lpmMenuText)
                  000137e2    00000018                            : Settings.obj (.const:settingsMenuText)
                  000137fa    00000014                            : PMM.obj (.const:menuTextCol1)
                  0001380e    00000012                            : MassStorage.obj (.const:.string)
                  00013820    00000012                            : descriptors.obj (.const:.string:abromDeviceDescriptor)
                  00013832    00000012                            : fsm_transition.obj (.const:GamePos)
                  00013844    00000010                            : ff.obj (.const:.string)
                  00013854    00000010                            : UsbMscScsi.obj (.const)
                  00013864    00000010                            : Clock.obj (.const:clockMenuText)
                  00013874    00000010                            : MenuGames.obj (.const:gameMenuText)
                  00013884    00000010                            : Mouse.obj (.const:usbMouseText)
                  00013894    0000000c                            : PowerTest.obj (.const:powerMenuText)
                  000138a0    0000000a                            : MenuGames.obj (.const:.string:Game_ship)
                  000138aa    00000009                            : MenuGames.obj (.const:.string:Game_explosion4)
                  000138b3    00000001     --HOLE-- [fill = 0]
                  000138b4    00000008                            : MenuGames.obj (.const:.string:Game_mine2)
                  000138bc    00000007                            : MenuGames.obj (.const:.string:Game_explosion3)
                  000138c3    00000001     --HOLE-- [fill = 0]
                  000138c4    00000006                            : MenuGames.obj (.const:.string:Game_mine1)
                  000138ca    00000005                            : MenuGames.obj (.const:.string:Game_explosion2)
                  000138cf    00000001     --HOLE-- [fill = 0]
                  000138d0    00000004                            : PMM.obj (.const:.string:MAX_MCLK_ALLOWED)
                  000138d4    00000004                            : descriptors.obj (.const:report_desc)
                  000138d8    00000003                            : Clock.obj (.const:.string:$P$T0$1)
                  000138db    00000001     --HOLE-- [fill = 0]
                  000138dc    00000003                            : PowerTest.obj (.const:.string:$P$T0$1)
                  000138df    00000001     --HOLE-- [fill = 0]
                  000138e0    00000003                            : MenuGames.obj (.const:.string:Game_explosion1)
                  000138e3    00000001     --HOLE-- [fill = 0]
                  000138e4    00000002                            : HAL_Dogs102x6.obj (.const:.string:$P$T1$2)
                  000138e6    00000002                            : MassStorageCommon.obj (.const)
                  000138e8    00000001                            : HAL_Dogs102x6.obj (.const:.string:$P$T0$1)
                  000138e9    00000001     --HOLE-- [fill = 0]
                  000138ea    00000001                            : HAL_Dogs102x6.obj (.const:.string:$P$T2$3)
                  000138eb    00000001     --HOLE-- [fill = 0]
                  000138ec    00000001                            : HAL_Dogs102x6.obj (.const:.string:$P$T3$4)
                  000138ed    00000001     --HOLE-- [fill = 0]
                  000138ee    00000001                            : descriptors.obj (.const:.string:report_desc_size)
                  000138ef    00000001     --HOLE-- [fill = 0]
                  000138f0    00000001                            : descriptors.obj (.const:.string:report_len_input)


GLOBAL SYMBOLS: SORTED ALPHABETICALLY BY Name 

address    name
--------   ----
00002400   .bss
ffffffff   .text
000109ac   ACTIVE_MODE_TEST
00000700   ADC12CTL0
00000701   ADC12CTL0_H
00000700   ADC12CTL0_L
00000702   ADC12CTL1
00000703   ADC12CTL1_H
00000702   ADC12CTL1_L
00000704   ADC12CTL2
00000705   ADC12CTL2_H
00000704   ADC12CTL2_L
0000070c   ADC12IE
0000070d   ADC12IE_H
0000070c   ADC12IE_L
0000070a   ADC12IFG
0000070b   ADC12IFG_H
0000070a   ADC12IFG_L
0000070e   ADC12IV
0000070f   ADC12IV_H
0000070e   ADC12IV_L
00000710   ADC12MCTL0
00000711   ADC12MCTL1
0000071a   ADC12MCTL10
0000071b   ADC12MCTL11
0000071c   ADC12MCTL12
0000071d   ADC12MCTL13
0000071e   ADC12MCTL14
0000071f   ADC12MCTL15
00000712   ADC12MCTL2
00000713   ADC12MCTL3
00000714   ADC12MCTL4
00000715   ADC12MCTL5
00000716   ADC12MCTL6
00000717   ADC12MCTL7
00000718   ADC12MCTL8
00000719   ADC12MCTL9
00000720   ADC12MEM0
00000721   ADC12MEM0_H
00000720   ADC12MEM0_L
00000722   ADC12MEM1
00000734   ADC12MEM10
00000735   ADC12MEM10_H
00000734   ADC12MEM10_L
00000736   ADC12MEM11
00000737   ADC12MEM11_H
00000736   ADC12MEM11_L
00000738   ADC12MEM12
00000739   ADC12MEM12_H
00000738   ADC12MEM12_L
0000073a   ADC12MEM13
0000073b   ADC12MEM13_H
0000073a   ADC12MEM13_L
0000073c   ADC12MEM14
0000073d   ADC12MEM14_H
0000073c   ADC12MEM14_L
0000073e   ADC12MEM15
0000073f   ADC12MEM15_H
0000073e   ADC12MEM15_L
00000723   ADC12MEM1_H
00000722   ADC12MEM1_L
00000724   ADC12MEM2
00000725   ADC12MEM2_H
00000724   ADC12MEM2_L
00000726   ADC12MEM3
00000727   ADC12MEM3_H
00000726   ADC12MEM3_L
00000728   ADC12MEM4
00000729   ADC12MEM4_H
00000728   ADC12MEM4_L
0000072a   ADC12MEM5
0000072b   ADC12MEM5_H
0000072a   ADC12MEM5_L
0000072c   ADC12MEM6
0000072d   ADC12MEM6_H
0000072c   ADC12MEM6_L
0000072e   ADC12MEM7
0000072f   ADC12MEM7_H
0000072e   ADC12MEM7_L
00000730   ADC12MEM8
00000731   ADC12MEM8_H
00000730   ADC12MEM8_L
00000732   ADC12MEM9
00000733   ADC12MEM9_H
00000732   ADC12MEM9_L
00004764   ADC12_ISR
00003c68   ActState
0000d3b6   ActiveDirectory
0000adaa   ActiveFile
0000b80a   AnalogClockDrawHand
0000d0e4   AnalogClockInit
00008898   AnalogClockUpdate
000138e6   BYTES_PER_BLOCK
0000e498   BacklightSetting
0000c17a   Board_init
0000f6a2   Board_ledOff
0000f6f0   Board_ledOn
0000f73e   Board_ledToggle
00010f36   Buttons_init
00010e6a   Buttons_interruptEnable
00010ed6   Buttons_startWDT
00011070   C$$EXIT
000008c0   CBCTL0
000008c1   CBCTL0_H
000008c0   CBCTL0_L
000008c2   CBCTL1
000008c3   CBCTL1_H
000008c2   CBCTL1_L
000008c4   CBCTL2
000008c5   CBCTL2_H
000008c4   CBCTL2_L
000008c6   CBCTL3
000008c7   CBCTL3_H
000008c6   CBCTL3_L
000008cc   CBINT
000008cd   CBINT_H
000008cc   CBINT_L
000008ce   CBIV
00000150   CRCDI
00000152   CRCDIRB
00000153   CRCDIRB_H
00000152   CRCDIRB_L
00000151   CRCDI_H
00000150   CRCDI_L
00000154   CRCINIRES
00000155   CRCINIRES_H
00000154   CRCINIRES_L
00000156   CRCRESR
00000157   CRCRESR_H
00000156   CRCRESR_L
0000dd08   CalibrateAccel
00009168   CapDemo
0000c6a6   CapLED
0001031c   CdcIsReceiveInProgress
0000fce4   CdcResetData
0000b140   CdcToBufferFromHost
000097d0   CdcToHostFromBuffer
0000c852   Check_CBW
0000f082   ClearTempData
0000f40e   ClockMenu
0000fc60   ClockUSB
00003bc6   ClockX
00003bc5   ClockY
0001091c   Cma3000_disable
0000da28   Cma3000_init
0000fd24   Cma3000_readAccel
00010c76   Cma3000_readAccel_offset
0000f90a   Cma3000_readRegister
00010f44   Cma3000_setAccel_offset
0000f954   Cma3000_writeRegister
00003c2a   Cma3000_xAccel
00003c2d   Cma3000_xAccel_offset
00003c2b   Cma3000_yAccel
00003c2e   Cma3000_yAccel_offset
00003c2c   Cma3000_zAccel
00003c2f   Cma3000_zAccel_offset
0000e13c   ContrastSetting
0000df30   CopyUsbToBuff
00012b70   Cube3D
00000510   DMA0CTL
00000511   DMA0CTL_H
00000510   DMA0CTL_L
00000516   DMA0DA
00000516   DMA0DAL
00000512   DMA0SA
00000512   DMA0SAL
0000051a   DMA0SZ
00000520   DMA1CTL
00000521   DMA1CTL_H
00000520   DMA1CTL_L
00000526   DMA1DA
00000526   DMA1DAL
00000522   DMA1SA
00000522   DMA1SAL
0000052a   DMA1SZ
00000530   DMA2CTL
00000531   DMA2CTL_H
00000530   DMA2CTL_L
00000536   DMA2DA
00000536   DMA2DAL
00000532   DMA2SA
00000532   DMA2SAL
0000053a   DMA2SZ
00000500   DMACTL0
00000501   DMACTL0_H
00000500   DMACTL0_L
00000502   DMACTL1
00000503   DMACTL1_H
00000502   DMACTL1_L
00000504   DMACTL2
00000505   DMACTL2_H
00000504   DMACTL2_L
00000506   DMACTL3
00000507   DMACTL3_H
00000506   DMACTL3_L
00000508   DMACTL4
00000509   DMACTL4_H
00000508   DMACTL4_L
0000050e   DMAIV
0000050f   DMAIV_H
0000050e   DMAIV_L
00002eb0   DataCnt
0000e894   DemoApp
0000c926   Demo_Cube
0000fb08   Demo_Cube1
00010168   DigitalClockDraw
0000c9f8   DigitalClockUpdate
0000f19a   DisablePorts
000106b0   DisplayAnalogClock
0000eca8   DisplayDigitalClock
000104ac   Dogs102x6_backlightInit
0000de20   Dogs102x6_charDraw
0000a766   Dogs102x6_charDrawXY
0000a60e   Dogs102x6_circleDraw
0000f9e8   Dogs102x6_clearImage
00010cd6   Dogs102x6_clearInverseDisplay
000101a0   Dogs102x6_clearRow
00010210   Dogs102x6_clearScreen
00010940   Dogs102x6_disable
00010fe8   Dogs102x6_getBacklight
00010fee   Dogs102x6_getContrast
0000cd2c   Dogs102x6_horizontalLineDraw
0000fd64   Dogs102x6_imageDraw
0000e332   Dogs102x6_init
000033fc   Dogs102x6_initMacro
0000ac72   Dogs102x6_lineDraw
0000e038   Dogs102x6_pixelDraw
00010b6e   Dogs102x6_refresh
0000ec42   Dogs102x6_setAddress
0000fe24   Dogs102x6_setBacklight
0001034e   Dogs102x6_setContrast
00010cec   Dogs102x6_setInverseDisplay
0000e2b8   Dogs102x6_stringDraw
0000fa30   Dogs102x6_stringDrawXY
00009ade   Dogs102x6_verticalLineDraw
0000fe62   Dogs102x6_writeCommand
0000d466   Dogs102x6_writeData
0000cf70   Dominant_Element
00008e04   DrawCube
0000d512   DrawExplosions
0000e9d2   DrawImage
0000bdda   DrawShip
0000aede   EchoUSB
00000140   FCTL1
00000141   FCTL1_H
00000140   FCTL1_L
00000144   FCTL3
00000145   FCTL3_H
00000144   FCTL3_L
00000146   FCTL4
00000147   FCTL4_H
00000146   FCTL4_L
0001107e   FIXED_SIN
0000ea3a   FSM_Button
0000eaa2   FSM_Down
00010ff4   FSM_Init
0000e50c   FSM_InitGame
0000f13e   FSM_Left
00010a34   FSM_PushDown
00010ba6   FSM_PushLeft
00010a54   FSM_PushRight
00010a74   FSM_PushUp
0000eb0a   FSM_Right
0000f562   FSM_StartGame
00010d02   FSM_StopGame
0000eb72   FSM_Up
0000ebda   FSM_Win
00003c1e   GameData
00013832   GamePos
000137b2   Game_explosion
000138e0   Game_explosion1
000138ca   Game_explosion2
000138bc   Game_explosion3
000138aa   Game_explosion4
000138c4   Game_mine1
000138b4   Game_mine2
000138a0   Game_ship
0000b010   GetDirectory
0000e422   GetFile
00010bc0   Get_MaxLUN
0000ee9c   Get_TLV_Info
0000ed0c   Handler_SetLineCoding
0000dfb4   HidCopyUsbToBuff
00010380   HidIsReceiveInProgress
0001059c   HidResetData
0000a4b4   HidToBufferFromHost
00009dcc   HidToHostFromBuffer
00010b8a   IEP0InterruptHandler
00003c60   INS
00010fa8   I_ASR
00010fb2   I_LSL
00010fbc   I_LSR
0000bec2   Init_FLL
000103b2   Init_FLL_Settle
00010246   LEDTest
0001027c   LFXT_Start
0000ff54   L_ASR_1
0000ff30   L_ASR_10
0000ff2c   L_ASR_11
0000ff28   L_ASR_12
0000ff24   L_ASR_13
0000ff20   L_ASR_14
0000ff1c   L_ASR_15
0000ff50   L_ASR_2
0000ff4c   L_ASR_3
0000ff48   L_ASR_4
0000ff44   L_ASR_5
0000ff40   L_ASR_6
0000ff3c   L_ASR_7
0000ff38   L_ASR_8
0000ff34   L_ASR_9
00010f26   L_LSL
00010038   L_LSL_1
00010014   L_LSL_10
00010010   L_LSL_11
0001000c   L_LSL_12
00010008   L_LSL_13
00010004   L_LSL_14
00010000   L_LSL_15
00010034   L_LSL_2
00010030   L_LSL_3
0001002c   L_LSL_4
00010028   L_LSL_5
00010024   L_LSL_6
00010020   L_LSL_7
0001001c   L_LSL_8
00010018   L_LSL_9
00010076   L_LSR_1
00010052   L_LSR_10
0001004e   L_LSR_11
0001004a   L_LSR_12
00010046   L_LSR_13
00010042   L_LSR_14
0001003e   L_LSR_15
00010072   L_LSR_2
0001006e   L_LSR_3
0001006a   L_LSR_4
00010066   L_LSR_5
00010062   L_LSR_6
0001005e   L_LSR_7
0001005a   L_LSR_8
00010056   L_LSR_9
00010eb2   L_ROTL
000064aa   LaunchpadDef
0000cdf0   LowPowerMode0
0000c33c   LowPowerMode3
0000b910   LowPowerMode4
000004c4   MAC
000004da   MAC32H
000004db   MAC32H_H
000004da   MAC32H_L
000004d8   MAC32L
000004d9   MAC32L_H
000004d8   MAC32L_L
000004c6   MACS
000004de   MACS32H
000004df   MACS32H_H
000004de   MACS32H_L
000004dc   MACS32L
000004dd   MACS32L_H
000004dc   MACS32L_L
000004c7   MACS_H
000004c6   MACS_L
000004c5   MAC_H
000004c4   MAC_L
000004c0   MPY
000004ec   MPY32CTL0
000004ed   MPY32CTL0_H
000004ec   MPY32CTL0_L
000004d2   MPY32H
000004d3   MPY32H_H
000004d2   MPY32H_L
000004d0   MPY32L
000004d1   MPY32L_H
000004d0   MPY32L_L
000004c2   MPYS
000004d6   MPYS32H
000004d7   MPYS32H_H
000004d6   MPYS32H_L
000004d4   MPYS32L
000004d5   MPYS32L_H
000004d4   MPYS32L_L
000004c3   MPYS_H
000004c2   MPYS_L
000004c1   MPY_H
000004c0   MPY_L
00006918   MSCFromHostToBuffer
0000774a   MSCToHostFromBuffer
0000ceb2   MassStorage
000036ce   McsCbw
000036ee   McsCsw
0000930c   MeasurementMode
0000f7da   MenuGames
0000d5bc   MenuLPM
00007c3e   MenuPMMMCLK
0000d7a8   Menu_active
0000a9f2   Mouse
0000369a   MscControl
0000e580   MscCopyUsbToBuff
0000367c   MscReadControl
00010f7c   MscResetCtrlLun
000105ca   MscResetData
0000e8fe   MscSendData
000036fc   MscState
0000365a   MscWriteControl
00010ffa   Msc_ResetFlags
000104dc   Msc_ResetStateMachine
0000efc2   Msc_ResetStruct
0000f826   OEP0InterruptHandler
000004c8   OP2
000004e2   OP2H
000004e3   OP2H_H
000004e2   OP2H_L
000004e0   OP2L
000004e1   OP2L_H
000004e0   OP2L_L
000004c9   OP2_H
000004c8   OP2_L
0000020e   P1IV
0000021e   P2IV
000001e0   P4MAP01
000001e1   P4MAP01_H
000001e0   P4MAP01_L
000001e2   P4MAP23
000001e3   P4MAP23_H
000001e2   P4MAP23_L
000001e4   P4MAP45
000001e5   P4MAP45_H
000001e4   P4MAP45_L
000001e6   P4MAP67
000001e7   P4MAP67_H
000001e6   P4MAP67_L
00000204   PADIR
00000205   PADIR_H
00000204   PADIR_L
00000208   PADS
00000209   PADS_H
00000208   PADS_L
0000021a   PAIE
00000218   PAIES
00000219   PAIES_H
00000218   PAIES_L
0000021b   PAIE_H
0000021a   PAIE_L
0000021c   PAIFG
0000021d   PAIFG_H
0000021c   PAIFG_L
00000200   PAIN
00000201   PAIN_H
00000200   PAIN_L
00000202   PAOUT
00000203   PAOUT_H
00000202   PAOUT_L
00000206   PAREN
00000207   PAREN_H
00000206   PAREN_L
0000020a   PASEL
0000020b   PASEL_H
0000020a   PASEL_L
00000224   PBDIR
00000225   PBDIR_H
00000224   PBDIR_L
00000228   PBDS
00000229   PBDS_H
00000228   PBDS_L
00000220   PBIN
00000221   PBIN_H
00000220   PBIN_L
00000222   PBOUT
00000223   PBOUT_H
00000222   PBOUT_L
00000226   PBREN
00000227   PBREN_H
00000226   PBREN_L
0000022a   PBSEL
0000022b   PBSEL_H
0000022a   PBSEL_L
00000244   PCDIR
00000245   PCDIR_H
00000244   PCDIR_L
00000248   PCDS
00000249   PCDS_H
00000248   PCDS_L
00000240   PCIN
00000241   PCIN_H
00000240   PCIN_L
00000242   PCOUT
00000243   PCOUT_H
00000242   PCOUT_L
00000246   PCREN
00000247   PCREN_H
00000246   PCREN_L
0000024a   PCSEL
0000024b   PCSEL_H
0000024a   PCSEL_L
00000264   PDDIR
00000265   PDDIR_H
00000264   PDDIR_L
00000268   PDDS
00000269   PDDS_H
00000268   PDDS_L
00000260   PDIN
00000261   PDIN_H
00000260   PDIN_L
00000262   PDOUT
00000263   PDOUT_H
00000262   PDOUT_L
00000266   PDREN
00000267   PDREN_H
00000266   PDREN_L
0000026a   PDSEL
0000026b   PDSEL_H
0000026a   PDSEL_L
00000324   PJDIR
00000325   PJDIR_H
00000324   PJDIR_L
00000328   PJDS
00000329   PJDS_H
00000328   PJDS_L
00000320   PJIN
00000321   PJIN_H
00000320   PJIN_L
00000322   PJOUT
00000323   PJOUT_H
00000322   PJOUT_L
00000326   PJREN
00000327   PJREN_H
00000326   PJREN_L
00000130   PM5CTL0
00000131   PM5CTL0_H
00000130   PM5CTL0_L
000001c2   PMAPCTL
000001c3   PMAPCTL_H
000001c2   PMAPCTL_L
000001c0   PMAPKEYID
000001c1   PMAPKEYID_H
000001c0   PMAPKEYID_L
00000120   PMMCTL0
00000121   PMMCTL0_H
00000120   PMMCTL0_L
00000122   PMMCTL1
00000123   PMMCTL1_H
00000122   PMMCTL1_L
0000012c   PMMIFG
0000012d   PMMIFG_H
0000012c   PMMIFG_L
0000012e   PMMRIE
0000012f   PMMRIE_H
0000012e   PMMRIE_L
0000fca2   PWRVBUSoffHandler
0001050c   PWRVBUSonHandler
0000465a   Port1_ISR
00004696   Port2_ISR
0000a09e   PowerMenu
00000158   RCCTL0
00000159   RCCTL0_H
00000158   RCCTL0_L
000001b0   REFCTL0
000001b1   REFCTL0_H
000001b0   REFCTL0_L
000004e4   RES0
000004e5   RES0_H
000004e4   RES0_L
000004e6   RES1
000004e7   RES1_H
000004e6   RES1_L
000004e8   RES2
000004e9   RES2_H
000004e8   RES2_L
000004ea   RES3
000004eb   RES3_H
000004ea   RES3_L
000004cc   RESHI
000004cd   RESHI_H
000004cc   RESHI_L
000004ca   RESLO
000004cb   RESLO_H
000004ca   RESLO_L
000004ba   RTCADOWDAY
000004bb   RTCADOWDAY_H
000004ba   RTCADOWDAY_L
000004b8   RTCAMINHR
000004b9   RTCAMINHR_H
000004b8   RTCAMINHR_L
000004a0   RTCCTL01
000004a1   RTCCTL01_H
000004a0   RTCCTL01_L
000004a2   RTCCTL23
000004a3   RTCCTL23_H
000004a2   RTCCTL23_L
000004b4   RTCDATE
000004b5   RTCDATE_H
000004b4   RTCDATE_L
00003bc4   RTCExitSec
000004ae   RTCIV
000004ac   RTCPS
000004a8   RTCPS0CTL
000004a9   RTCPS0CTL_H
000004a8   RTCPS0CTL_L
000004aa   RTCPS1CTL
000004ab   RTCPS1CTL_H
000004aa   RTCPS1CTL_L
000004ad   RTCPS_H
000004ac   RTCPS_L
000004b0   RTCTIM0
000004b1   RTCTIM0_H
000004b0   RTCTIM0_L
000004b2   RTCTIM1
000004b3   RTCTIM1_H
000004b2   RTCTIM1_L
000004b6   RTCYEAR
000004b7   RTCYEAR_H
000004b6   RTCYEAR_L
0000477a   RTC_ISR
00002ab0   RW_dataBuf
00002eb8   RWbuf
00002eb4   RWbuf_info
00010964   RandomAddEntropy
00005b2a   RandomNumber
00013854   Report_Luns
00003810   RequestSenseResponse
0000ed70   Reset_RequestSenseResponse
00003c29   RevID
00005ff0   Rotate3DPointXYZ
0000d19a   RotateCube
00008a7c   SDCard
00010e7c   SDCard_fastMode
0000f99e   SDCard_init
000102e8   SDCard_readFrame
0001078c   SDCard_sendFrame
00010fd0   SDCard_setCSHigh
00010fd8   SDCard_setCSLow
0000c77c   SDDisplay
0001080a   SET_RequestsenseMediaNotPresent
00010832   SET_RequestsenseNotReady
00000100   SFRIE1
00000101   SFRIE1_H
00000100   SFRIE1_L
00000102   SFRIFG1
00000103   SFRIFG1_H
00000102   SFRIFG1_L
00000104   SFRRPCR
00000105   SFRRPCR_H
00000104   SFRRPCR_L
000004ce   SUMEXT
000004cf   SUMEXT_H
000004ce   SUMEXT_L
00000124   SVSMHCTL
00000125   SVSMHCTL_H
00000124   SVSMHCTL_L
00000128   SVSMIO
00000129   SVSMIO_H
00000128   SVSMIO_L
00000126   SVSMLCTL
00000127   SVSMLCTL_H
00000126   SVSMLCTL_L
00000198   SYSBERRIV
00000199   SYSBERRIV_H
00000198   SYSBERRIV_L
00000182   SYSBSLC
00000183   SYSBSLC_H
00000182   SYSBSLC_L
00000180   SYSCTL
00000181   SYSCTL_H
00000180   SYSCTL_L
00000186   SYSJMBC
00000187   SYSJMBC_H
00000186   SYSJMBC_L
00000188   SYSJMBI0
00000189   SYSJMBI0_H
00000188   SYSJMBI0_L
0000018a   SYSJMBI1
0000018b   SYSJMBI1_H
0000018a   SYSJMBI1_L
0000018c   SYSJMBO0
0000018d   SYSJMBO0_H
0000018c   SYSJMBO0_L
0000018e   SYSJMBO1
0000018f   SYSJMBO1_H
0000018e   SYSJMBO1_L
0000019e   SYSRSTIV
0000019f   SYSRSTIV_H
0000019e   SYSRSTIV_L
0000019c   SYSSNIV
0000019d   SYSSNIV_H
0000019c   SYSSNIV_L
0000019a   SYSUNIV
0000019b   SYSUNIV_H
0000019a   SYSUNIV_L
000084bc   Scsi_Cmd_Parser
0000b39c   Scsi_Inquiry
0000f1f4   Scsi_Mode_Sense10
0000f24e   Scsi_Mode_Sense6
0000383c   Scsi_Mode_Sense_10
00003838   Scsi_Mode_Sense_6
0000bb0a   Scsi_Read10
000103e4   Scsi_Read_Capacity10
00003830   Scsi_Read_Capacity_10
00003844   Scsi_Read_Format_Capacity
0001085a   Scsi_Report_Luns
0000caca   Scsi_Request_Sense
0001007c   Scsi_Send_CSW
00003710   Scsi_Standard_Inquiry_Data
00010d18   Scsi_Test_Unit_Ready
0000e3aa   Scsi_Unknown_Request
0000f2a8   Scsi_Verify_CBW
0000b6fe   Scsi_Write10
000052c2   SetTime
000101d8   SetVCore
0000c418   SetValues
0000f022   Settings
0000fb94   SetupPacketInterruptHandler
000100b8   SetupRTC
000070e2   Simon
0000f872   StartPuzzle
0001266e   StateTable
00000352   TA0CCR0
00000354   TA0CCR1
00000356   TA0CCR2
00000358   TA0CCR3
0000035a   TA0CCR4
00000342   TA0CCTL0
00000344   TA0CCTL1
00000346   TA0CCTL2
00000348   TA0CCTL3
0000034a   TA0CCTL4
00000340   TA0CTL
00000360   TA0EX0
0000036e   TA0IV
00000350   TA0R
00000392   TA1CCR0
00000394   TA1CCR1
00000396   TA1CCR2
00000382   TA1CCTL0
00000384   TA1CCTL1
00000386   TA1CCTL2
00000380   TA1CTL
000003a0   TA1EX0
000003ae   TA1IV
00000390   TA1R
00000412   TA2CCR0
00000414   TA2CCR1
00000416   TA2CCR2
00000402   TA2CCTL0
00000404   TA2CCTL1
00000406   TA2CCTL2
00000400   TA2CTL
00000420   TA2EX0
0000042e   TA2IV
00000410   TA2R
000003d2   TB0CCR0
000003d4   TB0CCR1
000003d6   TB0CCR2
000003d8   TB0CCR3
000003da   TB0CCR4
000003dc   TB0CCR5
000003de   TB0CCR6
000003c2   TB0CCTL0
000003c4   TB0CCTL1
000003c6   TB0CCTL2
000003c8   TB0CCTL3
000003ca   TB0CCTL4
000003cc   TB0CCTL5
000003ce   TB0CCTL6
000003c0   TB0CTL
000003e0   TB0EX0
000003ee   TB0IV
000003d0   TB0R
0000474c   TIMER2_A0_ISR
000100f4   TI_CAPT_Buttons
000079c6   TI_CAPT_Custom
00010ee6   TI_CAPT_Init_Baseline
00010f52   TI_CAPT_Raw
00009f38   TI_CAPT_Slider
0000c25e   TI_CTS_fRO_COMPB_TA1_SW_HAL
000114b6   TIusb
00010dde   TimerA1Init
00010ef6   TimerA1Stop
0000459c   Timer_A1_CCR0_ISR
000005d0   UCA0ABCTL
000005c6   UCA0BRW
000005c7   UCA0BRW_H
000005c6   UCA0BRW_L
000005c0   UCA0CTLW0
000005c1   UCA0CTLW0_H
000005c0   UCA0CTLW0_L
000005dc   UCA0ICTL
000005dd   UCA0ICTL_H
000005dc   UCA0ICTL_L
000005d2   UCA0IRCTL
000005d3   UCA0IRCTL_H
000005d2   UCA0IRCTL_L
000005de   UCA0IV
000005c8   UCA0MCTL
000005cc   UCA0RXBUF
000005ca   UCA0STAT
000005ce   UCA0TXBUF
00000610   UCA1ABCTL
00000606   UCA1BRW
00000607   UCA1BRW_H
00000606   UCA1BRW_L
00000600   UCA1CTLW0
00000601   UCA1CTLW0_H
00000600   UCA1CTLW0_L
0000061c   UCA1ICTL
0000061d   UCA1ICTL_H
0000061c   UCA1ICTL_L
00000612   UCA1IRCTL
00000613   UCA1IRCTL_H
00000612   UCA1IRCTL_L
0000061e   UCA1IV
00000608   UCA1MCTL
0000060c   UCA1RXBUF
0000060a   UCA1STAT
0000060e   UCA1TXBUF
000005e6   UCB0BRW
000005e7   UCB0BRW_H
000005e6   UCB0BRW_L
000005e0   UCB0CTLW0
000005e1   UCB0CTLW0_H
000005e0   UCB0CTLW0_L
000005f0   UCB0I2COA
000005f1   UCB0I2COA_H
000005f0   UCB0I2COA_L
000005f2   UCB0I2CSA
000005f3   UCB0I2CSA_H
000005f2   UCB0I2CSA_L
000005fc   UCB0ICTL
000005fd   UCB0ICTL_H
000005fc   UCB0ICTL_L
000005fe   UCB0IV
000005ec   UCB0RXBUF
000005ea   UCB0STAT
000005ee   UCB0TXBUF
00000626   UCB1BRW
00000627   UCB1BRW_H
00000626   UCB1BRW_L
00000620   UCB1CTLW0
00000621   UCB1CTLW0_H
00000620   UCB1CTLW0_L
00000630   UCB1I2COA
00000631   UCB1I2COA_H
00000630   UCB1I2COA_L
00000632   UCB1I2CSA
00000633   UCB1I2CSA_H
00000632   UCB1I2CSA_L
0000063c   UCB1ICTL
0000063d   UCB1ICTL_H
0000063c   UCB1ICTL_L
0000063e   UCB1IV
0000062c   UCB1RXBUF
0000062a   UCB1STAT
0000062e   UCB1TXBUF
00000160   UCSCTL0
00000161   UCSCTL0_H
00000160   UCSCTL0_L
00000162   UCSCTL1
00000163   UCSCTL1_H
00000162   UCSCTL1_L
00000164   UCSCTL2
00000165   UCSCTL2_H
00000164   UCSCTL2_L
00000166   UCSCTL3
00000167   UCSCTL3_H
00000166   UCSCTL3_L
00000168   UCSCTL4
00000169   UCSCTL4_H
00000168   UCSCTL4_L
0000016a   UCSCTL5
0000016b   UCSCTL5_H
0000016a   UCSCTL5_L
0000016c   UCSCTL6
0000016d   UCSCTL6_H
0000016c   UCSCTL6_L
0000016e   UCSCTL7
0000016f   UCSCTL7_H
0000016e   UCSCTL7_L
00000170   UCSCTL8
00000171   UCSCTL8_H
00000170   UCSCTL8_L
000046d2   UNMI_ISR
0000d84a   USBCDC_bytesInUSBBuffer
00011024   USBCDC_handleDataReceived
00011028   USBCDC_handleReceiveCompleted
0001102c   USBCDC_handleSendCompleted
00011030   USBCDC_handleSetControlLineState
00011034   USBCDC_handleSetLineCoding
0000ba14   USBCDC_intfStatus
000082ba   USBCDC_receiveData
0000d98c   USBCDC_sendData
00000902   USBCNF
00000903   USBCNF_H
00000902   USBCNF_L
0000093c   USBCTL
0000093a   USBFN
0000093b   USBFN_H
0000093a   USBFN_L
0000093f   USBFUNADR
00011038   USBHID_handleBootProtocol
0001103c   USBHID_handleDataReceived
00011040   USBHID_handleGetReport
00011044   USBHID_handleReceiveCompleted
00011048   USBHID_handleSendCompleted
0001104c   USBHID_handleSetReport
00011050   USBHID_handleSetReportDataAvailable
0000d660   USBHID_sendReport
0000093d   USBIE
00002378   USBIEP0BUF
000023c9   USBIEPBBAX_1
000023d1   USBIEPBBAX_2
000023d9   USBIEPBBAX_3
000023e1   USBIEPBBAX_4
000023e9   USBIEPBBAX_5
000023f1   USBIEPBBAX_6
000023f9   USBIEPBBAX_7
000023cd   USBIEPBBAY_1
000023d5   USBIEPBBAY_2
000023dd   USBIEPBBAY_3
000023e5   USBIEPBBAY_4
000023ed   USBIEPBBAY_5
000023f5   USBIEPBBAY_6
000023fd   USBIEPBBAY_7
000023ca   USBIEPBCTX_1
000023d2   USBIEPBCTX_2
000023da   USBIEPBCTX_3
000023e2   USBIEPBCTX_4
000023ea   USBIEPBCTX_5
000023f2   USBIEPBCTX_6
000023fa   USBIEPBCTX_7
000023ce   USBIEPBCTY_1
000023d6   USBIEPBCTY_2
000023de   USBIEPBCTY_3
000023e6   USBIEPBCTY_4
000023ee   USBIEPBCTY_5
000023f6   USBIEPBCTY_6
000023fe   USBIEPBCTY_7
00000920   USBIEPCNF_0
000023c8   USBIEPCNF_1
000023d0   USBIEPCNF_2
000023d8   USBIEPCNF_3
000023e0   USBIEPCNF_4
000023e8   USBIEPCNF_5
000023f0   USBIEPCNF_6
000023f8   USBIEPCNF_7
00000921   USBIEPCNT_0
0000092e   USBIEPIE
00000930   USBIEPIFG
000023cf   USBIEPSIZXY_1
000023d7   USBIEPSIZXY_2
000023df   USBIEPSIZXY_3
000023e7   USBIEPSIZXY_4
000023ef   USBIEPSIZXY_5
000023f7   USBIEPSIZXY_6
000023ff   USBIEPSIZXY_7
0000093e   USBIFG
00000900   USBKEYID
00000901   USBKEYID_H
00000900   USBKEYID_L
00000936   USBMAINT
00000937   USBMAINT_H
00000936   USBMAINT_L
00006d26   USBMSC_bufferProcessed
00003be9   USBMSC_config
00011000   USBMSC_fetchInfoStruct
0000fea0   USBMSC_getState
00011054   USBMSC_handleBufferEvent
0000b4be   USBMSC_poll
0000f5b2   USBMSC_registerBufInfo
0000fb4e   USBMSC_reset
00009640   USBMSC_updateMediaInfo
00002370   USBOEP0BUF
00002389   USBOEPBBAX_1
00002391   USBOEPBBAX_2
00002399   USBOEPBBAX_3
000023a1   USBOEPBBAX_4
000023a9   USBOEPBBAX_5
000023b1   USBOEPBBAX_6
000023b9   USBOEPBBAX_7
0000238d   USBOEPBBAY_1
00002395   USBOEPBBAY_2
0000239d   USBOEPBBAY_3
000023a5   USBOEPBBAY_4
000023ad   USBOEPBBAY_5
000023b5   USBOEPBBAY_6
000023bd   USBOEPBBAY_7
0000238a   USBOEPBCTX_1
00002392   USBOEPBCTX_2
0000239a   USBOEPBCTX_3
000023a2   USBOEPBCTX_4
000023aa   USBOEPBCTX_5
000023b2   USBOEPBCTX_6
000023ba   USBOEPBCTX_7
0000238e   USBOEPBCTY_1
00002396   USBOEPBCTY_2
0000239e   USBOEPBCTY_3
000023a6   USBOEPBCTY_4
000023ae   USBOEPBCTY_5
000023b6   USBOEPBCTY_6
000023be   USBOEPBCTY_7
[...]
00000613   UCA1IRCTL_H
0000061c   UCA1ICTL
0000061c   UCA1ICTL_L
0000061d   UCA1ICTL_H
0000061e   UCA1IV
00000620   UCB1CTLW0
00000620   UCB1CTLW0_L
00000621   UCB1CTLW0_H
00000626   UCB1BRW
00000626   UCB1BRW_L
00000627   UCB1BRW_H
0000062a   UCB1STAT
0000062c   UCB1RXBUF
0000062e   UCB1TXBUF
00000630   UCB1I2COA
00000630   UCB1I2COA_L
00000631   UCB1I2COA_H
00000632   UCB1I2CSA
00000632   UCB1I2CSA_L
00000633   UCB1I2CSA_H
0000063c   UCB1ICTL
0000063c   UCB1ICTL_L
0000063d   UCB1ICTL_H
0000063e   UCB1IV
00000700   ADC12CTL0
00000700   ADC12CTL0_L
00000701   ADC12CTL0_H
00000702   ADC12CTL1
00000702   ADC12CTL1_L
00000703   ADC12CTL1_H
00000704   ADC12CTL2
00000704   ADC12CTL2_L
00000705   ADC12CTL2_H
0000070a   ADC12IFG
0000070a   ADC12IFG_L
0000070b   ADC12IFG_H
0000070c   ADC12IE
0000070c   ADC12IE_L
0000070d   ADC12IE_H
0000070e   ADC12IV
0000070e   ADC12IV_L
0000070f   ADC12IV_H
00000710   ADC12MCTL0
00000711   ADC12MCTL1
00000712   ADC12MCTL2
00000713   ADC12MCTL3
00000714   ADC12MCTL4
00000715   ADC12MCTL5
00000716   ADC12MCTL6
00000717   ADC12MCTL7
00000718   ADC12MCTL8
00000719   ADC12MCTL9
0000071a   ADC12MCTL10
0000071b   ADC12MCTL11
0000071c   ADC12MCTL12
0000071d   ADC12MCTL13
0000071e   ADC12MCTL14
0000071f   ADC12MCTL15
00000720   ADC12MEM0
00000720   ADC12MEM0_L
00000721   ADC12MEM0_H
00000722   ADC12MEM1
00000722   ADC12MEM1_L
00000723   ADC12MEM1_H
00000724   ADC12MEM2
00000724   ADC12MEM2_L
00000725   ADC12MEM2_H
00000726   ADC12MEM3
00000726   ADC12MEM3_L
00000727   ADC12MEM3_H
00000728   ADC12MEM4
00000728   ADC12MEM4_L
00000729   ADC12MEM4_H
0000072a   ADC12MEM5
0000072a   ADC12MEM5_L
0000072b   ADC12MEM5_H
0000072c   ADC12MEM6
0000072c   ADC12MEM6_L
0000072d   ADC12MEM6_H
0000072e   ADC12MEM7
0000072e   ADC12MEM7_L
0000072f   ADC12MEM7_H
00000730   ADC12MEM8
00000730   ADC12MEM8_L
00000731   ADC12MEM8_H
00000732   ADC12MEM9
00000732   ADC12MEM9_L
00000733   ADC12MEM9_H
00000734   ADC12MEM10
00000734   ADC12MEM10_L
00000735   ADC12MEM10_H
00000736   ADC12MEM11
00000736   ADC12MEM11_L
00000737   ADC12MEM11_H
00000738   ADC12MEM12
00000738   ADC12MEM12_L
00000739   ADC12MEM12_H
0000073a   ADC12MEM13
0000073a   ADC12MEM13_L
0000073b   ADC12MEM13_H
0000073c   ADC12MEM14
0000073c   ADC12MEM14_L
0000073d   ADC12MEM14_H
0000073e   ADC12MEM15
0000073e   ADC12MEM15_L
0000073f   ADC12MEM15_H
000008c0   CBCTL0
000008c0   CBCTL0_L
000008c1   CBCTL0_H
000008c2   CBCTL1
000008c2   CBCTL1_L
000008c3   CBCTL1_H
000008c4   CBCTL2
000008c4   CBCTL2_L
000008c5   CBCTL2_H
000008c6   CBCTL3
000008c6   CBCTL3_L
000008c7   CBCTL3_H
000008cc   CBINT
000008cc   CBINT_L
000008cd   CBINT_H
000008ce   CBIV
00000900   USBKEYID
00000900   USBKEYID_L
00000901   USBKEYID_H
00000902   USBCNF
00000902   USBCNF_L
00000903   USBCNF_H
00000904   USBPHYCTL
00000904   USBPHYCTL_L
00000905   USBPHYCTL_H
00000908   USBPWRCTL
00000908   USBPWRCTL_L
00000909   USBPWRCTL_H
00000910   USBPLLCTL
00000910   USBPLLCTL_L
00000911   USBPLLCTL_H
00000912   USBPLLDIVB
00000912   USBPLLDIVB_L
00000913   USBPLLDIVB_H
00000914   USBPLLIR
00000914   USBPLLIR_L
00000915   USBPLLIR_H
00000920   USBIEPCNF_0
00000920   tEndPoint0DescriptorBlock
00000921   USBIEPCNT_0
00000922   USBOEPCNF_0
00000923   USBOEPCNT_0
0000092e   USBIEPIE
0000092f   USBOEPIE
00000930   USBIEPIFG
00000931   USBOEPIFG
00000932   USBVECINT
00000932   USBVECINT_L
00000933   USBVECINT_H
00000936   USBMAINT
00000936   USBMAINT_L
00000937   USBMAINT_H
00000938   USBTSREG
00000938   USBTSREG_L
00000939   USBTSREG_H
0000093a   USBFN
0000093a   USBFN_L
0000093b   USBFN_H
0000093c   USBCTL
0000093d   USBIE
0000093e   USBIFG
0000093f   USBFUNADR
00001c00   USBSTABUFF
00001c00   pbXBufferAddressEp1
00001c40   pbYBufferAddressEp1
00001c80   pbXBufferAddressEp81
00001cc0   pbYBufferAddressEp81
00001d00   pbXBufferAddressEp2
00001d40   pbYBufferAddressEp2
00001d80   pbXBufferAddressEp82
00001dc0   pbYBufferAddressEp82
00001e00   pbXBufferAddressEp3
0000236f   USBTOPBUFF
00002370   USBOEP0BUF
00002370   abOEP0Buffer
00002378   USBIEP0BUF
00002378   abIEP0Buffer
00002380   USBSUBLK
00002380   tSetupPacket
00002388   USBOEPCNF_1
00002388   tOutputEndPointDescriptorBlock
00002389   USBOEPBBAX_1
0000238a   USBOEPBCTX_1
0000238d   USBOEPBBAY_1
0000238e   USBOEPBCTY_1
0000238f   USBOEPSIZXY_1
00002390   USBOEPCNF_2
00002391   USBOEPBBAX_2
00002392   USBOEPBCTX_2
00002395   USBOEPBBAY_2
00002396   USBOEPBCTY_2
00002397   USBOEPSIZXY_2
00002398   USBOEPCNF_3
00002399   USBOEPBBAX_3
0000239a   USBOEPBCTX_3
0000239d   USBOEPBBAY_3
0000239e   USBOEPBCTY_3
0000239f   USBOEPSIZXY_3
000023a0   USBOEPCNF_4
000023a1   USBOEPBBAX_4
000023a2   USBOEPBCTX_4
000023a5   USBOEPBBAY_4
000023a6   USBOEPBCTY_4
000023a7   USBOEPSIZXY_4
000023a8   USBOEPCNF_5
000023a9   USBOEPBBAX_5
000023aa   USBOEPBCTX_5
000023ad   USBOEPBBAY_5
000023ae   USBOEPBCTY_5
000023af   USBOEPSIZXY_5
000023b0   USBOEPCNF_6
000023b1   USBOEPBBAX_6
000023b2   USBOEPBCTX_6
000023b5   USBOEPBBAY_6
000023b6   USBOEPBCTY_6
000023b7   USBOEPSIZXY_6
000023b8   USBOEPCNF_7
000023b9   USBOEPBBAX_7
000023ba   USBOEPBCTX_7
000023bd   USBOEPBBAY_7
000023be   USBOEPBCTY_7
000023bf   USBOEPSIZXY_7
000023c8   USBIEPCNF_1
000023c8   tInputEndPointDescriptorBlock
000023c9   USBIEPBBAX_1
000023ca   USBIEPBCTX_1
000023cd   USBIEPBBAY_1
000023ce   USBIEPBCTY_1
000023cf   USBIEPSIZXY_1
000023d0   USBIEPCNF_2
000023d1   USBIEPBBAX_2
000023d2   USBIEPBCTX_2
000023d5   USBIEPBBAY_2
000023d6   USBIEPBCTY_2
000023d7   USBIEPSIZXY_2
000023d8   USBIEPCNF_3
000023d9   USBIEPBBAX_3
000023da   USBIEPBCTX_3
000023dd   USBIEPBBAY_3
000023de   USBIEPBCTY_3
000023df   USBIEPSIZXY_3
000023e0   USBIEPCNF_4
000023e1   USBIEPBBAX_4
000023e2   USBIEPBCTX_4
000023e5   USBIEPBBAY_4
000023e6   USBIEPBCTY_4
000023e7   USBIEPSIZXY_4
000023e8   USBIEPCNF_5
000023e9   USBIEPBBAX_5
000023ea   USBIEPBCTX_5
000023ed   USBIEPBBAY_5
000023ee   USBIEPBCTY_5
000023ef   USBIEPSIZXY_5
000023f0   USBIEPCNF_6
000023f1   USBIEPBBAX_6
000023f2   USBIEPBCTX_6
000023f5   USBIEPBBAY_6
000023f6   USBIEPBCTY_6
000023f7   USBIEPSIZXY_6
000023f8   USBIEPCNF_7
000023f9   USBIEPBBAX_7
000023fa   USBIEPBCTX_7
000023fd   USBIEPBBAY_7
000023fe   USBIEPBCTY_7
000023ff   USBIEPSIZXY_7
00002400   .bss
00002400   __bss__
00002400   frame
00002732   background
00002a62   offset
00002a64   mines
00002a74   missile
00002a76   explosions
00002a86   score
00002ab0   RW_dataBuf
00002eb0   DataCnt
00002eb2   logCnt
00002eb4   RWbuf_info
00002eb8   RWbuf
000030b8   mediaInfo
000030c4   dogs102x6Memory
000033f6   currentPage
000033f7   currentColumn
000033f8   backlight
000033f9   contrast
000033fa   drawmode
000033fc   Dogs102x6_initMacro
0000340c   names
000034d4   output
000034e6   path
00003518   pathLengths
00003522   nameLengths
00003554   numNames
00003555   namesIndex
00003556   listIndex
00003557   selectedIndex
00003558   selectedLength
0000355a   buff
0000365a   MscWriteControl
0000367c   MscReadControl
0000369a   MscControl
000036aa   sRwbuf
000036ce   McsCbw
000036ee   McsCsw
000036fc   MscState
00003710   Scsi_Standard_Inquiry_Data
00003810   RequestSenseResponse
00003830   Scsi_Read_Capacity_10
00003838   Scsi_Mode_Sense_6
0000383c   Scsi_Mode_Sense_10
00003844   Scsi_Read_Format_Capacity
00003850   cube_data
000038b0   cube_data_last
00003910   g_RotatedCube3D
00003a38   dataBuffer
00003abc   wBytesRemainingOnIEP0
00003abe   wBytesRemainingOnOEP0
00003aca   abUsbRequestReturnData
00003ad2   abUsbRequestIncomingData
00003ada   abramSerialStringDescriptor
00003afc   bStatusAction
00003afd   bFunctionSuspended
00003afe   bEnumerationStatus
00003b00   wUsbEventMask
00003b02   VERSION
00003b9c   hidProtocol
00003b9e   hidIdleRate
00003ba0   time
00003baa   timeOld
00003bb4   date
00003bbe   secondBCD
00003bbf   minuteBCD
00003bc0   hourBCD
00003bc1   secondOldBCD
00003bc2   minuteOldBCD
00003bc3   hourOldBCD
00003bc4   RTCExitSec
00003bc5   ClockY
00003bc6   ClockX
00003be9   USBMSC_config
00003c08   baseCnt
00003c12   measCnt
00003c1c   ctsStatusReg
00003c1e   GameData
00003c28   accelData
00003c29   RevID
00003c2a   Cma3000_xAccel
00003c2b   Cma3000_yAccel
00003c2c   Cma3000_zAccel
00003c2d   Cma3000_xAccel_offset
00003c2e   Cma3000_yAccel_offset
00003c2f   Cma3000_zAccel_offset
00003c30   USB_TX_memcpy
00003c34   USB_RX_memcpy
00003c38   _lock
00003c3c   _unlock
00003c40   __TI_cleanup_ptr
00003c44   __TI_dtors_ptr
00003c4e   mouseReport
00003c52   sendNewMousePosition
00003c53   bDetectCard
00003c54   buttonDebounce
00003c56   buttonsPressed
00003c58   positionData
00003c5a   positionDataOld
00003c60   INS
00003c63   leftPosition
00003c64   rightPosition
00003c66   timeoutCounter
00003c68   ActState
00003c69   __end__
00003c69   end
00004360   _stack
00004400   __STACK_END
00004400   iUsbInterruptHandler
0000459c   Timer_A1_CCR0_ISR
0000465a   Port1_ISR
00004696   Port2_ISR
000046d2   UNMI_ISR
00004708   _c_int00
00004708   _c_int00_noexit
00004732   WDT_ISR
0000474c   TIMER2_A0_ISR
00004764   ADC12_ISR
0000477a   RTC_ISR
00004790   __cinit__
00004790   cinit
000052c2   SetTime
00005b2a   RandomNumber
00005ff0   Rotate3DPointXYZ
000064aa   LaunchpadDef
00006918   MSCFromHostToBuffer
00006d26   USBMSC_bufferProcessed
000070e2   Simon
00007492   UpdateBackground
0000774a   MSCToHostFromBuffer
000079c6   TI_CAPT_Custom
00007c3e   MenuPMMMCLK
00007e84   f_open
000080a8   UpdateMissile
000082ba   USBCDC_receiveData
000084bc   Scsi_Cmd_Parser
000086aa   f_read
00008898   AnalogClockUpdate
00008a7c   SDCard
00008c46   UpdateMines
00008e04   DrawCube
00009168   CapDemo
0000930c   MeasurementMode
000094ac   put_fat
00009640   USBMSC_updateMediaInfo
000097d0   CdcToHostFromBuffer
00009ade   Dogs102x6_verticalLineDraw
00009dcc   HidToHostFromBuffer
00009f38   TI_CAPT_Slider
0000a09e   PowerMenu
0000a1fc   USB_reset
0000a358   f_sync
0000a4b4   HidToBufferFromHost
0000a60e   Dogs102x6_circleDraw
0000a766   Dogs102x6_charDrawXY
0000a8ac   get_fat
0000a9f2   Mouse
0000ab36   disk_initialize
0000ac72   Dogs102x6_lineDraw
0000adaa   ActiveFile
0000aede   EchoUSB
0000b010   GetDirectory
0000b140   CdcToBufferFromHost
0000b26e   main
0000b39c   Scsi_Inquiry
0000b4be   USBMSC_poll
0000b6fe   Scsi_Write10
0000b80a   AnalogClockDrawHand
0000b910   LowPowerMode4
0000ba14   USBCDC_intfStatus
0000bb0a   Scsi_Read10
0000bdda   DrawShip
0000bec2   Init_FLL
0000c092   disk_ioctl
0000c17a   Board_init
0000c25e   TI_CTS_fRO_COMPB_TA1_SW_HAL
0000c33c   LowPowerMode3
0000c418   SetValues
0000c4f4   USB_InitSerialStringDescriptor
0000c5ce   f_opendir
0000c6a6   CapLED
0000c77c   SDDisplay
0000c852   Check_CBW
0000c926   Demo_Cube
0000c9f8   DigitalClockUpdate
0000caca   Scsi_Request_Sense
0000cc66   disk_write
0000cd2c   Dogs102x6_horizontalLineDraw
0000cdf0   LowPowerMode0
0000ceb2   MassStorage
0000cf70   Dominant_Element
0000d0e4   AnalogClockInit
0000d19a   RotateCube
0000d250   UpdateField
0000d3b6   ActiveDirectory
0000d466   Dogs102x6_writeData
0000d512   DrawExplosions
0000d5bc   MenuLPM
0000d660   USBHID_sendReport
0000d7a8   Menu_active
0000d84a   USBCDC_bytesInUSBBuffer
0000d8ec   disk_read
0000d98c   USBCDC_sendData
0000da28   Cma3000_init
0000dac2   USB_connectionState
0000db58   usbDecodeAndProcessUsbRequest
0000dc7a   USB_enable
0000dd08   CalibrateAccel
0000de20   Dogs102x6_charDraw
0000deaa   validateCSD
0000df30   CopyUsbToBuff
0000dfb4   HidCopyUsbToBuff
0000e038   Dogs102x6_pixelDraw
0000e0ba   usbClearEndpointFeature
0000e13c   ContrastSetting
0000e1bc   Version
0000e2b8   Dogs102x6_stringDraw
0000e332   Dogs102x6_init
0000e3aa   Scsi_Unknown_Request
0000e422   GetFile
0000e498   BacklightSetting
0000e50c   FSM_InitGame
0000e580   MscCopyUsbToBuff
0000e5f4   usbGetEndpointStatus
0000e668   usbSendNextPacketOnIEP0
0000e6dc   read_LUN0
0000e74c   cdcSendDataInBackground
0000e7ba   write_LUN0
0000e894   DemoApp
0000e8fe   MscSendData
0000e9d2   DrawImage
0000ea3a   FSM_Button
0000eaa2   FSM_Down
0000eb0a   FSM_Right
0000eb72   FSM_Up
0000ebda   FSM_Win
0000ec42   Dogs102x6_setAddress
0000eca8   DisplayDigitalClock
0000ed0c   Handler_SetLineCoding
0000ed70   Reset_RequestSenseResponse
0000edd4   WriteFlashSettings
0000ee38   f_readdir
0000ee9c   Get_TLV_Info
0000eefe   USB_init
0000ef60   usbGetLineCoding
0000efc2   Msc_ResetStruct
0000f022   Settings
0000f082   ClearTempData
0000f0e0   _auto_init
0000f13e   FSM_Left
0000f19a   DisablePorts
0000f1f4   Scsi_Mode_Sense10
0000f24e   Scsi_Mode_Sense6
0000f2a8   Scsi_Verify_CBW
0000f302   checkInsertionRemoval
0000f35c   msc_Init
0000f3b6   __divul
0000f3b6   __remul
0000f40e   ClockMenu
0000f464   Wheel_getValue
0000f4ba   strrev
0000f562   FSM_StartGame
0000f5b2   USBMSC_registerBufInfo
0000f602   itoa
0000f652   msc_Loop
0000f6a2   Board_ledOff
0000f6f0   Board_ledOn
0000f73e   Board_ledToggle
0000f7da   MenuGames
0000f826   OEP0InterruptHandler
0000f872   StartPuzzle
0000f8be   usbGetStringDescriptor
0000f90a   Cma3000_readRegister
0000f954   Cma3000_writeRegister
0000f99e   SDCard_init
0000f9e8   Dogs102x6_clearImage
0000fa30   Dogs102x6_stringDrawXY
0000fa78   die
0000fac0   usbReceiveNextPacketOnOEP0
0000fb08   Demo_Cube1
0000fb4e   USBMSC_reset
0000fb94   SetupPacketInterruptHandler
0000fbd8   usbSetEndpointFeature
0000fc1c   usbSetInterface
0000fc60   ClockUSB
0000fca2   PWRVBUSoffHandler
0000fce4   CdcResetData
0000fd24   Cma3000_readAccel
0000fd64   Dogs102x6_imageDraw
0000fda4   cdcReceiveDataInBuffer
0000fde4   rand
0000fe24   Dogs102x6_setBacklight
0000fe62   Dogs102x6_writeCommand
0000fea0   USBMSC_getState
0000fede   clust2sect
0000ff1c   L_ASR_15
0000ff20   L_ASR_14
0000ff24   L_ASR_13
0000ff28   L_ASR_12
0000ff2c   L_ASR_11
0000ff30   L_ASR_10
0000ff34   L_ASR_9
0000ff38   L_ASR_8
0000ff3c   L_ASR_7
0000ff40   L_ASR_6
0000ff44   L_ASR_5
0000ff48   L_ASR_4
0000ff4c   L_ASR_3
0000ff50   L_ASR_2
0000ff54   L_ASR_1
0000ff5a   Wheel_init
0000ffd2   __TI_int41
0000ffd4   __TI_int42
0000ffd8   __TI_int44
0000ffde   __TI_int47
0000ffe2   __TI_int49
0000ffe6   __TI_int51
0000ffec   __TI_int54
0000fff2   __TI_int57
0000fffa   __TI_int61
0000fffe   _reset_vector
00010000   L_LSL_15
00010004   L_LSL_14
00010008   L_LSL_13
0001000c   L_LSL_12
00010010   L_LSL_11
00010014   L_LSL_10
00010018   L_LSL_9
0001001c   L_LSL_8
00010020   L_LSL_7
00010024   L_LSL_6
00010028   L_LSL_5
0001002c   L_LSL_4
00010030   L_LSL_3
00010034   L_LSL_2
00010038   L_LSL_1
0001003e   L_LSR_15
00010042   L_LSR_14
00010046   L_LSR_13
0001004a   L_LSR_12
0001004e   L_LSR_11
00010052   L_LSR_10
00010056   L_LSR_9
0001005a   L_LSR_8
0001005e   L_LSR_7
00010062   L_LSR_6
00010066   L_LSR_5
0001006a   L_LSR_4
0001006e   L_LSR_3
00010072   L_LSR_2
00010076   L_LSR_1
0001007c   Scsi_Send_CSW
000100b8   SetupRTC
000100f4   TI_CAPT_Buttons
0001012e   XT2_Start_Timeout
00010168   DigitalClockDraw
000101a0   Dogs102x6_clearRow
000101d8   SetVCore
00010210   Dogs102x6_clearScreen
00010246   LEDTest
0001027c   LFXT_Start
000102b2   Wheel_getPosition
000102e8   SDCard_readFrame
0001031c   CdcIsReceiveInProgress
0001034e   Dogs102x6_setContrast
00010380   HidIsReceiveInProgress
000103b2   Init_FLL_Settle
000103e4   Scsi_Read_Capacity10
00010416   USB_connectionInfo
00010448   USB_suspend
000104ac   Dogs102x6_backlightInit
000104dc   Msc_ResetStateMachine
0001050c   PWRVBUSonHandler
0001053c   detectCard
0001056c   usbSetReport
0001059c   HidResetData
000105ca   MscResetData
000105f8   XT2_Start
00010626   f_mount
00010654   usbSetIdle
00010682   usbStallEndpoint
000106b0   DisplayAnalogClock
000106dc   memcpyDMA0
00010708   __divi
00010708   __remi
00010734   usbGetDeviceStatus
0001078c   SDCard_sendFrame
000107b6   memcpy
000107e0   usbGetIdle
0001080a   SET_RequestsenseMediaNotPresent
00010832   SET_RequestsenseNotReady
0001085a   Scsi_Report_Luns
00010882   USB_initMemcpy
000108aa   usbGetReport
000108d0   usbGetReportDescriptor
000108f6   usbSetProtocol
0001091c   Cma3000_disable
00010940   Dogs102x6_disable
00010964   RandomAddEntropy
00010988   usbGetHidDescriptor
000109ac   ACTIVE_MODE_TEST
000109ce   USB_disable
000109f0   __mpyl_f5hw
00010a12   usbSetAddress
00010a34   FSM_PushDown
00010a54   FSM_PushRight
00010a74   FSM_PushUp
00010a94   disk_status
00010ab4   memset
00010ad4   usbSendDataPacketOnEP0
00010af4   usbSetConfiguration
00010b32   usbGetInterface
00010b50   usbGetInterfaceStatus
00010b6e   Dogs102x6_refresh
00010b8a   IEP0InterruptHandler
00010ba6   FSM_PushLeft
00010bc0   Get_MaxLUN
00010bda   USB_connect
00010bf4   __mpyul_f5hw
00010c0e   usbClearDeviceFeature
00010c28   usbDisableInEndpointInterrupt
00010c42   usbDisableOutEndpointInterrupt
00010c5c   usbSetDeviceFeature
00010c76   Cma3000_readAccel_offset
00010c8e   USB_resume
00010cbe   usbStallOutEndpoint
00010cd6   Dogs102x6_clearInverseDisplay
00010cec   Dogs102x6_setInverseDisplay
00010d02   FSM_StopGame
00010d18   Scsi_Test_Unit_Ready
00010d44   f_close
00010d5a   __divu
00010d5a   __remu
00010d70   __mpyi_f5hw
00010d86   srand
00010d9c   usbGetConfigurationDescriptor
00010db2   usbGetDeviceDescriptor
00010dc8   usbGetProtocol
00010dde   TimerA1Init
00010df2   USB_handleVbusOnEvent
00010e1a   usbClearOEPByteCount
00010e2e   usbGetConfiguration
00010e42   usbSetControlLineState
00010e56   usbStallInEndpoint
00010e6a   Buttons_interruptEnable
00010e7c   SDCard_fastMode
00010eb2   L_ROTL
00010ec4   usbReceiveDataPacketOnEP0
00010ed6   Buttons_startWDT
00010ee6   TI_CAPT_Init_Baseline
00010ef6   TimerA1Stop
00010f06   Wheel_disable
00010f16   Wheel_enable
00010f26   L_LSL
00010f36   Buttons_init
00010f44   Cma3000_setAccel_offset
00010f52   TI_CAPT_Raw
00010f60   usbInvalidRequest
00010f6e   usbSendZeroLengthPacketOnIEP0
00010f7c   MscResetCtrlLun
00010f88   usbSetLineCoding
00010f94   _system_pre_init
00010f9e   get_fattime
00010fa8   I_ASR
00010fb2   I_LSL
00010fbc   I_LSR
00010fc6   usbStallEndpoint0
00010fd0   SDCard_setCSHigh
00010fd8   SDCard_setCSLow
00010fe0   USB_setEnabledEvents
00010fe8   Dogs102x6_getBacklight
00010fee   Dogs102x6_getContrast
00010ff4   FSM_Init
00010ffa   Msc_ResetFlags
00011000   USBMSC_fetchInfoStruct
00011006   USB_getVersion
0001100c   usbClearOEP0ByteCount
00011012   usbRestoreInEndpointInterrupt
00011018   usbRestoreOutEndpointInterrupt
0001101e   usbStallOEP0
00011024   USBCDC_handleDataReceived
00011028   USBCDC_handleReceiveCompleted
0001102c   USBCDC_handleSendCompleted
00011030   USBCDC_handleSetControlLineState
00011034   USBCDC_handleSetLineCoding
00011038   USBHID_handleBootProtocol
0001103c   USBHID_handleDataReceived
00011040   USBHID_handleGetReport
00011044   USBHID_handleReceiveCompleted
00011048   USBHID_handleSendCompleted
0001104c   USBHID_handleSetReport
00011050   USBHID_handleSetReportDataAvailable
00011054   USBMSC_handleBufferEvent
00011058   USB_handleClockEvent
0001105c   USB_handleEnumCompleteEvent
00011060   USB_handleResetEvent
00011064   USB_handleResumeEvent
00011068   USB_handleSuspendEvent
0001106c   USB_handleVbusOffEvent
00011070   C$$EXIT
00011070   abort
0001107c   _nop
0001107e   FIXED_SIN
000114b6   TIusb
000117e8   digitalWatch
000124d8   tUsbRequestList
0001266e   StateTable
00012b70   Cube3D
00012ea6   abromStringDescriptor
000133c4   abromConfigurationDescriptorGroup
00013528   element0
0001352e   element1
00013534   element2
0001353a   element3
00013540   element4
00013546   slider
00013642   report_desc_HID0
00013676   stUsbHandle
000136f6   bScsi_Standard_Inquiry_Data
000137b2   Game_explosion
00013820   abromDeviceDescriptor
00013832   GamePos
00013854   Report_Luns
00013884   usbMouseText
000138a0   Game_ship
000138aa   Game_explosion4
000138b4   Game_mine2
000138bc   Game_explosion3
000138c4   Game_mine1
000138ca   Game_explosion2
000138d4   report_desc
000138e0   Game_explosion1
000138e6   BYTES_PER_BLOCK
000138ee   report_desc_size
000138f0   report_len_input
ffffffff   .text
ffffffff   __binit__
ffffffff   __c_args__
ffffffff   __etext__
ffffffff   __pinit__
ffffffff   __text__
ffffffff   binit
ffffffff   etext
ffffffff   pinit

[1306 symbols]
